Component: ARM Compiler 5.06 update 5 (build 528) Tool: armlink [4d35e2]

==============================================================================

Section Cross References

    main.o(i.HAL_TIM_PeriodElapsedCallback) refers to stm32h7xx_hal.o(i.HAL_IncTick) for HAL_IncTick
    main.o(i.PeriphCommonClock_Config) refers to memseta.o(.text) for __aeabi_memclr4
    main.o(i.PeriphCommonClock_Config) refers to stm32h7xx_hal_rcc_ex.o(i.HAL_RCCEx_PeriphCLKConfig) for HAL_RCCEx_PeriphCLKConfig
    main.o(i.SystemClock_Config) refers to memseta.o(.text) for __aeabi_memclr4
    main.o(i.SystemClock_Config) refers to stm32h7xx_hal_pwr_ex.o(i.HAL_PWREx_ConfigSupply) for HAL_PWREx_ConfigSupply
    main.o(i.SystemClock_Config) refers to stm32h7xx_hal_rcc.o(i.HAL_RCC_OscConfig) for HAL_RCC_OscConfig
    main.o(i.SystemClock_Config) refers to stm32h7xx_hal_rcc.o(i.HAL_RCC_ClockConfig) for HAL_RCC_ClockConfig
    main.o(i.main) refers to stm32h7xx_hal.o(i.HAL_Init) for HAL_Init
    main.o(i.main) refers to main.o(i.SystemClock_Config) for SystemClock_Config
    main.o(i.main) refers to main.o(i.PeriphCommonClock_Config) for PeriphCommonClock_Config
    main.o(i.main) refers to gpio.o(i.MX_GPIO_Init) for MX_GPIO_Init
    main.o(i.main) refers to dma.o(i.MX_DMA_Init) for MX_DMA_Init
    main.o(i.main) refers to spi.o(i.MX_SPI2_Init) for MX_SPI2_Init
    main.o(i.main) refers to fdcan.o(i.MX_FDCAN1_Init) for MX_FDCAN1_Init
    main.o(i.main) refers to fdcan.o(i.MX_FDCAN2_Init) for MX_FDCAN2_Init
    main.o(i.main) refers to tim.o(i.MX_TIM3_Init) for MX_TIM3_Init
    main.o(i.main) refers to fdcan.o(i.MX_FDCAN3_Init) for MX_FDCAN3_Init
    main.o(i.main) refers to usart.o(i.MX_USART1_UART_Init) for MX_USART1_UART_Init
    main.o(i.main) refers to usart.o(i.MX_UART5_Init) for MX_UART5_Init
    main.o(i.main) refers to usart.o(i.MX_USART10_UART_Init) for MX_USART10_UART_Init
    main.o(i.main) refers to crc.o(i.MX_CRC_Init) for MX_CRC_Init
    main.o(i.main) refers to rng.o(i.MX_RNG_Init) for MX_RNG_Init
    main.o(i.main) refers to adc.o(i.MX_ADC1_Init) for MX_ADC1_Init
    main.o(i.main) refers to usart.o(i.MX_UART7_Init) for MX_UART7_Init
    main.o(i.main) refers to tim.o(i.MX_TIM1_Init) for MX_TIM1_Init
    main.o(i.main) refers to tim.o(i.MX_TIM2_Init) for MX_TIM2_Init
    main.o(i.main) refers to tim.o(i.MX_TIM12_Init) for MX_TIM12_Init
    main.o(i.main) refers to adc.o(i.MX_ADC3_Init) for MX_ADC3_Init
    main.o(i.main) refers to octospi.o(i.MX_OCTOSPI2_Init) for MX_OCTOSPI2_Init
    main.o(i.main) refers to usb_device.o(i.MX_USB_DEVICE_Init) for MX_USB_DEVICE_Init
    main.o(i.main) refers to bsp_dwt.o(i.DWT_Init) for DWT_Init
    main.o(i.main) refers to bsp_flash.o(i.flash_init) for flash_init
    main.o(i.main) refers to calibrate_task.o(i.cali_param_init) for cali_param_init
    main.o(i.main) refers to bmi088driver.o(i.BMI088_init) for BMI088_init
    main.o(i.main) refers to stm32h7xx_hal_gpio.o(i.HAL_GPIO_WritePin) for HAL_GPIO_WritePin
    main.o(i.main) refers to can_bsp.o(i.FDCAN1_Config) for FDCAN1_Config
    main.o(i.main) refers to can_bsp.o(i.FDCAN2_Config) for FDCAN2_Config
    main.o(i.main) refers to can_bsp.o(i.FDCAN3_Config) for FDCAN3_Config
    main.o(i.main) refers to stm32h7xx_hal_uart.o(i.HAL_UART_Receive_IT) for HAL_UART_Receive_IT
    main.o(i.main) refers to stm32h7xx_hal_uart_ex.o(i.HAL_UARTEx_ReceiveToIdle_DMA) for HAL_UARTEx_ReceiveToIdle_DMA
    main.o(i.main) refers to stm32h7xx_hal_adc_ex.o(i.HAL_ADCEx_Calibration_Start) for HAL_ADCEx_Calibration_Start
    main.o(i.main) refers to stm32h7xx_hal_adc.o(i.HAL_ADC_Start_DMA) for HAL_ADC_Start_DMA
    main.o(i.main) refers to stm32h7xx_hal_adc.o(i.HAL_ADC_Start) for HAL_ADC_Start
    main.o(i.main) refers to fifo.o(i.fifo_s_init) for fifo_s_init
    main.o(i.main) refers to main.o(i.proto_init_from_main) for proto_init_from_main
    main.o(i.main) refers to freertos.o(i.MX_FREERTOS_Init) for MX_FREERTOS_Init
    main.o(i.main) refers to cmsis_os.o(i.osKernelStart) for osKernelStart
    main.o(i.main) refers to spi.o(.bss) for hspi2
    main.o(i.main) refers to bsp_usart.o(.bss) for usart7_buf
    main.o(i.main) refers to usart.o(.bss) for huart7
    main.o(i.main) refers to bsp_usart.o(.bss) for usart10_buf
    main.o(i.main) refers to adc.o(.bss) for hadc3
    main.o(i.main) refers to main.o(.data) for .data
    main.o(i.main) refers to bsp_usart.o(.bss) for referee_fifo_buf
    main.o(i.main) refers to bsp_usart.o(.bss) for referee_fifo
    main.o(i.proto_init_from_main) refers to usb_cdc_port.o(i.usb_cdc_port_get_ops) for usb_cdc_port_get_ops
    main.o(i.proto_init_from_main) refers to uproto.o(i.uproto_init) for uproto_init
    main.o(i.proto_init_from_main) refers to main.o(.constdata) for .constdata
    main.o(i.proto_init_from_main) refers to main.o(.bss) for .bss
    main.o(i.proto_time_now) refers to stm32h7xx_hal.o(i.HAL_GetTick) for HAL_GetTick
    main.o(.constdata) refers to main.o(i.proto_time_now) for proto_time_now
[...]
    0x080051ec   0x080051ec   0x00000002   Code   RO        11975    i.HAL_FDCAN_TxBufferCompleteCallback  stm32h7xx_hal_fdcan.o
    0x080051ee   0x080051ee   0x00000002   Code   RO        11976    i.HAL_FDCAN_TxEventFifoCallback  stm32h7xx_hal_fdcan.o
    0x080051f0   0x080051f0   0x00000002   Code   RO        11977    i.HAL_FDCAN_TxFifoEmptyCallback  stm32h7xx_hal_fdcan.o
    0x080051f2   0x080051f2   0x00000002   PAD
    0x080051f4   0x080051f4   0x00000160   Code   RO         9374    i.HAL_GPIO_DeInit   stm32h7xx_hal_gpio.o
    0x08005354   0x08005354   0x0000021c   Code   RO         9377    i.HAL_GPIO_Init     stm32h7xx_hal_gpio.o
    0x08005570   0x08005570   0x0000000a   Code   RO         9381    i.HAL_GPIO_WritePin  stm32h7xx_hal_gpio.o
    0x0800557a   0x0800557a   0x00000002   PAD
    0x0800557c   0x0800557c   0x0000000c   Code   RO        10383    i.HAL_GetTick       stm32h7xx_hal.o
    0x08005588   0x08005588   0x00000010   Code   RO        10389    i.HAL_IncTick       stm32h7xx_hal.o
    0x08005598   0x08005598   0x0000005c   Code   RO        10390    i.HAL_Init          stm32h7xx_hal.o
    0x080055f4   0x080055f4   0x0000008c   Code   RO         1398    i.HAL_InitTick      stm32h7xx_hal_timebase_tim.o
    0x08005680   0x08005680   0x00000024   Code   RO         1374    i.HAL_MspInit       stm32h7xx_hal_msp.o
    0x080056a4   0x080056a4   0x0000001a   Code   RO        10225    i.HAL_NVIC_EnableIRQ  stm32h7xx_hal_cortex.o
    0x080056be   0x080056be   0x00000002   PAD
    0x080056c0   0x080056c0   0x00000040   Code   RO        10231    i.HAL_NVIC_SetPriority  stm32h7xx_hal_cortex.o
    0x08005700   0x08005700   0x00000024   Code   RO        10232    i.HAL_NVIC_SetPriorityGrouping  stm32h7xx_hal_cortex.o
    0x08005724   0x08005724   0x00000024   Code   RO        10233    i.HAL_NVIC_SystemReset  stm32h7xx_hal_cortex.o
    0x08005748   0x08005748   0x00000418   Code   RO        12496    i.HAL_OSPIM_Config  stm32h7xx_hal_ospi.o
    0x08005b60   0x08005b60   0x000000aa   Code   RO        12500    i.HAL_OSPI_AutoPolling  stm32h7xx_hal_ospi.o
    0x08005c0a   0x08005c0a   0x000000a4   Code   RO        12503    i.HAL_OSPI_Command  stm32h7xx_hal_ospi.o
    0x08005cae   0x08005cae   0x00000030   Code   RO        12505    i.HAL_OSPI_DeInit   stm32h7xx_hal_ospi.o
    0x08005cde   0x08005cde   0x00000002   PAD
    0x08005ce0   0x08005ce0   0x00000108   Code   RO        12514    i.HAL_OSPI_Init     stm32h7xx_hal_ospi.o
    0x08005de8   0x08005de8   0x00000060   Code   RO          944    i.HAL_OSPI_MspDeInit  octospi.o
    0x08005e48   0x08005e48   0x00000150   Code   RO          945    i.HAL_OSPI_MspInit  octospi.o
    0x08005f98   0x08005f98   0x000000ac   Code   RO        12518    i.HAL_OSPI_Receive  stm32h7xx_hal_ospi.o
    0x08006044   0x08006044   0x00000086   Code   RO        12527    i.HAL_OSPI_Transmit  stm32h7xx_hal_ospi.o
    0x080060ca   0x080060ca   0x00000002   PAD
    0x080060cc   0x080060cc   0x00000028   Code   RO         8528    i.HAL_PCDEx_ActivateLPM  stm32h7xx_hal_pcd_ex.o
    0x080060f4   0x080060f4   0x00000002   Code   RO         8533    i.HAL_PCDEx_LPM_Callback  stm32h7xx_hal_pcd_ex.o
    0x080060f6   0x080060f6   0x00000008   Code   RO         8534    i.HAL_PCDEx_SetRxFiFo  stm32h7xx_hal_pcd_ex.o
    0x080060fe   0x080060fe   0x00000046   Code   RO         8535    i.HAL_PCDEx_SetTxFiFo  stm32h7xx_hal_pcd_ex.o
    0x08006144   0x08006144   0x00000008   Code   RO        15499    i.HAL_PCD_ConnectCallback  usbd_conf.o
    0x0800614c   0x0800614c   0x00000012   Code   RO        15500    i.HAL_PCD_DataInStageCallback  usbd_conf.o
    0x0800615e   0x0800615e   0x00000014   Code   RO        15501    i.HAL_PCD_DataOutStageCallback  usbd_conf.o
    0x08006172   0x08006172   0x00000008   Code   RO        15502    i.HAL_PCD_DisconnectCallback  usbd_conf.o
    0x0800617a   0x0800617a   0x0000001e   Code   RO         8304    i.HAL_PCD_EP_Abort  stm32h7xx_hal_pcd.o
    0x08006198   0x08006198   0x0000004c   Code   RO         8305    i.HAL_PCD_EP_Close  stm32h7xx_hal_pcd.o
    0x080061e4   0x080061e4   0x0000005c   Code   RO         8306    i.HAL_PCD_EP_ClrStall  stm32h7xx_hal_pcd.o
    0x08006240   0x08006240   0x00000012   Code   RO         8308    i.HAL_PCD_EP_GetRxCount  stm32h7xx_hal_pcd.o
    0x08006252   0x08006252   0x00000060   Code   RO         8309    i.HAL_PCD_EP_Open   stm32h7xx_hal_pcd.o
    0x080062b2   0x080062b2   0x00000034   Code   RO         8310    i.HAL_PCD_EP_Receive  stm32h7xx_hal_pcd.o
    0x080062e6   0x080062e6   0x00000074   Code   RO         8311    i.HAL_PCD_EP_SetStall  stm32h7xx_hal_pcd.o
    0x0800635a   0x0800635a   0x00000034   Code   RO         8312    i.HAL_PCD_EP_Transmit  stm32h7xx_hal_pcd.o
    0x0800638e   0x0800638e   0x00000002   PAD
    0x08006390   0x08006390   0x0000059c   Code   RO         8314    i.HAL_PCD_IRQHandler  stm32h7xx_hal_pcd.o
    0x0800692c   0x0800692c   0x00000008   Code   RO        15503    i.HAL_PCD_ISOINIncompleteCallback  usbd_conf.o
    0x08006934   0x08006934   0x00000008   Code   RO        15504    i.HAL_PCD_ISOOUTIncompleteCallback  usbd_conf.o
    0x0800693c   0x0800693c   0x000000f2   Code   RO         8317    i.HAL_PCD_Init      stm32h7xx_hal_pcd.o
    0x08006a2e   0x08006a2e   0x00000002   PAD
    0x08006a30   0x08006a30   0x00000064   Code   RO        15506    i.HAL_PCD_MspInit   usbd_conf.o
    0x08006a94   0x08006a94   0x0000002c   Code   RO        15507    i.HAL_PCD_ResetCallback  usbd_conf.o
    0x08006ac0   0x08006ac0   0x00000008   Code   RO        15508    i.HAL_PCD_ResumeCallback  usbd_conf.o
    0x08006ac8   0x08006ac8   0x00000008   Code   RO        15509    i.HAL_PCD_SOFCallback  usbd_conf.o
    0x08006ad0   0x08006ad0   0x00000028   Code   RO         8323    i.HAL_PCD_SetAddress  stm32h7xx_hal_pcd.o
    0x08006af8   0x08006af8   0x0000000e   Code   RO        15510    i.HAL_PCD_SetupStageCallback  usbd_conf.o
    0x08006b06   0x08006b06   0x00000042   Code   RO         8326    i.HAL_PCD_Start     stm32h7xx_hal_pcd.o
    0x08006b48   0x08006b48   0x00000030   Code   RO        15511    i.HAL_PCD_SuspendCallback  usbd_conf.o
    0x08006b78   0x08006b78   0x00000054   Code   RO         9978    i.HAL_PWREx_ConfigSupply  stm32h7xx_hal_pwr_ex.o
    0x08006bcc   0x08006bcc   0x00000010   Code   RO         9995    i.HAL_PWREx_EnableUSBVoltageDetector  stm32h7xx_hal_pwr_ex.o
    0x08006bdc   0x08006bdc   0x00000024   Code   RO         9020    i.HAL_RCCEx_GetD3PCLK1Freq  stm32h7xx_hal_rcc_ex.o
    0x08006c00   0x08006c00   0x00000148   Code   RO         9021    i.HAL_RCCEx_GetPLL1ClockFreq  stm32h7xx_hal_rcc_ex.o
    0x08006d48   0x08006d48   0x00000144   Code   RO         9022    i.HAL_RCCEx_GetPLL2ClockFreq  stm32h7xx_hal_rcc_ex.o
    0x08006e8c   0x08006e8c   0x00000144   Code   RO         9023    i.HAL_RCCEx_GetPLL3ClockFreq  stm32h7xx_hal_rcc_ex.o
    0x08006fd0   0x08006fd0   0x0000029c   Code   RO         9025    i.HAL_RCCEx_GetPeriphCLKFreq  stm32h7xx_hal_rcc_ex.o
    0x0800726c   0x0800726c   0x0000093a   Code   RO         9029    i.HAL_RCCEx_PeriphCLKConfig  stm32h7xx_hal_rcc_ex.o
    0x08007ba6   0x08007ba6   0x00000002   PAD
    0x08007ba8   0x08007ba8   0x0000025c   Code   RO         8905    i.HAL_RCC_ClockConfig  stm32h7xx_hal_rcc.o
    0x08007e04   0x08007e04   0x0000005c   Code   RO         8909    i.HAL_RCC_GetClockConfig  stm32h7xx_hal_rcc.o
    0x08007e60   0x08007e60   0x00000044   Code   RO         8910    i.HAL_RCC_GetHCLKFreq  stm32h7xx_hal_rcc.o
    0x08007ea4   0x08007ea4   0x00000024   Code   RO         8912    i.HAL_RCC_GetPCLK1Freq  stm32h7xx_hal_rcc.o
    0x08007ec8   0x08007ec8   0x00000024   Code   RO         8913    i.HAL_RCC_GetPCLK2Freq  stm32h7xx_hal_rcc.o
    0x08007eec   0x08007eec   0x00000138   Code   RO         8914    i.HAL_RCC_GetSysClockFreq  stm32h7xx_hal_rcc.o
    0x08008024   0x08008024   0x00000526   Code   RO         8917    i.HAL_RCC_OscConfig  stm32h7xx_hal_rcc.o
    0x0800854a   0x0800854a   0x00000002   PAD
    0x0800854c   0x0800854c   0x000000e0   Code   RO        12767    i.HAL_RNG_Init      stm32h7xx_hal_rng.o
    0x0800862c   0x0800862c   0x0000004c   Code   RO          987    i.HAL_RNG_MspInit   rng.o
    0x08008678   0x08008678   0x00000002   Code   RO        12905    i.HAL_SPI_ErrorCallback  stm32h7xx_hal_spi.o
    0x0800867a   0x0800867a   0x00000002   PAD
    0x0800867c   0x0800867c   0x00000224   Code   RO        12908    i.HAL_SPI_IRQHandler  stm32h7xx_hal_spi.o
    0x080088a0   0x080088a0   0x0000017c   Code   RO        12909    i.HAL_SPI_Init      stm32h7xx_hal_spi.o
    0x08008a1c   0x08008a1c   0x00000130   Code   RO         1029    i.HAL_SPI_MspInit   spi.o
    0x08008b4c   0x08008b4c   0x00000002   Code   RO        12915    i.HAL_SPI_RxCpltCallback  stm32h7xx_hal_spi.o
    0x08008b4e   0x08008b4e   0x00000002   Code   RO        12917    i.HAL_SPI_SuspendCallback  stm32h7xx_hal_spi.o
    0x08008b50   0x08008b50   0x0000027c   Code   RO        12919    i.HAL_SPI_TransmitReceive  stm32h7xx_hal_spi.o
    0x08008dcc   0x08008dcc   0x00000002   Code   RO        12924    i.HAL_SPI_TxCpltCallback  stm32h7xx_hal_spi.o
    0x08008dce   0x08008dce   0x00000002   Code   RO        12926    i.HAL_SPI_TxRxCpltCallback  stm32h7xx_hal_spi.o
    0x08008dd0   0x08008dd0   0x00000002   Code   RO         7992    i.HAL_TIMEx_Break2Callback  stm32h7xx_hal_tim_ex.o
    0x08008dd2   0x08008dd2   0x00000002   Code   RO         7993    i.HAL_TIMEx_BreakCallback  stm32h7xx_hal_tim_ex.o
    0x08008dd4   0x08008dd4   0x00000002   Code   RO         7994    i.HAL_TIMEx_CommutCallback  stm32h7xx_hal_tim_ex.o
    0x08008dd6   0x08008dd6   0x00000002   PAD
    0x08008dd8   0x08008dd8   0x000000c4   Code   RO         7996    i.HAL_TIMEx_ConfigBreakDeadTime  stm32h7xx_hal_tim_ex.o
    0x08008e9c   0x08008e9c   0x000000b8   Code   RO         8015    i.HAL_TIMEx_MasterConfigSynchronization  stm32h7xx_hal_tim_ex.o
    0x08008f54   0x08008f54   0x00000062   Code   RO         7278    i.HAL_TIM_Base_Init  stm32h7xx_hal_tim.o
    0x08008fb6   0x08008fb6   0x00000002   PAD
    0x08008fb8   0x08008fb8   0x00000034   Code   RO         1071    i.HAL_TIM_Base_MspInit  tim.o
    0x08008fec   0x08008fec   0x000000a0   Code   RO         7283    i.HAL_TIM_Base_Start_IT  stm32h7xx_hal_tim.o
    0x0800908c   0x0800908c   0x000000fc   Code   RO         7287    i.HAL_TIM_ConfigClockSource  stm32h7xx_hal_tim.o
    0x08009188   0x08009188   0x00000002   Code   RO         7312    i.HAL_TIM_IC_CaptureCallback  stm32h7xx_hal_tim.o
    0x0800918a   0x0800918a   0x00000182   Code   RO         7326    i.HAL_TIM_IRQHandler  stm32h7xx_hal_tim.o
    0x0800930c   0x0800930c   0x000000d0   Code   RO         1072    i.HAL_TIM_MspPostInit  tim.o
    0x080093dc   0x080093dc   0x00000002   Code   RO         7329    i.HAL_TIM_OC_DelayElapsedCallback  stm32h7xx_hal_tim.o
    0x080093de   0x080093de   0x00000124   Code   RO         7350    i.HAL_TIM_PWM_ConfigChannel  stm32h7xx_hal_tim.o
    0x08009502   0x08009502   0x00000062   Code   RO         7353    i.HAL_TIM_PWM_Init  stm32h7xx_hal_tim.o
    0x08009564   0x08009564   0x00000040   Code   RO         1074    i.HAL_TIM_PWM_MspInit  tim.o
    0x080095a4   0x080095a4   0x00000002   Code   RO         7356    i.HAL_TIM_PWM_PulseFinishedCallback  stm32h7xx_hal_tim.o
    0x080095a6   0x080095a6   0x00000002   PAD
    0x080095a8   0x080095a8   0x00000124   Code   RO         7358    i.HAL_TIM_PWM_Start  stm32h7xx_hal_tim.o
    0x080096cc   0x080096cc   0x00000014   Code   RO            5    i.HAL_TIM_PeriodElapsedCallback  main.o
    0x080096e0   0x080096e0   0x00000002   Code   RO         7369    i.HAL_TIM_TriggerCallback  stm32h7xx_hal_tim.o
    0x080096e2   0x080096e2   0x00000040   Code   RO        13647    i.HAL_UARTEx_DisableFifoMode  stm32h7xx_hal_uart_ex.o
    0x08009722   0x08009722   0x00000004   Code   RO        13651    i.HAL_UARTEx_GetRxEventType  stm32h7xx_hal_uart_ex.o
    0x08009726   0x08009726   0x0000004a   Code   RO        13653    i.HAL_UARTEx_ReceiveToIdle_DMA  stm32h7xx_hal_uart_ex.o
    0x08009770   0x08009770   0x000000ac   Code   RO         5791    i.HAL_UARTEx_RxEventCallback  bsp_usart.o
    0x0800981c   0x0800981c   0x00000002   Code   RO        13655    i.HAL_UARTEx_RxFifoFullCallback  stm32h7xx_hal_uart_ex.o
    0x0800981e   0x0800981e   0x0000004c   Code   RO        13656    i.HAL_UARTEx_SetRxFifoThreshold  stm32h7xx_hal_uart_ex.o
    0x0800986a   0x0800986a   0x0000004c   Code   RO        13657    i.HAL_UARTEx_SetTxFifoThreshold  stm32h7xx_hal_uart_ex.o
    0x080098b6   0x080098b6   0x00000002   Code   RO        13659    i.HAL_UARTEx_TxFifoEmptyCallback  stm32h7xx_hal_uart_ex.o
    0x080098b8   0x080098b8   0x00000002   Code   RO        13660    i.HAL_UARTEx_WakeupCallback  stm32h7xx_hal_uart_ex.o
    0x080098ba   0x080098ba   0x00000002   PAD
    0x080098bc   0x080098bc   0x00000088   Code   RO         5792    i.HAL_UART_ErrorCallback  bsp_usart.o
    0x08009944   0x08009944   0x00000388   Code   RO        13255    i.HAL_UART_IRQHandler  stm32h7xx_hal_uart.o
    0x08009ccc   0x08009ccc   0x0000006a   Code   RO        13256    i.HAL_UART_Init     stm32h7xx_hal_uart.o
    0x08009d36   0x08009d36   0x00000002   PAD
    0x08009d38   0x08009d38   0x00000318   Code   RO         1149    i.HAL_UART_MspInit  usart.o
    0x0800a050   0x0800a050   0x00000048   Code   RO        13261    i.HAL_UART_Receive_IT  stm32h7xx_hal_uart.o
    0x0800a098   0x0800a098   0x00000002   Code   RO        13263    i.HAL_UART_RxCpltCallback  stm32h7xx_hal_uart.o
    0x0800a09a   0x0800a09a   0x00000002   Code   RO        13264    i.HAL_UART_RxHalfCpltCallback  stm32h7xx_hal_uart.o
    0x0800a09c   0x0800a09c   0x000000b0   Code   RO        13265    i.HAL_UART_Transmit  stm32h7xx_hal_uart.o
    0x0800a14c   0x0800a14c   0x00000002   Code   RO         5793    i.HAL_UART_TxCpltCallback  bsp_usart.o
    0x0800a14e   0x0800a14e   0x00000002   PAD
    0x0800a150   0x0800a150   0x00000110   Code   RO         6921    i.H_K_R_Adjustment  kalman_filter.o
    0x0800a260   0x0800a260   0x00000006   Code   RO         1221    i.HardFault_Handler  stm32h7xx_it.o
    0x0800a266   0x0800a266   0x00000002   PAD
    0x0800a268   0x0800a268   0x000000a0   Code   RO         1439    i.IMU_TempCtrl      ins_task.o
    0x0800a308   0x0800a308   0x00000034   Code   RO         1440    i.INS_Init          ins_task.o
    0x0800a33c   0x0800a33c   0x00000288   Code   RO         1443    i.INS_task          ins_task.o
    0x0800a5c4   0x0800a5c4   0x00000078   Code   RO         3864    i.Initial_position_safety_check  multi-axis_robotic_arm.o
    0x0800a63c   0x0800a63c   0x00000038   Code   RO        15341    i.IntToUnicode      usbd_desc.o
    0x0800a674   0x0800a674   0x00000048   Code   RO         6923    i.Kalman_Filter_Measure  kalman_filter.o
    0x0800a6bc   0x0800a6bc   0x0000006a   Code   RO         6924    i.Kalman_Filter_P_Update  kalman_filter.o
    0x0800a726   0x0800a726   0x0000006c   Code   RO         6925    i.Kalman_Filter_PminusUpdate  kalman_filter.o
    0x0800a792   0x0800a792   0x000000ca   Code   RO         6926    i.Kalman_Filter_SetK  kalman_filter.o
    0x0800a85c   0x0800a85c   0x000000e8   Code   RO         6927    i.Kalman_Filter_Update  kalman_filter.o
    0x0800a944   0x0800a944   0x00000074   Code   RO         6928    i.Kalman_Filter_xhatMinusUpdate  kalman_filter.o
    0x0800a9b8   0x0800a9b8   0x00000084   Code   RO         6929    i.Kalman_Filter_xhatUpdate  kalman_filter.o
    0x0800aa3c   0x0800aa3c   0x0000000c   Code   RO        11335    i.LL_ADC_GetOffsetChannel  stm32h7xx_hal_adc.o
    0x0800aa48   0x0800aa48   0x00000008   Code   RO        11336    i.LL_ADC_INJ_IsConversionOngoing  stm32h7xx_hal_adc.o
    0x0800aa50   0x0800aa50   0x00000008   Code   RO        11337    i.LL_ADC_REG_IsConversionOngoing  stm32h7xx_hal_adc.o
    0x0800aa58   0x0800aa58   0x00000008   Code   RO        11568    i.LL_ADC_REG_IsConversionOngoing  stm32h7xx_hal_adc_ex.o
    0x0800aa60   0x0800aa60   0x00000010   Code   RO        11338    i.LL_ADC_REG_IsTriggerSourceSWStart  stm32h7xx_hal_adc.o
    0x0800aa70   0x0800aa70   0x0000001e   Code   RO        11340    i.LL_ADC_SetChannelSamplingTime  stm32h7xx_hal_adc.o
    0x0800aa8e   0x0800aa8e   0x00000002   PAD
    0x0800aa90   0x0800aa90   0x00000018   Code   RO        11341    i.LL_ADC_SetOffsetState  stm32h7xx_hal_adc.o
    0x0800aaa8   0x0800aaa8   0x00000028   Code   RO         3173    i.LightTask_Init    light_task.o
    0x0800aad0   0x0800aad0   0x000000c8   Code   RO         5414    i.MITFdbData        can_bsp.o
    0x0800ab98   0x0800ab98   0x00000094   Code   RO          768    i.MX_ADC1_Init      adc.o
    0x0800ac2c   0x0800ac2c   0x00000080   Code   RO          769    i.MX_ADC3_Init      adc.o
    0x0800acac   0x0800acac   0x00000030   Code   RO          822    i.MX_CRC_Init       crc.o
    0x0800acdc   0x0800acdc   0x0000008c   Code   RO          862    i.MX_DMA_Init       dma.o
    0x0800ad68   0x0800ad68   0x00000074   Code   RO          891    i.MX_FDCAN1_Init    fdcan.o
    0x0800addc   0x0800addc   0x00000074   Code   RO          892    i.MX_FDCAN2_Init    fdcan.o
    0x0800ae50   0x0800ae50   0x0000006c   Code   RO          893    i.MX_FDCAN3_Init    fdcan.o
    0x0800aebc   0x0800aebc   0x000000b0   Code   RO          601    i.MX_FREERTOS_Init  freertos.o
    0x0800af6c   0x0800af6c   0x0000011c   Code   RO          423    i.MX_GPIO_Init      gpio.o
    0x0800b088   0x0800b088   0x00000090   Code   RO          946    i.MX_OCTOSPI2_Init  octospi.o
    0x0800b118   0x0800b118   0x00000028   Code   RO          988    i.MX_RNG_Init       rng.o
    0x0800b140   0x0800b140   0x00000064   Code   RO         1030    i.MX_SPI2_Init      spi.o
    0x0800b1a4   0x0800b1a4   0x00000074   Code   RO         1075    i.MX_TIM12_Init     tim.o
    0x0800b218   0x0800b218   0x000000d4   Code   RO         1076    i.MX_TIM1_Init      tim.o
    0x0800b2ec   0x0800b2ec   0x000000a0   Code   RO         1077    i.MX_TIM2_Init      tim.o
    0x0800b38c   0x0800b38c   0x00000074   Code   RO         1078    i.MX_TIM3_Init      tim.o
    0x0800b400   0x0800b400   0x0000006c   Code   RO         1150    i.MX_UART5_Init     usart.o
    0x0800b46c   0x0800b46c   0x00000068   Code   RO         1151    i.MX_UART7_Init     usart.o
    0x0800b4d4   0x0800b4d4   0x00000068   Code   RO         1152    i.MX_USART10_UART_Init  usart.o
    0x0800b53c   0x0800b53c   0x00000068   Code   RO         1153    i.MX_USART1_UART_Init  usart.o
    0x0800b5a4   0x0800b5a4   0x00000054   Code   RO        15303    i.MX_USB_DEVICE_Init  usb_device.o
    0x0800b5f8   0x0800b5f8   0x00000002   Code   RO         1222    i.MemManage_Handler  stm32h7xx_it.o
    0x0800b5fa   0x0800b5fa   0x00000002   PAD
    0x0800b5fc   0x0800b5fc   0x0000000c   Code   RO         5417    i.Motor_enable      can_bsp.o
    0x0800b608   0x0800b608   0x00000002   Code   RO         1223    i.NMI_Handler       stm32h7xx_it.o
    0x0800b60a   0x0800b60a   0x00000002   PAD
    0x0800b60c   0x0800b60c   0x000000dc   Code   RO        12532    i.OSPIM_GetConfig   stm32h7xx_hal_ospi.o
    0x0800b6e8   0x0800b6e8   0x000001d4   Code   RO        12533    i.OSPI_ConfigCmd    stm32h7xx_hal_ospi.o
    0x0800b8bc   0x0800b8bc   0x0000006c   Code   RO         6105    i.OSPI_W25Qxx_AutoPollingMemReady  w25q64.o
    0x0800b928   0x0800b928   0x0000001c   Code   RO         6109    i.OSPI_W25Qxx_Init  w25q64.o
    0x0800b944   0x0800b944   0x00000074   Code   RO         6111    i.OSPI_W25Qxx_ReadBuffer  w25q64.o
    0x0800b9b8   0x0800b9b8   0x00000064   Code   RO         6112    i.OSPI_W25Qxx_ReadID  w25q64.o
    0x0800ba1c   0x0800ba1c   0x0000005c   Code   RO         6113    i.OSPI_W25Qxx_SectorErase  w25q64.o
    0x0800ba78   0x0800ba78   0x00000048   Code   RO         6114    i.OSPI_W25Qxx_WriteBuffer  w25q64.o
    0x0800bac0   0x0800bac0   0x0000009c   Code   RO         6115    i.OSPI_W25Qxx_WriteEnable  w25q64.o
    0x0800bb5c   0x0800bb5c   0x0000007c   Code   RO         6116    i.OSPI_W25Qxx_WritePage  w25q64.o
    0x0800bbd8   0x0800bbd8   0x00000048   Code   RO        12537    i.OSPI_WaitFlagStateUntilTimeout  stm32h7xx_hal_ospi.o
    0x0800bc20   0x0800bc20   0x0000000c   Code   RO         1224    i.OTG_HS_IRQHandler  stm32h7xx_it.o
    0x0800bc2c   0x0800bc2c   0x000000cc   Code   RO         8329    i.PCD_EP_OutXfrComplete_int  stm32h7xx_hal_pcd.o
    0x0800bcf8   0x0800bcf8   0x000000a2   Code   RO         8330    i.PCD_WriteEmptyTxFifo  stm32h7xx_hal_pcd.o
    0x0800bd9a   0x0800bd9a   0x00000002   PAD
    0x0800bd9c   0x0800bd9c   0x0000014c   Code   RO         7162    i.PID_Calc          pid.o
    0x0800bee8   0x0800bee8   0x00000040   Code   RO         7163    i.PID_clear         pid.o
    0x0800bf28   0x0800bf28   0x0000005c   Code   RO         7164    i.PID_init          pid.o
    0x0800bf84   0x0800bf84   0x00000044   Code   RO            6    i.PeriphCommonClock_Config  main.o
    0x0800bfc8   0x0800bfc8   0x00000120   Code   RO         9032    i.RCCEx_PLL2_Config  stm32h7xx_hal_rcc_ex.o
    0x0800c0e8   0x0800c0e8   0x00000120   Code   RO         9033    i.RCCEx_PLL3_Config  stm32h7xx_hal_rcc_ex.o
    0x0800c208   0x0800c208   0x00000160   Code   RO         2636    i.RC_cmd_to_calibrate  calibrate_task.o
    0x0800c368   0x0800c368   0x000000ae   Code   RO         6784    i.RotationMatrix_update  mahony_filter.o
    0x0800c416   0x0800c416   0x00000002   PAD
    0x0800c418   0x0800c418   0x0000000c   Code   RO         1225    i.SPI2_IRQHandler   stm32h7xx_it.o
    0x0800c424   0x0800c424   0x000000bc   Code   RO        12929    i.SPI_CloseTransfer  stm32h7xx_hal_spi.o
    0x0800c4e0   0x0800c4e0   0x0000001a   Code   RO        12930    i.SPI_DMAAbortOnError  stm32h7xx_hal_spi.o
    0x0800c4fa   0x0800c4fa   0x00000002   PAD
    0x0800c4fc   0x0800c4fc   0x00000046   Code   RO        12946    i.SPI_WaitOnFlagUntilTimeout  stm32h7xx_hal_spi.o
    0x0800c542   0x0800c542   0x0000000a   Code   RO        15873    i.SWAPBYTE          usbd_ctlreq.o
    0x0800c54c   0x0800c54c   0x0000000c   Code   RO          602    i.StartDefaultTask  freertos.o
    0x0800c558   0x0800c558   0x0000002c   Code   RO        15224    i.SysTick_Handler   port.o
    0x0800c584   0x0800c584   0x00000098   Code   RO            7    i.SystemClock_Config  main.o
    0x0800c61c   0x0800c61c   0x000000c0   Code   RO        14027    i.SystemInit        system_stm32h7xx.o
    0x0800c6dc   0x0800c6dc   0x0000000c   Code   RO         1226    i.TIM6_DAC_IRQHandler  stm32h7xx_it.o
    0x0800c6e8   0x0800c6e8   0x000000d8   Code   RO         7371    i.TIM_Base_SetConfig  stm32h7xx_hal_tim.o
    0x0800c7c0   0x0800c7c0   0x0000001a   Code   RO         7372    i.TIM_CCxChannelCmd  stm32h7xx_hal_tim.o
    0x0800c7da   0x0800c7da   0x00000012   Code   RO         7382    i.TIM_ETR_SetConfig  stm32h7xx_hal_tim.o
    0x0800c7ec   0x0800c7ec   0x00000014   Code   RO         7383    i.TIM_ITRx_SetConfig  stm32h7xx_hal_tim.o
    0x0800c800   0x0800c800   0x000000a8   Code   RO         7384    i.TIM_OC1_SetConfig  stm32h7xx_hal_tim.o
    0x0800c8a8   0x0800c8a8   0x00000098   Code   RO         7385    i.TIM_OC2_SetConfig  stm32h7xx_hal_tim.o
    0x0800c940   0x0800c940   0x00000098   Code   RO         7386    i.TIM_OC3_SetConfig  stm32h7xx_hal_tim.o
    0x0800c9d8   0x0800c9d8   0x00000078   Code   RO         7387    i.TIM_OC4_SetConfig  stm32h7xx_hal_tim.o
    0x0800ca50   0x0800ca50   0x00000074   Code   RO         7388    i.TIM_OC5_SetConfig  stm32h7xx_hal_tim.o
    0x0800cac4   0x0800cac4   0x00000074   Code   RO         7389    i.TIM_OC6_SetConfig  stm32h7xx_hal_tim.o
    0x0800cb38   0x0800cb38   0x00000022   Code   RO         7391    i.TIM_TI1_ConfigInputStage  stm32h7xx_hal_tim.o
    0x0800cb5a   0x0800cb5a   0x00000024   Code   RO         7393    i.TIM_TI2_ConfigInputStage  stm32h7xx_hal_tim.o
    0x0800cb7e   0x0800cb7e   0x00000002   PAD
    0x0800cb80   0x0800cb80   0x0000000c   Code   RO         1227    i.UART5_IRQHandler  stm32h7xx_it.o
    0x0800cb8c   0x0800cb8c   0x0000000c   Code   RO         1228    i.UART7_IRQHandler  stm32h7xx_it.o
    0x0800cb98   0x0800cb98   0x00000044   Code   RO        13661    i.UARTEx_SetNbDataToProcess  stm32h7xx_hal_uart_ex.o
    0x0800cbdc   0x0800cbdc   0x000000c8   Code   RO        13270    i.UART_AdvFeatureConfig  stm32h7xx_hal_uart.o
    0x0800cca4   0x0800cca4   0x000000aa   Code   RO        13271    i.UART_CheckIdleState  stm32h7xx_hal_uart.o
    0x0800cd4e   0x0800cd4e   0x00000014   Code   RO        13272    i.UART_DMAAbortOnError  stm32h7xx_hal_uart.o
    0x0800cd62   0x0800cd62   0x0000004e   Code   RO        13273    i.UART_DMAError     stm32h7xx_hal_uart.o
    0x0800cdb0   0x0800cdb0   0x00000082   Code   RO        13274    i.UART_DMAReceiveCplt  stm32h7xx_hal_uart.o
    0x0800ce32   0x0800ce32   0x00000020   Code   RO        13276    i.UART_DMARxHalfCplt  stm32h7xx_hal_uart.o
    0x0800ce52   0x0800ce52   0x00000002   PAD
    0x0800ce54   0x0800ce54   0x00000054   Code   RO        13282    i.UART_EndRxTransfer  stm32h7xx_hal_uart.o
    0x0800cea8   0x0800cea8   0x0000002e   Code   RO        13283    i.UART_EndTxTransfer  stm32h7xx_hal_uart.o
    0x0800ced6   0x0800ced6   0x00000002   PAD
    0x0800ced8   0x0800ced8   0x000000c8   Code   RO        13284    i.UART_RxISR_16BIT  stm32h7xx_hal_uart.o
    0x0800cfa0   0x0800cfa0   0x000001a0   Code   RO        13285    i.UART_RxISR_16BIT_FIFOEN  stm32h7xx_hal_uart.o
    0x0800d140   0x0800d140   0x000000c8   Code   RO        13286    i.UART_RxISR_8BIT   stm32h7xx_hal_uart.o
    0x0800d208   0x0800d208   0x000001a0   Code   RO        13287    i.UART_RxISR_8BIT_FIFOEN  stm32h7xx_hal_uart.o
    0x0800d3a8   0x0800d3a8   0x000003dc   Code   RO        13288    i.UART_SetConfig    stm32h7xx_hal_uart.o
    0x0800d784   0x0800d784   0x000000a8   Code   RO        13289    i.UART_Start_Receive_DMA  stm32h7xx_hal_uart.o
    0x0800d82c   0x0800d82c   0x00000110   Code   RO        13290    i.UART_Start_Receive_IT  stm32h7xx_hal_uart.o
    0x0800d93c   0x0800d93c   0x0000008c   Code   RO        13295    i.UART_WaitOnFlagUntilTimeout  stm32h7xx_hal_uart.o
    0x0800d9c8   0x0800d9c8   0x0000000c   Code   RO         1229    i.USART10_IRQHandler  stm32h7xx_it.o
    0x0800d9d4   0x0800d9d4   0x0000000c   Code   RO         1230    i.USART1_IRQHandler  stm32h7xx_it.o
    0x0800d9e0   0x0800d9e0   0x00000010   Code   RO         5798    i.USART7_Transmit   bsp_usart.o
    0x0800d9f0   0x0800d9f0   0x00000076   Code   RO        16014    i.USBD_CDC_DataIn   usbd_cdc.o
    0x0800da66   0x0800da66   0x0000003c   Code   RO        16015    i.USBD_CDC_DataOut  usbd_cdc.o
    0x0800daa2   0x0800daa2   0x00000002   PAD
    0x0800daa4   0x0800daa4   0x00000090   Code   RO        16016    i.USBD_CDC_DeInit   usbd_cdc.o
    0x0800db34   0x0800db34   0x00000036   Code   RO        16017    i.USBD_CDC_EP0_RxReady  usbd_cdc.o
    0x0800db6a   0x0800db6a   0x00000002   PAD
    0x0800db6c   0x0800db6c   0x0000000c   Code   RO        16018    i.USBD_CDC_GetDeviceQualifierDescriptor  usbd_cdc.o
    0x0800db78   0x0800db78   0x00000040   Code   RO        16019    i.USBD_CDC_GetFSCfgDesc  usbd_cdc.o
    0x0800dbb8   0x0800dbb8   0x00000040   Code   RO        16020    i.USBD_CDC_GetHSCfgDesc  usbd_cdc.o
    0x0800dbf8   0x0800dbf8   0x00000040   Code   RO        16021    i.USBD_CDC_GetOtherSpeedCfgDesc  usbd_cdc.o
    0x0800dc38   0x0800dc38   0x0000011c   Code   RO        16022    i.USBD_CDC_Init     usbd_cdc.o
    0x0800dd54   0x0800dd54   0x00000038   Code   RO        16023    i.USBD_CDC_ReceivePacket  usbd_cdc.o
    0x0800dd8c   0x0800dd8c   0x00000016   Code   RO        16024    i.USBD_CDC_RegisterInterface  usbd_cdc.o
    0x0800dda2   0x0800dda2   0x0000001a   Code   RO        16025    i.USBD_CDC_SetRxBuffer  usbd_cdc.o
    0x0800ddbc   0x0800ddbc   0x0000001e   Code   RO        16026    i.USBD_CDC_SetTxBuffer  usbd_cdc.o
    0x0800ddda   0x0800ddda   0x000000ce   Code   RO        16027    i.USBD_CDC_Setup    usbd_cdc.o
    0x0800dea8   0x0800dea8   0x00000050   Code   RO        16028    i.USBD_CDC_TransmitPacket  usbd_cdc.o
    0x0800def8   0x0800def8   0x00000014   Code   RO        15710    i.USBD_ClrClassConfig  usbd_core.o
    0x0800df0c   0x0800df0c   0x00000004   Code   RO        15711    i.USBD_CoreFindEP   usbd_core.o
    0x0800df10   0x0800df10   0x00000004   Code   RO        15712    i.USBD_CoreFindIF   usbd_core.o
    0x0800df14   0x0800df14   0x00000010   Code   RO        15950    i.USBD_CtlContinueRx  usbd_ioreq.o
    0x0800df24   0x0800df24   0x00000010   Code   RO        15951    i.USBD_CtlContinueSendData  usbd_ioreq.o
    0x0800df34   0x0800df34   0x00000016   Code   RO        15874    i.USBD_CtlError     usbd_ctlreq.o
    0x0800df4a   0x0800df4a   0x0000001e   Code   RO        15952    i.USBD_CtlPrepareRx  usbd_ioreq.o
    0x0800df68   0x0800df68   0x00000016   Code   RO        15953    i.USBD_CtlReceiveStatus  usbd_ioreq.o
    0x0800df7e   0x0800df7e   0x0000001a   Code   RO        15954    i.USBD_CtlSendData  usbd_ioreq.o
    0x0800df98   0x0800df98   0x00000016   Code   RO        15955    i.USBD_CtlSendStatus  usbd_ioreq.o
    0x0800dfae   0x0800dfae   0x000000fa   Code   RO        15875    i.USBD_GetDescriptor  usbd_ctlreq.o
    0x0800e0a8   0x0800e0a8   0x0000003a   Code   RO        15714    i.USBD_GetEpDesc    usbd_core.o
    0x0800e0e2   0x0800e0e2   0x0000000e   Code   RO        15715    i.USBD_GetNextDesc  usbd_core.o
    0x0800e0f0   0x0800e0f0   0x0000004a   Code   RO        15876    i.USBD_GetString    usbd_ctlreq.o
    0x0800e13a   0x0800e13a   0x00000018   Code   RO        15512    i.USBD_Get_USB_Status  usbd_conf.o
    0x0800e152   0x0800e152   0x00000002   PAD
    0x0800e154   0x0800e154   0x00000020   Code   RO        15342    i.USBD_HS_ConfigStrDescriptor  usbd_desc.o
    0x0800e174   0x0800e174   0x0000000c   Code   RO        15343    i.USBD_HS_DeviceDescriptor  usbd_desc.o
    0x0800e180   0x0800e180   0x00000024   Code   RO        15344    i.USBD_HS_InterfaceStrDescriptor  usbd_desc.o
    0x0800e1a4   0x0800e1a4   0x0000000c   Code   RO        15345    i.USBD_HS_LangIDStrDescriptor  usbd_desc.o
    0x0800e1b0   0x0800e1b0   0x00000028   Code   RO        15346    i.USBD_HS_ManufacturerStrDescriptor  usbd_desc.o
    0x0800e1d8   0x0800e1d8   0x0000002c   Code   RO        15347    i.USBD_HS_ProductStrDescriptor  usbd_desc.o
    0x0800e204   0x0800e204   0x0000003c   Code   RO        15348    i.USBD_HS_SerialStrDescriptor  usbd_desc.o
    0x0800e240   0x0800e240   0x00000026   Code   RO        15716    i.USBD_Init         usbd_core.o
    0x0800e266   0x0800e266   0x00000012   Code   RO        15513    i.USBD_LL_ClearStallEP  usbd_conf.o
    0x0800e278   0x0800e278   0x00000012   Code   RO        15514    i.USBD_LL_CloseEP   usbd_conf.o
    0x0800e28a   0x0800e28a   0x000000b8   Code   RO        15717    i.USBD_LL_DataInStage  usbd_core.o
    0x0800e342   0x0800e342   0x00000090   Code   RO        15718    i.USBD_LL_DataOutStage  usbd_core.o
    0x0800e3d2   0x0800e3d2   0x00000004   Code   RO        15719    i.USBD_LL_DevConnected  usbd_core.o
    0x0800e3d6   0x0800e3d6   0x00000020   Code   RO        15720    i.USBD_LL_DevDisconnected  usbd_core.o
    0x0800e3f6   0x0800e3f6   0x00000008   Code   RO        15518    i.USBD_LL_GetRxDataSize  usbd_conf.o
    0x0800e3fe   0x0800e3fe   0x00000002   PAD
    0x0800e400   0x0800e400   0x00000068   Code   RO        15519    i.USBD_LL_Init      usbd_conf.o
    0x0800e468   0x0800e468   0x00000020   Code   RO        15520    i.USBD_LL_IsStallEP  usbd_conf.o
    0x0800e488   0x0800e488   0x00000028   Code   RO        15721    i.USBD_LL_IsoINIncomplete  usbd_core.o
    0x0800e4b0   0x0800e4b0   0x00000028   Code   RO        15722    i.USBD_LL_IsoOUTIncomplete  usbd_core.o
    0x0800e4d8   0x0800e4d8   0x00000018   Code   RO        15521    i.USBD_LL_OpenEP    usbd_conf.o
    0x0800e4f0   0x0800e4f0   0x00000012   Code   RO        15522    i.USBD_LL_PrepareReceive  usbd_conf.o
    0x0800e502   0x0800e502   0x0000005e   Code   RO        15723    i.USBD_LL_Reset     usbd_core.o
    0x0800e560   0x0800e560   0x00000014   Code   RO        15724    i.USBD_LL_Resume    usbd_core.o
    0x0800e574   0x0800e574   0x0000001a   Code   RO        15725    i.USBD_LL_SOF       usbd_core.o
    0x0800e58e   0x0800e58e   0x00000006   Code   RO        15726    i.USBD_LL_SetSpeed  usbd_core.o
    0x0800e594   0x0800e594   0x00000012   Code   RO        15523    i.USBD_LL_SetUSBAddress  usbd_conf.o
    0x0800e5a6   0x0800e5a6   0x00000060   Code   RO        15727    i.USBD_LL_SetupStage  usbd_core.o
    0x0800e606   0x0800e606   0x00000012   Code   RO        15524    i.USBD_LL_StallEP   usbd_conf.o
    0x0800e618   0x0800e618   0x00000012   Code   RO        15525    i.USBD_LL_Start     usbd_conf.o
    0x0800e62a   0x0800e62a   0x0000001a   Code   RO        15728    i.USBD_LL_Suspend   usbd_core.o
    0x0800e644   0x0800e644   0x00000012   Code   RO        15527    i.USBD_LL_Transmit  usbd_conf.o
    0x0800e656   0x0800e656   0x0000002a   Code   RO        15877    i.USBD_ParseSetupRequest  usbd_ctlreq.o
    0x0800e680   0x0800e680   0x0000003a   Code   RO        15729    i.USBD_RegisterClass  usbd_core.o
    0x0800e6ba   0x0800e6ba   0x00000014   Code   RO        15731    i.USBD_SetClassConfig  usbd_core.o
    0x0800e6ce   0x0800e6ce   0x00000002   PAD
    0x0800e6d0   0x0800e6d0   0x000000bc   Code   RO        15878    i.USBD_SetConfig    usbd_ctlreq.o
    0x0800e78c   0x0800e78c   0x00000004   Code   RO        15732    i.USBD_Start        usbd_core.o
    0x0800e790   0x0800e790   0x0000012e   Code   RO        15879    i.USBD_StdDevReq    usbd_ctlreq.o
    0x0800e8be   0x0800e8be   0x00000164   Code   RO        15880    i.USBD_StdEPReq     usbd_ctlreq.o
    0x0800ea22   0x0800ea22   0x00000074   Code   RO        15881    i.USBD_StdItfReq    usbd_ctlreq.o
    0x0800ea96   0x0800ea96   0x00000002   Code   RO        15528    i.USBD_static_free  usbd_conf.o
    0x0800ea98   0x0800ea98   0x00000008   Code   RO        15529    i.USBD_static_malloc  usbd_conf.o
    0x0800eaa0   0x0800eaa0   0x00000080   Code   RO         8600    i.USB_ActivateEndpoint  stm32h7xx_ll_usb.o
    0x0800eb20   0x0800eb20   0x0000001c   Code   RO         8602    i.USB_ActivateSetup  stm32h7xx_ll_usb.o
    0x0800eb3c   0x0800eb3c   0x00000088   Code   RO         8604    i.USB_CoreInit      stm32h7xx_ll_usb.o
    0x0800ebc4   0x0800ebc4   0x00000040   Code   RO         8605    i.USB_CoreReset     stm32h7xx_ll_usb.o
    0x0800ec04   0x0800ec04   0x000000cc   Code   RO         8608    i.USB_DeactivateEndpoint  stm32h7xx_ll_usb.o
    0x0800ecd0   0x0800ecd0   0x0000001c   Code   RO         8609    i.USB_DevConnect    stm32h7xx_ll_usb.o
    0x0800ecec   0x0800ecec   0x0000001c   Code   RO         8610    i.USB_DevDisconnect  stm32h7xx_ll_usb.o
    0x0800ed08   0x0800ed08   0x00000178   Code   RO         8611    i.USB_DevInit       stm32h7xx_ll_usb.o
    0x0800ee80   0x0800ee80   0x0000000c   Code   RO         8612    i.USB_DisableGlobalInt  stm32h7xx_ll_usb.o
    0x0800ee8c   0x0800ee8c   0x00000058   Code   RO         8615    i.USB_EP0_OutStart  stm32h7xx_ll_usb.o
    0x0800eee4   0x0800eee4   0x00000058   Code   RO         8616    i.USB_EPClearStall  stm32h7xx_ll_usb.o
    0x0800ef3c   0x0800ef3c   0x00000058   Code   RO         8617    i.USB_EPSetStall    stm32h7xx_ll_usb.o
    0x0800ef94   0x0800ef94   0x00000238   Code   RO         8618    i.USB_EPStartXfer   stm32h7xx_ll_usb.o
    0x0800f1cc   0x0800f1cc   0x0000009e   Code   RO         8619    i.USB_EPStopXfer    stm32h7xx_ll_usb.o
    0x0800f26a   0x0800f26a   0x0000000c   Code   RO         8620    i.USB_EnableGlobalInt  stm32h7xx_ll_usb.o
    0x0800f276   0x0800f276   0x00000002   PAD
    0x0800f278   0x0800f278   0x0000003c   Code   RO         8621    i.USB_FlushRxFifo   stm32h7xx_ll_usb.o
    0x0800f2b4   0x0800f2b4   0x00000040   Code   RO         8622    i.USB_FlushTxFifo   stm32h7xx_ll_usb.o
    0x0800f2f4   0x0800f2f4   0x0000001a   Code   RO         8624    i.USB_GetDevSpeed   stm32h7xx_ll_usb.o
    0x0800f30e   0x0800f30e   0x00000008   Code   RO         8626    i.USB_GetMode       stm32h7xx_ll_usb.o
    0x0800f316   0x0800f316   0x0000000e   Code   RO         8634    i.USB_ReadDevAllInEpInterrupt  stm32h7xx_ll_usb.o
    0x0800f324   0x0800f324   0x0000000e   Code   RO         8635    i.USB_ReadDevAllOutEpInterrupt  stm32h7xx_ll_usb.o
    0x0800f332   0x0800f332   0x00000024   Code   RO         8636    i.USB_ReadDevInEPInterrupt  stm32h7xx_ll_usb.o
    0x0800f356   0x0800f356   0x00000010   Code   RO         8637    i.USB_ReadDevOutEPInterrupt  stm32h7xx_ll_usb.o
    0x0800f366   0x0800f366   0x00000008   Code   RO         8638    i.USB_ReadInterrupts  stm32h7xx_ll_usb.o
    0x0800f36e   0x0800f36e   0x00000040   Code   RO         8639    i.USB_ReadPacket    stm32h7xx_ll_usb.o
    0x0800f3ae   0x0800f3ae   0x0000005e   Code   RO         8641    i.USB_SetCurrentMode  stm32h7xx_ll_usb.o
    0x0800f40c   0x0800f40c   0x00000022   Code   RO         8642    i.USB_SetDevAddress  stm32h7xx_ll_usb.o
    0x0800f42e   0x0800f42e   0x00000002   PAD
    0x0800f430   0x0800f430   0x000000e8   Code   RO         8644    i.USB_SetTurnaroundTime  stm32h7xx_ll_usb.o
    0x0800f518   0x0800f518   0x00000028   Code   RO         8647    i.USB_WritePacket   stm32h7xx_ll_usb.o
    0x0800f540   0x0800f540   0x00000054   Code   RO         3865    i.Unpack_CustomController_Frame_Simple  multi-axis_robotic_arm.o
    0x0800f594   0x0800f594   0x00000002   Code   RO         1231    i.UsageFault_Handler  stm32h7xx_it.o
    0x0800f596   0x0800f596   0x00000026   Code   RO        16718    i.__ARM_fpclassifyf  m_wv.l(fpclassifyf.o)
    0x0800f5bc   0x0800f5bc   0x00000022   Code   RO        10238    i.__NVIC_SetPriority  stm32h7xx_hal_cortex.o
    0x0800f5de   0x0800f5de   0x00000002   PAD
    0x0800f5e0   0x0800f5e0   0x00000124   Code   RO        16295    i.__hardfp_acosf    m_wv.l(acosf.o)
    0x0800f704   0x0800f704   0x00000138   Code   RO        16307    i.__hardfp_asinf    m_wv.l(asinf.o)
    0x0800f83c   0x0800f83c   0x00000258   Code   RO        16319    i.__hardfp_atan2f   m_wv.l(atan2f.o)
    0x0800fa94   0x0800fa94   0x00000150   Code   RO        16331    i.__hardfp_cosf     m_wv.l(cosf.o)
    0x0800fbe4   0x0800fbe4   0x00000194   Code   RO        16355    i.__hardfp_sinf     m_wv.l(sinf.o)
    0x0800fd78   0x0800fd78   0x00000066   Code   RO        16367    i.__hardfp_sqrt     m_wv.l(sqrt.o)
    0x0800fdde   0x0800fdde   0x0000003a   Code   RO        16379    i.__hardfp_sqrtf    m_wv.l(sqrtf.o)
    0x0800fe18   0x0800fe18   0x00000006   Code   RO        16721    i.__mathlib_flt_infnan  m_wv.l(funder.o)
    0x0800fe1e   0x0800fe1e   0x00000006   Code   RO        16722    i.__mathlib_flt_infnan2  m_wv.l(funder.o)
    0x0800fe24   0x0800fe24   0x00000010   Code   RO        16723    i.__mathlib_flt_invalid  m_wv.l(funder.o)
    0x0800fe34   0x0800fe34   0x00000010   Code   RO        16726    i.__mathlib_flt_underflow  m_wv.l(funder.o)
    0x0800fe44   0x0800fe44   0x00000154   Code   RO        16739    i.__mathlib_rredf2  m_wv.l(rredf.o)
    0x0800ff98   0x0800ff98   0x0000000e   Code   RO        16809    i.__scatterload_copy  mc_w.l(handlers.o)
    0x0800ffa6   0x0800ffa6   0x00000002   Code   RO        16810    i.__scatterload_null  mc_w.l(handlers.o)
    0x0800ffa8   0x0800ffa8   0x0000000e   Code   RO        16811    i.__scatterload_zeroinit  mc_w.l(handlers.o)
    0x0800ffb6   0x0800ffb6   0x00000002   PAD
    0x0800ffb8   0x0800ffb8   0x0000000c   Code   RO        16773    i.__set_errno       mc_w.l(errno.o)
    0x0800ffc4   0x0800ffc4   0x00000020   Code   RO         2498    i.aa_clamp          auto_aim.o
    0x0800ffe4   0x0800ffe4   0x0000001e   Code   RO         7006    i.abs_limit         user_lib.o
    0x08010002   0x08010002   0x00000002   PAD
    0x08010004   0x08010004   0x0000001c   Code   RO         4069    i.absf_local        arm_teach.o
    0x08010020   0x08010020   0x00000014   Code   RO         3866    i.arm_mode_is_teach  multi-axis_robotic_arm.o
    0x08010034   0x08010034   0x00000070   Code   RO         4070    i.arm_teach_apply_control  arm_teach.o
    0x080100a4   0x080100a4   0x0000005c   Code   RO         4071    i.arm_teach_get_light_state  arm_teach.o
    0x08010100   0x08010100   0x0000000c   Code   RO         4073    i.arm_teach_get_selected_slot  arm_teach.o
    0x0801010c   0x0801010c   0x00000044   Code   RO         4074    i.arm_teach_init    arm_teach.o
    0x08010150   0x08010150   0x00000048   Code   RO         4076    i.arm_teach_storage_task  arm_teach.o
    0x08010198   0x08010198   0x0000013c   Code   RO         4077    i.arm_teach_update  arm_teach.o
    0x080102d4   0x080102d4   0x00000644   Code   RO         3867    i.arm_update_control  multi-axis_robotic_arm.o
    0x08010918   0x08010918   0x0000005c   Code   RO         2499    i.auto_aim_apply_delta_udeg  auto_aim.o
    0x08010974   0x08010974   0x00000278   Code   RO         2501    i.auto_aim_control_tick_internal  auto_aim.o
    0x08010bec   0x08010bec   0x00000068   Code   RO         2502    i.auto_aim_feedback_update  auto_aim.o
    0x08010c54   0x08010c54   0x00000038   Code   RO         2503    i.auto_aim_init     auto_aim.o
    0x08010c8c   0x08010c8c   0x00000034   Code   RO         2505    i.auto_aim_set      auto_aim.o
    0x08010cc0   0x08010cc0   0x0000002c   Code   RO         2506    i.auto_aim_task     auto_aim.o
    0x08010cec   0x08010cec   0x00000128   Code   RO        13772    i.bmi088_accel_init  bmi088driver.o
    0x08010e14   0x08010e14   0x000000fc   Code   RO        13773    i.bmi088_gyro_init  bmi088driver.o
    0x08010f10   0x08010f10   0x00000010   Code   RO         5963    i.buzzer_off        bsp_buzzer.o
    0x08010f20   0x08010f20   0x00000010   Code   RO         5964    i.buzzer_on         bsp_buzzer.o
    0x08010f30   0x08010f30   0x0000009c   Code   RO         6631    i.calc_R03_from_theta123  kinematics.o
    0x08010fcc   0x08010fcc   0x0000001a   Code   RO         4078    i.calc_header_crc   arm_teach.o
    0x08010fe6   0x08010fe6   0x0000000e   Code   RO         4079    i.calc_points_crc   arm_teach.o
    0x08010ff4   0x08010ff4   0x00000080   Code   RO         2637    i.cali_data_read    calibrate_task.o
    0x08011074   0x08011074   0x0000006c   Code   RO         2638    i.cali_data_write   calibrate_task.o
    0x080110e0   0x080110e0   0x00000046   Code   RO         2639    i.cali_gimbal_hook  calibrate_task.o
    0x08011126   0x08011126   0x00000002   PAD
    0x08011128   0x08011128   0x0000003c   Code   RO         2640    i.cali_head_hook    calibrate_task.o
    0x08011164   0x08011164   0x0000007c   Code   RO         2641    i.cali_param_init   calibrate_task.o
    0x080111e0   0x080111e0   0x00000090   Code   RO         2642    i.calibrate_task    calibrate_task.o
    0x08011270   0x08011270   0x00000020   Code   RO         5077    i.cam_fifo_clear    camera_channel.o
    0x08011290   0x08011290   0x000000ac   Code   RO         5079    i.camera_channel_init_ex  camera_channel.o
    0x0801133c   0x0801133c   0x00000036   Code   RO         5082    i.camera_channel_tick  camera_channel.o
    0x08011372   0x08011372   0x00000036   Code   RO         5084    i.camera_on_rx      camera_channel.o
    0x080113a8   0x080113a8   0x00000070   Code   RO         5421    i.canx_send_data    can_bsp.o
    0x08011418   0x08011418   0x000000a8   Code   RO         4501    i.ch_uproto_arbiter_tick  comm.o
    0x080114c0   0x080114c0   0x00000020   Code   RO         4502    i.ch_uproto_bind    comm.o
    0x080114e0   0x080114e0   0x0000007c   Code   RO         4503    i.ch_uproto_queue_notify  comm.o
    0x0801155c   0x0801155c   0x00000024   Code   RO         4504    i.ch_uproto_register_rx  comm.o
    0x08011580   0x08011580   0x00000076   Code   RO         4505    i.ch_uproto_send_notify  comm.o
    0x080115f6   0x080115f6   0x0000000c   Code   RO         4506    i.channel_bind_transport  comm.o
    0x08011602   0x08011602   0x00000002   Code   RO         4507    i.channel_default_hooks_on_cfg_change  comm.o
    0x08011604   0x08011604   0x00000048   Code   RO         4508    i.channel_init      comm.o
    0x0801164c   0x0801164c   0x000000c4   Code   RO         2210    i.chassis_behaviour_control_set  chassis_behaviour.o
    0x08011710   0x08011710   0x0000006c   Code   RO         2211    i.chassis_behaviour_mode_set  chassis_behaviour.o
    0x0801177c   0x0801177c   0x000001b0   Code   RO         3679    i.chassis_control_loop  mecanum_chassis.o
    0x0801192c   0x0801192c   0x0000009c   Code   RO         2212    i.chassis_engineer_follow_chassis_yaw_control  chassis_behaviour.o
    0x080119c8   0x080119c8   0x0000010c   Code   RO         3680    i.chassis_feedback_update  mecanum_chassis.o
    0x08011ad4   0x08011ad4   0x000000b0   Code   RO         2213    i.chassis_infantry_follow_gimbal_yaw_control  chassis_behaviour.o
    0x08011b84   0x08011b84   0x000000dc   Code   RO         3681    i.chassis_init      mecanum_chassis.o
    0x08011c60   0x08011c60   0x0000005c   Code   RO         3682    i.chassis_mode_change_control_transit  mecanum_chassis.o
    0x08011cbc   0x08011cbc   0x00000070   Code   RO         2214    i.chassis_no_follow_yaw_control  chassis_behaviour.o
    0x08011d2c   0x08011d2c   0x00000154   Code   RO         2178    i.chassis_power_control  chassis_power_control.o
    0x08011e80   0x08011e80   0x0000011c   Code   RO         2215    i.chassis_rc_to_control_vector  chassis_behaviour.o
    0x08011f9c   0x08011f9c   0x0000001c   Code   RO         3683    i.chassis_send_cmd  mecanum_chassis.o
    0x08011fb8   0x08011fb8   0x000001a4   Code   RO         3684    i.chassis_set_contorl  mecanum_chassis.o
    0x0801215c   0x0801215c   0x0000000a   Code   RO         3685    i.chassis_set_mode  mecanum_chassis.o
    0x08012166   0x08012166   0x00000002   PAD
    0x08012168   0x08012168   0x000000c4   Code   RO         5799    i.chassis_to_gimbal  bsp_usart.o
    0x0801222c   0x0801222c   0x00000048   Code   RO         3686    i.chassis_vector_to_mecanum_wheel_speed  mecanum_chassis.o
    0x08012274   0x08012274   0x00000024   Code   RO         4512    i.chmgr_dispatch_rx  comm.o
    0x08012298   0x08012298   0x0000002e   Code   RO         4513    i.chmgr_find        comm.o
    0x080122c6   0x080122c6   0x0000000c   Code   RO         4514    i.chmgr_init        comm.o
    0x080122d2   0x080122d2   0x0000001e   Code   RO         4515    i.chmgr_register    comm.o
    0x080122f0   0x080122f0   0x00000028   Code   RO         4516    i.chmgr_tick        comm.o
    0x08012318   0x08012318   0x00000020   Code   RO         3868    i.clampf            multi-axis_robotic_arm.o
    0x08012338   0x08012338   0x00000020   Code   RO         4080    i.clampf_local      arm_teach.o
    0x08012358   0x08012358   0x000000a0   Code   RO         4081    i.claw_torque_from_flag  arm_teach.o
    0x080123f8   0x080123f8   0x00000002   Code   RO         3869    i.cmd_cali_gimbal_hook  multi-axis_robotic_arm.o
    0x080123fa   0x080123fa   0x00000002   PAD
    0x080123fc   0x080123fc   0x00000078   Code   RO         4791    i.comm_app_task     comm_app.o
    0x08012474   0x08012474   0x0000001c   Code   RO         5242    i.comm_read_u64_le  time_sync_channel.o
    0x08012490   0x08012490   0x00000012   Code   RO         5151    i.comm_write_i32_le  gimbal_channel.o
    0x080124a2   0x080124a2   0x00000008   Code   RO         5243    i.comm_write_u16_le  time_sync_channel.o
    0x080124aa   0x080124aa   0x00000022   Code   RO         5244    i.comm_write_u64_le  time_sync_channel.o
    0x080124cc   0x080124cc   0x00000024   Code   RO         6633    i.compute_desired_joint_angles_limited  kinematics.o
    0x080124f0   0x080124f0   0x000000c8   Code   RO         6634    i.compute_tool_pose  kinematics.o
    0x080125b8   0x080125b8   0x000001bc   Code   RO         3349    i.compute_transforms  engineer.o
    0x08012774   0x08012774   0x00000008   Code   RO         4651    i.crc16_ccitt       uproto.o
    0x0801277c   0x0801277c   0x00000014   Code   RO         4082    i.erase_all_slots   arm_teach.o
    0x08012790   0x08012790   0x0000003c   Code   RO         4083    i.erase_slot        arm_teach.o
    0x080127cc   0x080127cc   0x00000006   Code   RO         2507    i.fabsf             auto_aim.o
    0x080127d2   0x080127d2   0x00000006   Code   RO         3687    i.fabsf             mecanum_chassis.o
    0x080127d8   0x080127d8   0x00000006   Code   RO         6635    i.fabsf             kinematics.o
    0x080127de   0x080127de   0x00000006   Code   RO        13774    i.fabsf             bmi088driver.o
    0x080127e4   0x080127e4   0x00000018   Code   RO         6326    i.fifo_s_init       fifo.o
    0x080127fc   0x080127fc   0x00000124   Code   RO         4517    i.find_next_ready_index  comm.o
    0x08012920   0x08012920   0x00000048   Code   RO         4084    i.finish_record     arm_teach.o
    0x08012968   0x08012968   0x0000003c   Code   RO         7007    i.first_order_filter_cali  user_lib.o
    0x080129a4   0x080129a4   0x00000012   Code   RO         7008    i.first_order_filter_init  user_lib.o
    0x080129b6   0x080129b6   0x00000002   PAD
    0x080129b8   0x080129b8   0x0000001e   Code   RO         5915    i.flash_erase_address  bsp_flash.o
    0x080129d6   0x080129d6   0x00000010   Code   RO         5916    i.flash_init        bsp_flash.o
    0x080129e6   0x080129e6   0x00000002   PAD
    0x080129e8   0x080129e8   0x00000054   Code   RO         5917    i.flash_read        bsp_flash.o
    0x08012a3c   0x08012a3c   0x0000003a   Code   RO         5918    i.flash_write_single_address  bsp_flash.o
    0x08012a76   0x08012a76   0x00000028   Code   RO         5422    i.float_to_uint     can_bsp.o
    0x08012a9e   0x08012a9e   0x00000002   PAD
    0x08012aa0   0x08012aa0   0x00000154   Code   RO         6636    i.forward_kinematics  kinematics.o
    0x08012bf4   0x08012bf4   0x00000020   Code   RO         7012    i.fp32_constrain    user_lib.o
    0x08012c14   0x08012c14   0x00000002   Code   RO         4309    i.fric1_on          shoot_none.o
    0x08012c16   0x08012c16   0x00000002   Code   RO         4310    i.fric2_on          shoot_none.o
    0x08012c18   0x08012c18   0x00000002   Code   RO         4311    i.fric_off          shoot_none.o
    0x08012c1a   0x08012c1a   0x00000002   PAD
    0x08012c1c   0x08012c1c   0x0000002c   Code   RO         6524    i.get_CRC16_check_sum  crc8_crc16.o
    0x08012c48   0x08012c48   0x0000001c   Code   RO         6525    i.get_CRC8_check_sum  crc8_crc16.o
    0x08012c64   0x08012c64   0x00000008   Code   RO         1444    i.get_INS_angle_point  ins_task.o
    0x08012c6c   0x08012c6c   0x00000010   Code   RO         5423    i.get_chassis_motor_measure_point  can_bsp.o
    0x08012c7c   0x08012c7c   0x00000028   Code   RO         1942    i.get_chassis_power_and_buffer  referee.o
    0x08012ca4   0x08012ca4   0x00000008   Code   RO         1449    i.get_gyro_data_point  ins_task.o
    0x08012cac   0x08012cac   0x0000009c   Code   RO         3870    i.get_kin_theta_limits  multi-axis_robotic_arm.o
    0x08012d48   0x08012d48   0x0000000c   Code   RO         5428    i.get_mit_motor_measure_point  can_bsp.o
    0x08012d54   0x08012d54   0x0000001c   Code   RO         5429    i.get_motor_measure  can_bsp.o
    0x08012d70   0x08012d70   0x00000008   Code   RO         2374    i.get_pitch_motor_point  gimbal_task.o
    0x08012d78   0x08012d78   0x00000008   Code   RO         1878    i.get_remote_control_point  remote_control.o
    0x08012d80   0x08012d80   0x0000000c   Code   RO         1943    i.get_robot_id      referee.o
    0x08012d8c   0x08012d8c   0x00000058   Code   RO          770    i.get_temprate      adc.o
    0x08012de4   0x08012de4   0x00000008   Code   RO         2375    i.get_yaw_motor_point  gimbal_task.o
    0x08012dec   0x08012dec   0x000000ac   Code   RO         2376    i.gimbal_PID_Calc   gimbal_task.o
    0x08012e98   0x08012e98   0x00000098   Code   RO         5152    i.gimbal_channel_init  gimbal_channel.o
    0x08012f30   0x08012f30   0x00000044   Code   RO         5153    i.gimbal_channel_init_ex  gimbal_channel.o
    0x08012f74   0x08012f74   0x00000076   Code   RO         5154    i.gimbal_channel_publish  gimbal_channel.o
    0x08012fea   0x08012fea   0x00000002   Code   RO         3871    i.gimbal_control_loop  multi-axis_robotic_arm.o
    0x08012fec   0x08012fec   0x000001b0   Code   RO         3872    i.gimbal_feedback_update  multi-axis_robotic_arm.o
    0x0801319c   0x0801319c   0x000000b4   Code   RO         4793    i.gimbal_get_state  comm_app.o
    0x08013250   0x08013250   0x0000017c   Code   RO         3873    i.gimbal_init       multi-axis_robotic_arm.o
    0x080133cc   0x080133cc   0x00000028   Code   RO         5156    i.gimbal_mailbox_set  gimbal_channel.o
    0x080133f4   0x080133f4   0x000002f8   Code   RO         3874    i.gimbal_mode_change_control_transit  multi-axis_robotic_arm.o
    0x080136ec   0x080136ec   0x000000cc   Code   RO         2380    i.gimbal_motor_absolute_angle_control  gimbal_task.o
    0x080137b8   0x080137b8   0x0000002c   Code   RO         4794    i.gimbal_on_delta   comm_app.o
    0x080137e4   0x080137e4   0x00000068   Code   RO         5157    i.gimbal_pack_state  gimbal_channel.o
    0x0801384c   0x0801384c   0x00000330   Code   RO         3875    i.gimbal_send_cmd   multi-axis_robotic_arm.o
    0x08013b7c   0x08013b7c   0x0000033c   Code   RO         3876    i.gimbal_set_control  multi-axis_robotic_arm.o
    0x08013eb8   0x08013eb8   0x00000094   Code   RO         3877    i.gimbal_set_mode   multi-axis_robotic_arm.o
    0x08013f4c   0x08013f4c   0x00000040   Code   RO         2384    i.gimbal_task       gimbal_task.o
    0x08013f8c   0x08013f8c   0x000000c8   Code   RO         3878    i.gra_theta_calcu   multi-axis_robotic_arm.o
    0x08014054   0x08014054   0x00000220   Code   RO         3350    i.gravity_compensation  engineer.o
    0x08014274   0x08014274   0x0000008c   Code   RO         4085    i.handle_clear_key  arm_teach.o
    0x08014300   0x08014300   0x00000064   Code   RO         4086    i.hold_current      arm_teach.o
    0x08014364   0x08014364   0x000000b4   Code   RO         6637    i.ik_limit_cost     kinematics.o
    0x08014418   0x08014418   0x0000005c   Code   RO         3879    i.integrator_apply_all  multi-axis_robotic_arm.o
    0x08014474   0x08014474   0x0000001c   Code   RO         3880    i.integrator_init   multi-axis_robotic_arm.o
    0x08014490   0x08014490   0x00000040   Code   RO         3881    i.integrator_update  multi-axis_robotic_arm.o
    0x080144d0   0x080144d0   0x000005b4   Code   RO         6638    i.inverse_kinematics_puma  kinematics.o
    0x08014a84   0x08014a84   0x00000028   Code   RO         6639    i.inverse_kinematics_puma_limited  kinematics.o
    0x08014aac   0x08014aac   0x00000018   Code   RO         4087    i.key_rising        arm_teach.o
    0x08014ac4   0x08014ac4   0x0000000c   Code   RO         3174    i.light_clear       light_task.o
    0x08014ad0   0x08014ad0   0x00000030   Code   RO         3175    i.light_fill        light_task.o
    0x08014b00   0x08014b00   0x00000064   Code   RO         3176    i.light_pack_frame  light_task.o
    0x08014b64   0x08014b64   0x00000082   Code   RO         3178    i.light_render_arm_teach_status  light_task.o
    0x08014be6   0x08014be6   0x00000002   PAD
    0x08014be8   0x08014be8   0x00000088   Code   RO         3179    i.light_render_auto  light_task.o
    0x08014c70   0x08014c70   0x00000040   Code   RO         3180    i.light_render_chassis_status  light_task.o
    0x08014cb0   0x08014cb0   0x00000018   Code   RO         3181    i.light_send_frame  light_task.o
    0x08014cc8   0x08014cc8   0x0000001c   Code   RO         3185    i.light_set_pixel   light_task.o
    0x08014ce4   0x08014ce4   0x0000002c   Code   RO         3186    i.light_task        light_task.o
    0x08014d10   0x08014d10   0x00000078   Code   RO         3187    i.light_update_online_status  light_task.o
    0x08014d88   0x08014d88   0x0000005c   Code   RO         4088    i.load_headers      arm_teach.o
    0x08014de4   0x08014de4   0x00000088   Code   RO         4089    i.load_slot_points  arm_teach.o
    0x08014e6c   0x08014e6c   0x00000048   Code   RO         7015    i.loop_float_constrain  user_lib.o
    0x08014eb4   0x08014eb4   0x00000024   Code   RO         6785    i.mahony_calibrate_gyro_bias  mahony_filter.o
    0x08014ed8   0x08014ed8   0x00000040   Code   RO         6786    i.mahony_init       mahony_filter.o
    0x08014f18   0x08014f18   0x00000008   Code   RO         6787    i.mahony_input      mahony_filter.o
    0x08014f20   0x08014f20   0x00000036   Code   RO         6788    i.mahony_output     mahony_filter.o
    0x08014f56   0x08014f56   0x000001aa   Code   RO         6789    i.mahony_update     mahony_filter.o
    0x08015100   0x08015100   0x00000154   Code   RO            8    i.main              main.o
    0x08015254   0x08015254   0x0000000e   Code   RO        14789    i.makeFreeRtosPriority  cmsis_os.o
    0x08015262   0x08015262   0x00000002   PAD
    0x08015264   0x08015264   0x00000040   Code   RO         6643    i.make_translation_matrix  kinematics.o
    0x080152a4   0x080152a4   0x00000184   Code   RO         6644    i.mat3_to_quat      kinematics.o
    0x08015428   0x08015428   0x0000005a   Code   RO         6645    i.mat_mul44         kinematics.o
    0x08015482   0x08015482   0x00000002   PAD
    0x08015484   0x08015484   0x0000001c   Code   RO         2074    i.message_task      message_task.o
    0x080154a0   0x080154a0   0x000000b0   Code   RO         3882    i.motor_pos_to_kin_theta  multi-axis_robotic_arm.o
    0x08015550   0x08015550   0x00000070   Code   RO         4518    i.mux_decode        comm.o
    0x080155c0   0x080155c0   0x00000066   Code   RO         4519    i.mux_encode        comm.o
    0x08015626   0x08015626   0x00000002   PAD
    0x08015628   0x08015628   0x00000060   Code   RO         6646    i.normalize_quat    kinematics.o
    0x08015688   0x08015688   0x00000010   Code   RO         5245    i.now_us            time_sync_channel.o
    0x08015698   0x08015698   0x00000218   Code   RO         3688    i.observer          mecanum_chassis.o
    0x080158b0   0x080158b0   0x00000038   Code   RO         4520    i.on_mux_rx         comm.o
    0x080158e8   0x080158e8   0x00000074   Code   RO         5158    i.on_rx             gimbal_channel.o
    0x0801595c   0x0801595c   0x000001a0   Code   RO         5246    i.on_rx             time_sync_channel.o
    0x08015afc   0x08015afc   0x00000058   Code   RO         5159    i.on_tick           gimbal_channel.o
    0x08015b54   0x08015b54   0x000000a8   Code   RO         5247    i.on_tick           time_sync_channel.o
    0x08015bfc   0x08015bfc   0x0000000e   Code   RO        14791    i.osDelay           cmsis_os.o
    0x08015c0a   0x08015c0a   0x0000000a   Code   RO        14794    i.osKernelStart     cmsis_os.o
    0x08015c14   0x08015c14   0x0000002e   Code   RO        14828    i.osThreadCreate    cmsis_os.o
    0x08015c42   0x08015c42   0x00000002   PAD
    0x08015c44   0x08015c44   0x000000e4   Code   RO         5801    i.parse_data_nomal  bsp_usart.o
    0x08015d28   0x08015d28   0x00000012   Code   RO         4914    i.platform_memcpy   platform_stm32.o
    0x08015d3a   0x08015d3a   0x00000030   Code   RO         4915    i.platform_memmove  platform_stm32.o
    0x08015d6a   0x08015d6a   0x00000012   Code   RO         4916    i.platform_memset   platform_stm32.o
    0x08015d7c   0x08015d7c   0x000000fc   Code   RO         6647    i.pose_interpolate  kinematics.o
    0x08015e78   0x08015e78   0x000000b0   Code   RO         3883    i.pose_rotation_angle  multi-axis_robotic_arm.o
    0x08015f28   0x08015f28   0x000000b0   Code   RO         4090    i.prepare_play_point  arm_teach.o
    0x08015fd8   0x08015fd8   0x00000048   Code   RO            9    i.proto_init_from_main  main.o
    0x08016020   0x08016020   0x00000004   Code   RO           10    i.proto_time_now    main.o
    0x08016024   0x08016024   0x00000070   Code   RO        14477    i.prvAddCurrentTaskToDelayedList  tasks.o
    0x08016094   0x08016094   0x000000d0   Code   RO        14478    i.prvAddNewTaskToReadyList  tasks.o
    0x08016164   0x08016164   0x00000014   Code   RO        14479    i.prvDeleteTCB      tasks.o
    0x08016178   0x08016178   0x00000050   Code   RO        15156    i.prvHeapInit       heap_4.o
    0x080161c8   0x080161c8   0x00000060   Code   RO        14480    i.prvIdleTask       tasks.o
    0x08016228   0x08016228   0x0000009a   Code   RO        14481    i.prvInitialiseNewTask  tasks.o
    0x080162c2   0x080162c2   0x00000002   PAD
    0x080162c4   0x080162c4   0x0000004c   Code   RO        15157    i.prvInsertBlockIntoFreeList  heap_4.o
    0x08016310   0x08016310   0x00000020   Code   RO        14482    i.prvResetNextTaskUnblockTime  tasks.o
    0x08016330   0x08016330   0x00000028   Code   RO        15225    i.prvTaskExitError  port.o
    0x08016358   0x08016358   0x000000dc   Code   RO        15158    i.pvPortMalloc      heap_4.o
    0x08016434   0x08016434   0x00000030   Code   RO        15226    i.pxPortInitialiseStack  port.o
    0x08016464   0x08016464   0x00000128   Code   RO         6648    i.quat_slerp        kinematics.o
    0x0801658c   0x0801658c   0x000000b2   Code   RO         6649    i.quat_to_mat3      kinematics.o
    0x0801663e   0x0801663e   0x00000002   PAD
    0x08016640   0x08016640   0x00000054   Code   RO         4091    i.read_header       arm_teach.o
    0x08016694   0x08016694   0x000000a0   Code   RO         4092    i.safety_ok         arm_teach.o
    0x08016734   0x08016734   0x00000080   Code   RO         4093    i.sample_record     arm_teach.o
    0x080167b4   0x080167b4   0x000000bc   Code   RO         4094    i.save_slot_points  arm_teach.o
    0x08016870   0x08016870   0x0000009a   Code   RO         1880    i.sbus_to_rc        remote_control.o
    0x0801690a   0x0801690a   0x00000002   PAD
    0x0801690c   0x0801690c   0x00000088   Code   RO         3884    i.semi_auto_estimate_duration  multi-axis_robotic_arm.o
    0x08016994   0x08016994   0x00000120   Code   RO         3885    i.semi_auto_handle_f_key  multi-axis_robotic_arm.o
    0x08016ab4   0x08016ab4   0x00000120   Code   RO         3886    i.semi_auto_handle_r_key  multi-axis_robotic_arm.o
    0x08016bd4   0x08016bd4   0x000000a4   Code   RO         3887    i.semi_auto_start_traj_to  multi-axis_robotic_arm.o
    0x08016c78   0x08016c78   0x00000030   Code   RO         3888    i.semi_auto_zero_motion_ref  multi-axis_robotic_arm.o
    0x08016ca8   0x08016ca8   0x00000002   Code   RO         3889    i.set_cali_gimbal_hook  multi-axis_robotic_arm.o
    0x08016caa   0x08016caa   0x00000002   PAD
    0x08016cac   0x08016cac   0x00000020   Code   RO         4095    i.set_error         arm_teach.o
    0x08016ccc   0x08016ccc   0x000000d4   Code   RO         4795    i.setup_channels    comm_app.o
    0x08016da0   0x08016da0   0x00000002   Code   RO         4312    i.shoot_bullet_control  shoot_none.o
    0x08016da2   0x08016da2   0x00000002   Code   RO         4313    i.shoot_feedback_update  shoot_none.o
    0x08016da4   0x08016da4   0x00000002   Code   RO         4314    i.shoot_init        shoot_none.o
    0x08016da6   0x08016da6   0x00000002   Code   RO         4315    i.shoot_set_mode    shoot_none.o
    0x08016da8   0x08016da8   0x0000003e   Code   RO        16381    i.sqrtf             m_wv.l(sqrtf.o)
    0x08016de6   0x08016de6   0x00000002   PAD
    0x08016de8   0x08016de8   0x00000088   Code   RO         4096    i.start_play        arm_teach.o
    0x08016e70   0x08016e70   0x00000010   Code   RO         4097    i.stop_play         arm_teach.o
    0x08016e80   0x08016e80   0x00000018   Code   RO         4098    i.storage_busy      arm_teach.o
    0x08016e98   0x08016e98   0x00000024   Code   RO         4796    i.stream_on_rx      comm_app.o
    0x08016ebc   0x08016ebc   0x0000000c   Code   RO         4797    i.sync_now_us       comm_app.o
    0x08016ec8   0x08016ec8   0x000000a4   Code   RO         5248    i.time_sync_channel_init  time_sync_channel.o
    0x08016f6c   0x08016f6c   0x00000032   Code   RO         5249    i.time_sync_channel_init_ex  time_sync_channel.o
    0x08016f9e   0x08016f9e   0x00000022   Code   RO         5250    i.time_sync_channel_now_us  time_sync_channel.o
    0x08016fc0   0x08016fc0   0x00000018   Code   RO         2766    i.toe_is_error      detect_task.o
    0x08016fd8   0x08016fd8   0x000000b8   Code   RO         6653    i.tool_to_wrist     kinematics.o
    0x08017090   0x08017090   0x00000002   Code   RO         4316    i.trigger_motor_turn_back  shoot_none.o
    0x08017092   0x08017092   0x00000028   Code   RO         5433    i.uint_to_float     can_bsp.o
    0x080170ba   0x080170ba   0x00000002   PAD
    0x080170bc   0x080170bc   0x000000d0   Code   RO         4099    i.update_ramp       arm_teach.o
    0x0801718c   0x0801718c   0x00000020   Code   RO         4652    i.uproto_complete_transaction  uproto.o
    0x080171ac   0x080171ac   0x0000008e   Code   RO         4653    i.uproto_decode_frame  uproto.o
    0x0801723a   0x0801723a   0x00000092   Code   RO         4654    i.uproto_encode_frame  uproto.o
    0x080172cc   0x080172cc   0x00000030   Code   RO         4655    i.uproto_find_transaction  uproto.o
    0x080172fc   0x080172fc   0x0000000c   Code   RO         4656    i.uproto_fire_event  uproto.o
    0x08017308   0x08017308   0x00000134   Code   RO         4658    i.uproto_handle_frame  uproto.o
    0x0801743c   0x0801743c   0x0000005c   Code   RO         4659    i.uproto_init       uproto.o
    0x08017498   0x08017498   0x0000000c   Code   RO         4661    i.uproto_now        uproto.o
    0x080174a4   0x080174a4   0x00000040   Code   RO         4662    i.uproto_on_rx_bytes  uproto.o
    0x080174e4   0x080174e4   0x000000dc   Code   RO         4663    i.uproto_process_rx_buffer  uproto.o
    0x080175c0   0x080175c0   0x00000048   Code   RO         4664    i.uproto_register_handler  uproto.o
    0x08017608   0x08017608   0x0000005e   Code   RO         4665    i.uproto_send_frame  uproto.o
    0x08017666   0x08017666   0x0000001c   Code   RO         4666    i.uproto_send_notify  uproto.o
    0x08017682   0x08017682   0x000000cc   Code   RO         4667    i.uproto_send_request  uproto.o
    0x0801774e   0x0801774e   0x00000002   PAD
    0x08017750   0x08017750   0x00000100   Code   RO         4670    i.uproto_tick       uproto.o
    0x08017850   0x08017850   0x0000005c   Code   RO         5802    i.usart10_process_dma_rx  bsp_usart.o
    0x080178ac   0x080178ac   0x00000010   Code   RO         5803    i.usart10_reset_rx_state  bsp_usart.o
    0x080178bc   0x080178bc   0x0000000c   Code   RO         4986    i.usb_cdc_port_bind_uproto  usb_cdc_port.o
    0x080178c8   0x080178c8   0x00000002   Code   RO         4987    i.usb_cdc_port_flush  usb_cdc_port.o
    0x080178ca   0x080178ca   0x00000006   Code   RO         4988    i.usb_cdc_port_get_mtu  usb_cdc_port.o
    0x080178d0   0x080178d0   0x00000024   Code   RO         4989    i.usb_cdc_port_get_ops  usb_cdc_port.o
    0x080178f4   0x080178f4   0x00000030   Code   RO         4992    i.usb_cdc_port_write  usb_cdc_port.o
    0x08017924   0x08017924   0x00000026   Code   RO        14153    i.uxListRemove      list.o
    0x0801794a   0x0801794a   0x00000016   Code   RO        14154    i.vListInitialise   list.o
    0x08017960   0x08017960   0x00000006   Code   RO        14155    i.vListInitialiseItem  list.o
    0x08017966   0x08017966   0x00000030   Code   RO        14156    i.vListInsert       list.o
    0x08017996   0x08017996   0x00000018   Code   RO        14157    i.vListInsertEnd    list.o
    0x080179ae   0x080179ae   0x00000002   PAD
    0x080179b0   0x080179b0   0x00000040   Code   RO        15228    i.vPortEnterCritical  port.o
    0x080179f0   0x080179f0   0x00000028   Code   RO        15229    i.vPortExitCritical  port.o
    0x08017a18   0x08017a18   0x00000064   Code   RO        15159    i.vPortFree         heap_4.o
    0x08017a7c   0x08017a7c   0x00000024   Code   RO        15230    i.vPortSetupTimerInterrupt  port.o
    0x08017aa0   0x08017aa0   0x0000004c   Code   RO        14491    i.vTaskDelay        tasks.o
    0x08017aec   0x08017aec   0x00000068   Code   RO        14504    i.vTaskStartScheduler  tasks.o
    0x08017b54   0x08017b54   0x00000010   Code   RO        14506    i.vTaskSuspendAll   tasks.o
    0x08017b64   0x08017b64   0x0000005c   Code   RO        14507    i.vTaskSwitchContext  tasks.o
    0x08017bc0   0x08017bc0   0x00000034   Code   RO         6654    i.wrap_pi           kinematics.o
    0x08017bf4   0x08017bf4   0x00000008   Code   RO         4671    i.write_u16_le      uproto.o
    0x08017bfc   0x08017bfc   0x000000f4   Code   RO        15232    i.xPortStartScheduler  port.o
    0x08017cf0   0x08017cf0   0x00000056   Code   RO        14510    i.xTaskCreate       tasks.o
    0x08017d46   0x08017d46   0x00000002   PAD
    0x08017d48   0x08017d48   0x0000000c   Code   RO        14515    i.xTaskGetTickCount  tasks.o
    0x08017d54   0x08017d54   0x000000cc   Code   RO        14517    i.xTaskIncrementTick  tasks.o
    0x08017e20   0x08017e20   0x000000c4   Code   RO        14523    i.xTaskResumeAll    tasks.o
    0x08017ee4   0x08017ee4   0x0000003c   Code   RO         3024    i.xvEstimateKF_Update  observer.o
    0x08017f20   0x08017f20   0x00000008   Data   RO           12    .constdata          main.o
    0x08017f28   0x08017f28   0x0000008c   Data   RO          606    .constdata          freertos.o
    0x08017fb4   0x08017fb4   0x00000006   Data   RO         2647    .constdata          calibrate_task.o
    0x08017fba   0x08017fba   0x00000002   PAD
    0x08017fbc   0x08017fbc   0x00000014   Data   RO         3189    .constdata          light_task.o
    0x08017fd0   0x08017fd0   0x000000d0   Data   RO         3351    .constdata          engineer.o
    0x080180a0   0x080180a0   0x00000030   Data   RO         3690    .constdata          mecanum_chassis.o
    0x080180d0   0x080180d0   0x000000b8   Data   RO         3894    .constdata          multi-axis_robotic_arm.o
    0x08018188   0x08018188   0x00000014   Data   RO         4101    .constdata          arm_teach.o
    0x0801819c   0x0801819c   0x00000060   Data   RO         4799    .constdata          comm_app.o
    0x080181fc   0x080181fc   0x00000018   Data   RO         5085    .constdata          camera_channel.o
    0x08018214   0x08018214   0x00000020   Data   RO         5161    .constdata          gimbal_channel.o
    0x08018234   0x08018234   0x0000000c   Data   RO         5253    .constdata          time_sync_channel.o
    0x08018240   0x08018240   0x00000300   Data   RO         6529    .constdata          crc8_crc16.o
    0x08018540   0x08018540   0x000000d0   Data   RO         6655    .constdata          kinematics.o
    0x08018610   0x08018610   0x00000008   Data   RO         9541    .constdata          stm32h7xx_hal_dma.o
    0x08018618   0x08018618   0x0000005c   Data   RO        11978    .constdata          stm32h7xx_hal_fdcan.o
    0x08018674   0x08018674   0x00000018   Data   RO        13296    .constdata          stm32h7xx_hal_uart.o
    0x0801868c   0x0801868c   0x00000010   Data   RO        13662    .constdata          stm32h7xx_hal_uart_ex.o
    0x0801869c   0x0801869c   0x00000010   Data   RO        14028    .constdata          system_stm32h7xx.o
    0x080186ac   0x080186ac   0x00000020   Data   RO        16740    .constdata          m_wv.l(rredf.o)
    0x080186cc   0x080186cc   0x00000045   Data   RO          607    .conststring        freertos.o
    0x08018711   0x08018711   0x00000003   PAD
    0x08018714   0x08018714   0x0000000a   Data   RO         3190    .conststring        light_task.o
    0x0801871e   0x0801871e   0x00000002   PAD
    0x08018720   0x08018720   0x00000014   Data   RO         4102    .conststring        arm_teach.o
    0x08018734   0x08018734   0x00000804   Data   RO        16287    .rodata.sinTable_f32  arm_cortexM7lfdp_math.lib(arm_common_tables.o)
    0x08018f38   0x08018f38   0x00000040   Data   RO        16807    Region$$Table       anon$$obj.o


    Execution Region RW_IRAM1 (Exec base: 0x20000000, Load base: 0x08018f78, Size: 0x00000c9c, Max: 0x00020000, ABSOLUTE, COMPRESSED[0x000000dc])

    Exec Addr    Load Addr    Size         Type   Attr      Idx    E Section Name        Object

    0x20000000   COMPRESSED   0x00000004   Data   RW           14    .data               main.o
    0x20000004   COMPRESSED   0x0000002c   Data   RW         1453    .data               ins_task.o
    0x20000030   COMPRESSED   0x00000010   Data   RW         2179    .data               chassis_power_control.o
    0x20000040   COMPRESSED   0x00000010   Data   RW         2216    .data               chassis_behaviour.o
    0x20000050   COMPRESSED   0x0000001c   Data   RW         2283    .data               gimbal_behaviour.o
    0x2000006c   COMPRESSED   0x00000004   Data   RW         3003    .data               robot_param.o
    0x20000070   COMPRESSED   0x00000018   Data   RW         3352    .data               engineer.o
    0x20000088   COMPRESSED   0x00000008   Data   RW         3691    .data               mecanum_chassis.o
    0x20000090   COMPRESSED   0x0000000c   Data   RW         4103    .data               arm_teach.o
    0x2000009c   COMPRESSED   0x00000004   Data   RW         4993    .data               usb_cdc_port.o
    0x200000a0   COMPRESSED   0x00000058   Data   RW         5435    .data               can_bsp.o
    0x200000f8   COMPRESSED   0x00000004   Data   RW         6930    .data               kalman_filter.o
    0x200000fc   COMPRESSED   0x0000000c   Data   RW        10414    .data               stm32h7xx_hal.o
    0x20000108   COMPRESSED   0x00000048   Data   RW        13776    .data               bmi088driver.o
    0x20000150   COMPRESSED   0x00000020   Data   RW        15351    .data               usbd_desc.o
    0x20000170   COMPRESSED   0x0000003e   Data   RW        15352    .data               usbd_desc.o
    0x200001ae   COMPRESSED   0x00000002   PAD
    0x200001b0   COMPRESSED   0x00000038   Data   RW        16030    .data               usbd_cdc.o
    0x200001e8   COMPRESSED   0x00000004   Data   RW        16774    .data               mc_w.l(errno.o)
    0x200001ec        -       0x00000024   Zero   RW          823    .bss                crc.o
    0x20000210        -       0x000001e0   Zero   RW          894    .bss                fdcan.o
    0x200003f0        -       0x0000005c   Zero   RW          947    .bss                octospi.o
    0x2000044c        -       0x0000004c   Zero   RW         1401    .bss                stm32h7xx_hal_timebase_tim.o
    0x20000498        -       0x0000014c   Zero   RW         1452    .bss                ins_task.o
    0x200005e4        -       0x00000034   Zero   RW         2508    .bss                auto_aim.o
    0x20000618        -       0x00000014   Zero   RW         2645    .bss                calibrate_task.o
    0x2000062c        -       0x0000021c   Zero   RW         2767    .bss                detect_task.o
    0x20000848        -       0x00000018   Zero   RW         5809    .bss                bsp_usart.o
    0x20000860        -       0x00000100   Zero   RW         5919    .bss                bsp_flash.o
    0x20000960        -       0x0000004c   Zero   RW        13775    .bss                bmi088driver.o
    0x200009ac        -       0x000000f0   Zero   RW        14525    .bss                tasks.o
    0x20000a9c        -       0x00000200   Zero   RW        15350    .bss                usbd_desc.o


    Execution Region RW_IRAM2 (Exec base: 0x24000000, Load base: 0x08019054, Size: 0x00030ca8, Max: 0x00050000, ABSOLUTE, COMPRESSED[0x00000134])

    Exec Addr    Load Addr    Size         Type   Attr      Idx    E Section Name        Object

    0x24000000   COMPRESSED   0x0000001c   Data   RW          608    .data               freertos.o
    0x2400001c   COMPRESSED   0x00000004   Data   RW          895    .data               fdcan.o
    0x24000020   COMPRESSED   0x00000014   Data   RW         2395    .data               gimbal_task.o
    0x24000034   COMPRESSED   0x0000001c   Data   RW         2511    .data               auto_aim.o
    0x24000050   COMPRESSED   0x00000030   Data   RW         2648    .data               calibrate_task.o
    0x24000080   COMPRESSED   0x00000004   Data   RW         3004    .data               robot_param.o
    0x24000084   COMPRESSED   0x00000048   Data   RW         3028    .data               observer.o
    0x240000cc   COMPRESSED   0x00000001   Data   RW         3191    .data               light_task.o
    0x240000cd   COMPRESSED   0x00000003   PAD
    0x240000d0   COMPRESSED   0x000000f0   Data   RW         3895    .data               multi-axis_robotic_arm.o
    0x240001c0   COMPRESSED   0x00000040   Data   RW         5333    .data               bsp_dwt.o
    0x24000200   COMPRESSED   0x00000001   Data   RW         5815    .data               bsp_usart.o
    0x24000201   COMPRESSED   0x00000003   PAD
    0x24000204   COMPRESSED   0x0000003c   Data   RW         5816    .data               bsp_usart.o
    0x24000240   COMPRESSED   0x0000000c   Data   RW         6656    .data               kinematics.o
    0x2400024c   COMPRESSED   0x00000004   Data   RW         6791    .data               mahony_filter.o
    0x24000250   COMPRESSED   0x00000004   Data   RW        13858    .data               bmi088middleware.o
    0x24000254   COMPRESSED   0x00000008   Data   RW        14029    .data               system_stm32h7xx.o
    0x2400025c   COMPRESSED   0x0000003c   Data   RW        14526    .data               tasks.o
    0x24000298   COMPRESSED   0x00000020   Data   RW        15165    .data               heap_4.o
    0x240002b8   COMPRESSED   0x0000000c   Data   RW        15233    .data               port.o
    0x240002c4   COMPRESSED   0x00000014   Data   RW        15435    .data               usbd_cdc_if.o
    0x240002d8   COMPRESSED   0x00000001   Data   RW        15882    .data               usbd_ctlreq.o
    0x240002d9   COMPRESSED   0x00000003   PAD
    0x240002dc   COMPRESSED   0x00000053   Data   RW        16029    .data               usbd_cdc.o
    0x2400032f   COMPRESSED   0x00000001   PAD
    0x24000330        -       0x00000cc4   Zero   RW           11    .bss                main.o
    0x24000ff4        -       0x00000158   Zero   RW          771    .bss                adc.o
    0x2400114c        -       0x00000014   Zero   RW          989    .bss                rng.o
    0x24001160        -       0x00000178   Zero   RW         1031    .bss                spi.o
    0x240012d8        -       0x00000130   Zero   RW         1079    .bss                tim.o
    0x24001408        -       0x00000430   Zero   RW         1154    .bss                usart.o
    0x24001838        -       0x0000002e   Zero   RW         1882    .bss                remote_control.o
    0x24001866        -       0x000001e9   Zero   RW         1948    .bss                referee.o
    0x24001a4f   COMPRESSED   0x00000001   PAD
    0x24001a50        -       0x00000260   Zero   RW         2137    .bss                chassis_task.o
    0x24001cb0        -       0x00000680   Zero   RW         2387    .bss                gimbal_task.o
    0x24002330        -       0x00000086   Zero   RW         2646    .bss                calibrate_task.o
    0x240023b6   COMPRESSED   0x00000002   PAD
    0x240023b8        -       0x0000004c   Zero   RW         3188    .bss                light_task.o
    0x24002404        -       0x00000010   Zero   RW         3689    .bss                mecanum_chassis.o
    0x24002414        -       0x00000300   Zero   RW         3890    .bss                multi-axis_robotic_arm.o
    0x24002714        -       0x0002330c   Zero   RW         4100    .bss                arm_teach.o
    0x24025a20        -       0x000008b0   Zero   RW         4798    .bss                comm_app.o
    0x240262d0        -       0x00000020   Zero   RW         5160    .bss                gimbal_channel.o
    0x240262f0        -       0x000003d8   Zero   RW         5434    .bss                can_bsp.o
    0x240266c8        -       0x000005d7   Zero   RW         5806    .bss                bsp_usart.o
    0x24026c9f        -       0x00000400   Zero   RW         5807    .bss                bsp_usart.o
    0x2402709f        -       0x00000200   Zero   RW         5811    .bss                bsp_usart.o
    0x2402729f        -       0x00007800   Zero   RW        15164    .bss                heap_4.o
    0x2402ea9f   COMPRESSED   0x00000001   PAD
    0x2402eaa0        -       0x000002dc   Zero   RW        15304    .bss                usb_device.o
    0x2402ed7c        -       0x00001000   Zero   RW        15431    .bss                usbd_cdc_if.o
    0x2402fd7c        -       0x0000072c   Zero   RW        15530    .bss                usbd_conf.o
    0x240304a8        -       0x00000800   Zero   RW         7266    STACK               startup_stm32h723xx.o


==============================================================================

Image component sizes


      Code (inc. data)   RO Data    RW Data    ZI Data      Debug   Object Name

       580         74          0          0        344       3671   adc.o
      2728        204         40         12     144140      26305   arm_teach.o
      1018        122          0         28         52      12930   auto_aim.o
         0          0          0          0          0       3500   balance_chassis.o
      2564        132          0         72         76      12396   bmi088driver.o
       100         30          0          4          0       3668   bmi088middleware.o
        32         10          0          0          0       1081   bsp_buzzer.o
       496         76          0         64          0       5715   bsp_dwt.o
       188          6          0          0        256       3875   bsp_flash.o
       858        108          0         61       3055      10063   bsp_usart.o
       986         52          6         48        154      10605   calibrate_task.o
       312          6         24          0          0       7939   camera_channel.o
      1424        152          0         88        984     934822   can_bsp.o
      1032        110          0         16          0       8045   chassis_behaviour.o
       340         52          0         16          0       1992   chassis_power_control.o
         0          0          0          0        608       2017   chassis_task.o
        84          0          0          0          0      13441   cmsis_os.o
      1290         10          0          0          0      19685   comm.o
       604         46         96          0       2224      19096   comm_app.o
        88         18          0          0         36       1863   crc.o
        72         10        768          0          0       2506   crc8_crc16.o
        24          6          0          0        540       3088   detect_task.o
       140          4          0          0          0       1050   dma.o
         0          0          0          0          0        616   double_yaw_pitch.o
       988         38        208         24          0      11971   engineer.o
         0          0          0          0          0       5292   event_groups.o
       656         58          0          4        480       3773   fdcan.o
        24          0          0          0          0       2312   fifo.o
       188         10        209         28          0      10492   freertos.o
         0          0          0         28          0       5359   gimbal_behaviour.o
       704         14         32          0         32      13373   gimbal_channel.o
       456         54          0         20       1664       9188   gimbal_task.o
       284         16          0          0          0    1309890   gpio.o
       476         24          0         32      30720       7891   heap_4.o
         0          0          0          0          0      28994   infantry_robot.o
      1296        114          0         44        332      41472   ins_task.o
      1240         14          0          4          0       9014   kalman_filter.o
      4018        182        208         12          0      21174   kinematics.o
       746         84         30          1         76      10347   light_task.o
       138          0          0          0          0       3986   list.o
       762         26          0          4          0       7174   mahony_filter.o
       660         82          8          4       3268    1238095   main.o
      2084        144         48          8         16      10612   mecanum_chassis.o
        28          6          0          0          0       2342   message_task.o
      7046        442        184        240        768      34070   multi-axis_robotic_arm.o
        60          6          0         72          0       4154   observer.o
       576         64          0          0         92       3092   octospi.o
       488         20          0          0          0       3430   pid.o
        84          0          0          0          0       3207   platform_stm32.o
       706         74          0         12          0      11676   port.o
        52         10          0          0        489       8587   referee.o
       162          4          0          0         46       4610   remote_control.o
       116         18          0          0         20       1963   rng.o
         0          0          0          8          0        309   robot_param.o
         0          0          0          0          0     935579   shoot.o
        16          0          0          0          0       4776   shoot_none.o
       404         36          0          0        376       2355   spi.o
        36          8        716          0       2048        840   startup_stm32h723xx.o
       156         32          0         12          0      23350   stm32h7xx_hal.o
      3434        240          0          0          0      85899   stm32h7xx_hal_adc.o
       460         32          0          0          0      68917   stm32h7xx_hal_adc_ex.o
       196         22          0          0          0      39753   stm32h7xx_hal_cortex.o
       120          6          0          0          0       1391   stm32h7xx_hal_crc.o
        84          0          0          0          0       1503   stm32h7xx_hal_crc_ex.o
      5980        242          8          0          0      12618   stm32h7xx_hal_dma.o
      2846         48         92          0          0      23280   stm32h7xx_hal_fdcan.o
       902         86          0          0          0       3454   stm32h7xx_hal_gpio.o
        36          4          0          0          0       1054   stm32h7xx_hal_msp.o
      2760         48          0          0          0      13064   stm32h7xx_hal_ospi.o
      2682         16          0          0          0      14664   stm32h7xx_hal_pcd.o
       120          6          0          0          0       3559   stm32h7xx_hal_pcd_ex.o
       100         10          0          0          0       1462   stm32h7xx_hal_pwr_ex.o
      2466        110          0          0          0       8261   stm32h7xx_hal_rcc.o
      4618        168          0          0          0      10951   stm32h7xx_hal_rcc_ex.o
       224          8          0          0          0       1547   stm32h7xx_hal_rng.o
      1858         18          0          0          0      10641   stm32h7xx_hal_spi.o
      2760        300          0          0          0      19480   stm32h7xx_hal_tim.o
       386         46          0          0          0       4572   stm32h7xx_hal_tim_ex.o
       140         20          0          0         76       1763   stm32h7xx_hal_timebase_tim.o
      4822        214         24          0          0      41935   stm32h7xx_hal_uart.o
       368          6         16          0          0       7553   stm32h7xx_hal_uart_ex.o
       220        102          0          0          0      11670   stm32h7xx_it.o
      2716        134          0          0          0      24828   stm32h7xx_ll_usb.o
       192         34         16          8          0       1650   system_stm32h7xx.o
      1408        116          0         60        240      19482   tasks.o
       928         80          0          0        304       6031   tim.o
       918          4         12          0          0      13023   time_sync_channel.o
      1746         70          0          0          0      18986   uproto.o
      1212         96          0          0       1072       5163   usart.o
       104         24          0          4          0      15221   usb_cdc_port.o
        84         18          0          0        732        908   usb_device.o
      1284         40          0        139          0      15553   usbd_cdc.o
       136         26          0         20       4096       9660   usbd_cdc_if.o
       620         24          0          0       1836      18360   usbd_conf.o
       932          0          0          0          0      16735   usbd_core.o
      1360         22          0          1          0      15760   usbd_ctlreq.o
       292        106          0         94        512       6933   usbd_desc.o
       132          0          0          0          0       5028   usbd_ioreq.o
       212          0          0          0          0       6728   user_lib.o
       796         38          0          0          0       7090   w25q64.o

    ----------------------------------------------------------------------
     92386       5392       2816       1304     201768    5500848   Object Totals
         0          0         64          0          0          0   (incl. Generated)
       122          0          7         12          4          0   (incl. Padding)

    ----------------------------------------------------------------------

      Code (inc. data)   RO Data    RW Data    ZI Data      Debug   Library Member Name

         0          0       2052          0          0       4961   arm_common_tables.o
       144         12          0          0          0       1111   arm_cos_f32.o
       190          0          0          0          0       1836   arm_mat_add_f32.o
       716          4          0          0          0       3547   arm_mat_inverse_f32.o
       304          4          0          0          0       2362   arm_mat_mult_f32.o
       190          0          0          0          0       1834   arm_mat_sub_f32.o
       180          0          0          0          0       1862   arm_mat_trans_f32.o
       140         12          0          0          0       1098   arm_sin_f32.o
       292         58          0          0          0        176   acosf.o
       312         54          0          0          0        176   asinf.o
       600         98          0          0          0        184   atan2f.o
       336         60          0          0          0        136   cosf.o
        38          0          0          0          0        116   fpclassifyf.o
        44         12          0          0          0        464   funder.o
       340         24         32          0          0        160   rredf.o
       404         60          0          0          0        212   sinf.o
       102          0          0          0          0        140   sqrt.o
       120          0          0          0          0        272   sqrtf.o
        86          0          0          0          0          0   __dczerorl2.o
         0          0          0          0          0          0   entry.o
         0          0          0          0          0          0   entry10a.o
         0          0          0          0          0          0   entry11a.o
         8          4          0          0          0          0   entry2.o
         4          0          0          0          0          0   entry5.o
         0          0          0          0          0          0   entry7b.o
         0          0          0          0          0          0   entry8b.o
         8          4          0          0          0          0   entry9a.o
        12          6          0          4          0         68   errno.o
        30          0          0          0          0          0   handlers.o
        36          8          0          0          0         68   init.o
         0          0          0          0          0          0   iusefp.o
        98          0          0          0          0         84   ldiv.o
        30          0          0          0          0         68   llshl.o
        32          0          0          0          0         68   llushr.o
        36          0          0          0          0         68   memcpya.o
        36          0          0          0          0        108   memseta.o
        98          0          0          0          0         92   uldiv.o

    ----------------------------------------------------------------------
      4978        420       2084          4          0      21271   Library Totals
        12          0          0          0          0          0   (incl. Padding)

    ----------------------------------------------------------------------

      Code (inc. data)   RO Data    RW Data    ZI Data      Debug   Library Name

      1864         32       2052          0          0      18611   arm_cortexM7lfdp_math.lib
      2588        366         32          0          0       2036   m_wv.l
       514         22          0          4          0        624   mc_w.l

    ----------------------------------------------------------------------
      4978        420       2084          4          0      21271   Library Totals

    ----------------------------------------------------------------------

==============================================================================


      Code (inc. data)   RO Data    RW Data    ZI Data      Debug   

     97364       5812       4900       1308     201768    5452799   Grand Totals
     97364       5812       4900        528     201768    5452799   ELF Image Totals (compressed)
     97364       5812       4900        528          0          0   ROM Totals

==============================================================================

    Total RO  Size (Code + RO Data)               102264 (  99.87kB)
    Total RW  Size (RW Data + ZI Data)            203076 ( 198.32kB)
    Total ROM Size (Code + RO Data + RW Data)     102792 ( 100.38kB)

==============================================================================

