Component: ARM Compiler 5.06 update 5 (build 528) Tool: armlink [4d35e2]

==============================================================================

Section Cross References

    main.o(i.HAL_TIM_PeriodElapsedCallback) refers to stm32h7xx_hal.o(i.HAL_IncTick) for HAL_IncTick
    main.o(i.PeriphCommonClock_Config) refers to memseta.o(.text) for __aeabi_memclr4
    main.o(i.PeriphCommonClock_Config) refers to stm32h7xx_hal_rcc_ex.o(i.HAL_RCCEx_PeriphCLKConfig) for HAL_RCCEx_PeriphCLKConfig
    main.o(i.SystemClock_Config) refers to memseta.o(.text) for __aeabi_memclr4
    main.o(i.SystemClock_Config) refers to stm32h7xx_hal_pwr_ex.o(i.HAL_PWREx_ConfigSupply) for HAL_PWREx_ConfigSupply
    main.o(i.SystemClock_Config) refers to stm32h7xx_hal_rcc.o(i.HAL_RCC_OscConfig) for HAL_RCC_OscConfig
    main.o(i.SystemClock_Config) refers to stm32h7xx_hal_rcc.o(i.HAL_RCC_ClockConfig) for HAL_RCC_ClockConfig
    main.o(i.main) refers to stm32h7xx_hal.o(i.HAL_Init) for HAL_Init
    main.o(i.main) refers to main.o(i.SystemClock_Config) for SystemClock_Config
    main.o(i.main) refers to main.o(i.PeriphCommonClock_Config) for PeriphCommonClock_Config
    main.o(i.main) refers to gpio.o(i.MX_GPIO_Init) for MX_GPIO_Init
    main.o(i.main) refers to dma.o(i.MX_DMA_Init) for MX_DMA_Init
    main.o(i.main) refers to spi.o(i.MX_SPI2_Init) for MX_SPI2_Init
    main.o(i.main) refers to fdcan.o(i.MX_FDCAN1_Init) for MX_FDCAN1_Init
    main.o(i.main) refers to fdcan.o(i.MX_FDCAN2_Init) for MX_FDCAN2_Init
    main.o(i.main) refers to tim.o(i.MX_TIM3_Init) for MX_TIM3_Init
    main.o(i.main) refers to fdcan.o(i.MX_FDCAN3_Init) for MX_FDCAN3_Init
    main.o(i.main) refers to usart.o(i.MX_USART1_UART_Init) for MX_USART1_UART_Init
    main.o(i.main) refers to usart.o(i.MX_UART5_Init) for MX_UART5_Init
    main.o(i.main) refers to usart.o(i.MX_USART10_UART_Init) for MX_USART10_UART_Init
    main.o(i.main) refers to crc.o(i.MX_CRC_Init) for MX_CRC_Init
    main.o(i.main) refers to rng.o(i.MX_RNG_Init) for MX_RNG_Init
    main.o(i.main) refers to adc.o(i.MX_ADC1_Init) for MX_ADC1_Init
    main.o(i.main) refers to usart.o(i.MX_UART7_Init) for MX_UART7_Init
    main.o(i.main) refers to tim.o(i.MX_TIM1_Init) for MX_TIM1_Init
    main.o(i.main) refers to tim.o(i.MX_TIM2_Init) for MX_TIM2_Init
    main.o(i.main) refers to tim.o(i.MX_TIM12_Init) for MX_TIM12_Init
    main.o(i.main) refers to adc.o(i.MX_ADC3_Init) for MX_ADC3_Init
    main.o(i.main) refers to octospi.o(i.MX_OCTOSPI2_Init) for MX_OCTOSPI2_Init
    main.o(i.main) refers to usb_device.o(i.MX_USB_DEVICE_Init) for MX_USB_DEVICE_Init
    main.o(i.main) refers to bsp_dwt.o(i.DWT_Init) for DWT_Init
    main.o(i.main) refers to calibrate_task.o(i.cali_param_init) for cali_param_init
    main.o(i.main) refers to bmi088driver.o(i.BMI088_init) for BMI088_init
    main.o(i.main) refers to stm32h7xx_hal_gpio.o(i.HAL_GPIO_WritePin) for HAL_GPIO_WritePin
    main.o(i.main) refers to can_bsp.o(i.FDCAN1_Config) for FDCAN1_Config
    main.o(i.main) refers to can_bsp.o(i.FDCAN2_Config) for FDCAN2_Config
    main.o(i.main) refers to can_bsp.o(i.FDCAN3_Config) for FDCAN3_Config
    main.o(i.main) refers to stm32h7xx_hal_uart.o(i.HAL_UART_Receive_IT) for HAL_UART_Receive_IT
    main.o(i.main) refers to stm32h7xx_hal_uart_ex.o(i.HAL_UARTEx_ReceiveToIdle_DMA) for HAL_UARTEx_ReceiveToIdle_DMA
    main.o(i.main) refers to stm32h7xx_hal_adc_ex.o(i.HAL_ADCEx_Calibration_Start) for HAL_ADCEx_Calibration_Start
    main.o(i.main) refers to stm32h7xx_hal_adc.o(i.HAL_ADC_Start_DMA) for HAL_ADC_Start_DMA
    main.o(i.main) refers to stm32h7xx_hal_adc.o(i.HAL_ADC_Start) for HAL_ADC_Start
    main.o(i.main) refers to fifo.o(i.fifo_s_init) for fifo_s_init
    main.o(i.main) refers to main.o(i.proto_init_from_main) for proto_init_from_main
    main.o(i.main) refers to freertos.o(i.MX_FREERTOS_Init) for MX_FREERTOS_Init
    main.o(i.main) refers to cmsis_os.o(i.osKernelStart) for osKernelStart
    main.o(i.main) refers to spi.o(.bss) for hspi2
    main.o(i.main) refers to bsp_usart.o(.bss) for usart7_buf
    main.o(i.main) refers to usart.o(.bss) for huart7
    main.o(i.main) refers to bsp_usart.o(.bss) for usart10_buf
    main.o(i.main) refers to adc.o(.bss) for hadc3
    main.o(i.main) refers to main.o(.data) for .data
    main.o(i.main) refers to bsp_usart.o(.bss) for referee_fifo_buf
    main.o(i.main) refers to bsp_usart.o(.bss) for referee_fifo
    main.o(i.proto_init_from_main) refers to usb_cdc_port.o(i.usb_cdc_port_get_ops) for usb_cdc_port_get_ops
    main.o(i.proto_init_from_main) refers to uproto.o(i.uproto_init) for uproto_init
    main.o(i.proto_init_from_main) refers to main.o(.constdata) for .constdata
    main.o(i.proto_init_from_main) refers to main.o(.bss) for .bss
    main.o(i.proto_time_now) refers to stm32h7xx_hal.o(i.HAL_GetTick) for HAL_GetTick
    main.o(.constdata) refers to main.o(i.proto_time_now) for proto_time_now
[...]
    hpcd_USB_OTG_HS                          0x2400d240   Data        1292  usbd_conf.o(.bss)
    __initial_sp                             0x2400df50   Data           0  startup_stm32h723xx.o(STACK)



==============================================================================

Memory Map of the image

  Image Entry point : 0x080002cd

  Load Region LR_IROM1 (Base: 0x08000000, Size: 0x000153f8, Max: 0x00100000, ABSOLUTE, COMPRESSED[0x000150d8])

    Execution Region ER_IROM1 (Exec base: 0x08000000, Load base: 0x08000000, Size: 0x00014ef8, Max: 0x00100000, ABSOLUTE)

    Exec Addr    Load Addr    Size         Type   Attr      Idx    E Section Name        Object

    0x08000000   0x08000000   0x000002cc   Data   RO         6146    RESET               startup_stm32h723xx.o
    0x080002cc   0x080002cc   0x00000000   Code   RO        15262  * .ARM.Collect$$$$00000000  mc_w.l(entry.o)
    0x080002cc   0x080002cc   0x00000004   Code   RO        15619    .ARM.Collect$$$$00000001  mc_w.l(entry2.o)
    0x080002d0   0x080002d0   0x00000004   Code   RO        15622    .ARM.Collect$$$$00000004  mc_w.l(entry5.o)
    0x080002d4   0x080002d4   0x00000000   Code   RO        15624    .ARM.Collect$$$$00000008  mc_w.l(entry7b.o)
    0x080002d4   0x080002d4   0x00000000   Code   RO        15626    .ARM.Collect$$$$0000000A  mc_w.l(entry8b.o)
    0x080002d4   0x080002d4   0x00000008   Code   RO        15627    .ARM.Collect$$$$0000000B  mc_w.l(entry9a.o)
    0x080002dc   0x080002dc   0x00000000   Code   RO        15629    .ARM.Collect$$$$0000000D  mc_w.l(entry10a.o)
    0x080002dc   0x080002dc   0x00000000   Code   RO        15631    .ARM.Collect$$$$0000000F  mc_w.l(entry11a.o)
    0x080002dc   0x080002dc   0x00000004   Code   RO        15620    .ARM.Collect$$$$00002712  mc_w.l(entry2.o)
    0x080002e0   0x080002e0   0x000000be   Code   RO        14097    .emb_text           port.o
    0x0800039e   0x0800039e   0x00000002   PAD
    0x080003a0   0x080003a0   0x00000024   Code   RO         6147    .text               startup_stm32h723xx.o
    0x080003c4   0x080003c4   0x00000062   Code   RO        15265    .text               mc_w.l(uldiv.o)
    0x08000426   0x08000426   0x00000020   Code   RO        15269    .text               mc_w.l(llushr.o)
    0x08000446   0x08000446   0x00000024   Code   RO        15271    .text               mc_w.l(memcpya.o)
    0x0800046a   0x0800046a   0x00000024   Code   RO        15275    .text               mc_w.l(memseta.o)
    0x0800048e   0x0800048e   0x0000000e   Code   RO        15277    .text               mc_w.l(strlen.o)
    0x0800049c   0x0800049c   0x0000001a   Code   RO        15279    .text               mc_w.l(memcmp.o)
    0x080004b6   0x080004b6   0x0000001e   Code   RO        15638    .text               mc_w.l(llshl.o)
    0x080004d4   0x080004d4   0x00000000   Code   RO        15649    .text               mc_w.l(iusefp.o)
    0x080004d4   0x080004d4   0x00000024   Code   RO        15670    .text               mc_w.l(init.o)
    0x080004f8   0x080004f8   0x00000056   Code   RO        15686    .text               mc_w.l(__dczerorl2.o)
    0x0800054e   0x0800054e   0x00000002   PAD
    0x08000550   0x08000550   0x00000090   Code   RO        14993    .text.arm_cos_f32   arm_cortexM7lfdp_math.lib(arm_cos_f32.o)
    0x080005e0   0x080005e0   0x000000be   Code   RO        15013    .text.arm_mat_add_f32  arm_cortexM7lfdp_math.lib(arm_mat_add_f32.o)
    0x0800069e   0x0800069e   0x00000002   PAD
    0x080006a0   0x080006a0   0x000002cc   Code   RO        15032    .text.arm_mat_inverse_f32  arm_cortexM7lfdp_math.lib(arm_mat_inverse_f32.o)
    0x0800096c   0x0800096c   0x00000130   Code   RO        15042    .text.arm_mat_mult_f32  arm_cortexM7lfdp_math.lib(arm_mat_mult_f32.o)
    0x08000a9c   0x08000a9c   0x000000be   Code   RO        15052    .text.arm_mat_sub_f32  arm_cortexM7lfdp_math.lib(arm_mat_sub_f32.o)
    0x08000b5a   0x08000b5a   0x00000002   PAD
    0x08000b5c   0x08000b5c   0x000000b4   Code   RO        15062    .text.arm_mat_trans_f32  arm_cortexM7lfdp_math.lib(arm_mat_trans_f32.o)
    0x08000c10   0x08000c10   0x0000008c   Code   RO        15003    .text.arm_sin_f32   arm_cortexM7lfdp_math.lib(arm_sin_f32.o)
    0x08000c9c   0x08000c9c   0x000000e4   Code   RO        10184    i.ADC_ConfigureBoostMode  stm32h7xx_hal_adc.o
    0x08000d80   0x08000d80   0x00000068   Code   RO        10186    i.ADC_DMAConvCplt   stm32h7xx_hal_adc.o
    0x08000de8   0x08000de8   0x0000001a   Code   RO        10187    i.ADC_DMAError      stm32h7xx_hal_adc.o
    0x08000e02   0x08000e02   0x0000000a   Code   RO        10188    i.ADC_DMAHalfConvCplt  stm32h7xx_hal_adc.o
    0x08000e0c   0x08000e0c   0x00000070   Code   RO        10189    i.ADC_Disable       stm32h7xx_hal_adc.o
    0x08000e7c   0x08000e7c   0x000000a8   Code   RO        10190    i.ADC_Enable        stm32h7xx_hal_adc.o
    0x08000f24   0x08000f24   0x00000010   Code   RO        12731    i.BMI088_ACCEL_NS_H  bmi088middleware.o
    0x08000f34   0x08000f34   0x00000010   Code   RO        12732    i.BMI088_ACCEL_NS_L  bmi088middleware.o
    0x08000f44   0x08000f44   0x00000010   Code   RO        12733    i.BMI088_GYRO_NS_H  bmi088middleware.o
    0x08000f54   0x08000f54   0x00000010   Code   RO        12734    i.BMI088_GYRO_NS_L  bmi088middleware.o
    0x08000f64   0x08000f64   0x00000208   Code   RO        12644    i.BMI088_Read       bmi088driver.o
    0x0800116c   0x0800116c   0x00000098   Code   RO        12645    i.BMI088_init       bmi088driver.o
    0x08001204   0x08001204   0x00000024   Code   RO        12646    i.BMI088_read_muli_reg  bmi088driver.o
    0x08001228   0x08001228   0x00000016   Code   RO        12647    i.BMI088_read_single_reg  bmi088driver.o
    0x0800123e   0x0800123e   0x00000002   PAD
    0x08001240   0x08001240   0x00000024   Code   RO        12735    i.BMI088_read_write_byte  bmi088middleware.o
    0x08001264   0x08001264   0x00000012   Code   RO        12648    i.BMI088_write_single_reg  bmi088driver.o
    0x08001276   0x08001276   0x000000d2   Code   RO         1278    i.BodyFrameToEarthFrame  ins_task.o
    0x08001348   0x08001348   0x00000002   Code   RO         1049    i.BusFault_Handler  stm32h7xx_it.o
    0x0800134a   0x0800134a   0x00000002   PAD
    0x0800134c   0x0800134c   0x000000dc   Code   RO         4569    i.CAN_cmd_MIT       can_bsp.o
    0x08001428   0x08001428   0x00000034   Code   RO         4572    i.CAN_cmd_chassis   can_bsp.o
    0x0800145c   0x0800145c   0x00000004   Code   RO        14298    i.CDC_Control_HS    usbd_cdc_if.o
    0x08001460   0x08001460   0x00000004   Code   RO        14299    i.CDC_DeInit_HS     usbd_cdc_if.o
    0x08001464   0x08001464   0x00000024   Code   RO        14300    i.CDC_Init_HS       usbd_cdc_if.o
    0x08001488   0x08001488   0x0000002c   Code   RO        14301    i.CDC_Receive_HS    usbd_cdc_if.o
    0x080014b4   0x080014b4   0x00000004   Code   RO        14302    i.CDC_TransmitCplt_HS  usbd_cdc_if.o
    0x080014b8   0x080014b8   0x0000002c   Code   RO        14303    i.CDC_Transmit_HS   usbd_cdc_if.o
    0x080014e4   0x080014e4   0x000004ee   Code   RO        12649    i.Calibrate_MPU_Offset  bmi088driver.o
    0x080019d2   0x080019d2   0x00000002   PAD
    0x080019d4   0x080019d4   0x0000000c   Code   RO         1050    i.DMA1_Stream0_IRQHandler  stm32h7xx_it.o
    0x080019e0   0x080019e0   0x0000000c   Code   RO         1051    i.DMA1_Stream1_IRQHandler  stm32h7xx_it.o
    0x080019ec   0x080019ec   0x0000000c   Code   RO         1052    i.DMA1_Stream2_IRQHandler  stm32h7xx_it.o
    0x080019f8   0x080019f8   0x0000000c   Code   RO         1053    i.DMA1_Stream3_IRQHandler  stm32h7xx_it.o
    0x08001a04   0x08001a04   0x0000000c   Code   RO         1054    i.DMA1_Stream4_IRQHandler  stm32h7xx_it.o
    0x08001a10   0x08001a10   0x0000000c   Code   RO         1055    i.DMA1_Stream5_IRQHandler  stm32h7xx_it.o
    0x08001a1c   0x08001a1c   0x0000000c   Code   RO         1056    i.DMA1_Stream6_IRQHandler  stm32h7xx_it.o
    0x08001a28   0x08001a28   0x000000b4   Code   RO         8402    i.DMA_CalcBaseAndBitshift  stm32h7xx_hal_dma.o
    0x08001adc   0x08001adc   0x0000009c   Code   RO         8403    i.DMA_CalcDMAMUXChannelBaseAndMask  stm32h7xx_hal_dma.o
    0x08001b78   0x08001b78   0x00000074   Code   RO         8404    i.DMA_CalcDMAMUXRequestGenBaseAndMask  stm32h7xx_hal_dma.o
    0x08001bec   0x08001bec   0x00000054   Code   RO         8405    i.DMA_CheckFifoParam  stm32h7xx_hal_dma.o
    0x08001c40   0x08001c40   0x00000220   Code   RO         8406    i.DMA_SetConfig     stm32h7xx_hal_dma.o
    0x08001e60   0x08001e60   0x00000024   Code   RO         4492    i.DWT_CNT_Update    bsp_dwt.o
    0x08001e84   0x08001e84   0x00000034   Code   RO         4493    i.DWT_Delay         bsp_dwt.o
    0x08001eb8   0x08001eb8   0x00000044   Code   RO         4494    i.DWT_GetDeltaT     bsp_dwt.o
    0x08001efc   0x08001efc   0x00000044   Code   RO         4497    i.DWT_GetTimeline_s  bsp_dwt.o
    0x08001f40   0x08001f40   0x00000048   Code   RO         4499    i.DWT_Init          bsp_dwt.o
    0x08001f88   0x08001f88   0x0000009c   Code   RO         4500    i.DWT_SysTimeUpdate  bsp_dwt.o
    0x08002024   0x08002024   0x00000002   Code   RO         1057    i.DebugMon_Handler  stm32h7xx_it.o
    0x08002026   0x08002026   0x000000d2   Code   RO         1279    i.EarthFrameToBodyFrame  ins_task.o
    0x080020f8   0x080020f8   0x00000004   Code   RO            4    i.Error_Handler     main.o
    0x080020fc   0x080020fc   0x00000060   Code   RO         4577    i.FDCAN1_Config     can_bsp.o
    0x0800215c   0x0800215c   0x0000000c   Code   RO         1058    i.FDCAN1_IT0_IRQHandler  stm32h7xx_it.o
    0x08002168   0x08002168   0x00000060   Code   RO         4578    i.FDCAN2_Config     can_bsp.o
    0x080021c8   0x080021c8   0x0000000c   Code   RO         1059    i.FDCAN2_IT0_IRQHandler  stm32h7xx_it.o
    0x080021d4   0x080021d4   0x00000060   Code   RO         4579    i.FDCAN3_Config     can_bsp.o
    0x08002234   0x08002234   0x0000000c   Code   RO         1060    i.FDCAN3_IT0_IRQHandler  stm32h7xx_it.o
    0x08002240   0x08002240   0x000001c8   Code   RO        10756    i.FDCAN_CalcultateRamBlockAddresses  stm32h7xx_hal_fdcan.o
    0x08002408   0x08002408   0x00000070   Code   RO        10757    i.FDCAN_CopyMessageToRAM  stm32h7xx_hal_fdcan.o
    0x08002478   0x08002478   0x0000009c   Code   RO        10416    i.HAL_ADCEx_Calibration_Start  stm32h7xx_hal_adc_ex.o
    0x08002514   0x08002514   0x00000128   Code   RO        10436    i.HAL_ADCEx_MultiModeConfigChannel  stm32h7xx_hal_adc_ex.o
    0x0800263c   0x0800263c   0x00000598   Code   RO        10192    i.HAL_ADC_ConfigChannel  stm32h7xx_hal_adc.o
    0x08002bd4   0x08002bd4   0x00000002   Code   RO        10193    i.HAL_ADC_ConvCpltCallback  stm32h7xx_hal_adc.o
    0x08002bd6   0x08002bd6   0x00000002   Code   RO        10194    i.HAL_ADC_ConvHalfCpltCallback  stm32h7xx_hal_adc.o
    0x08002bd8   0x08002bd8   0x00000002   Code   RO        10196    i.HAL_ADC_ErrorCallback  stm32h7xx_hal_adc.o
    0x08002bda   0x08002bda   0x00000006   Code   RO        10199    i.HAL_ADC_GetValue  stm32h7xx_hal_adc.o
    0x08002be0   0x08002be0   0x000002a8   Code   RO        10201    i.HAL_ADC_Init      stm32h7xx_hal_adc.o
    0x08002e88   0x08002e88   0x000000d8   Code   RO          611    i.HAL_ADC_MspInit   adc.o
    0x08002f60   0x08002f60   0x00000108   Code   RO        10207    i.HAL_ADC_Start     stm32h7xx_hal_adc.o
    0x08003068   0x08003068   0x0000012c   Code   RO        10208    i.HAL_ADC_Start_DMA  stm32h7xx_hal_adc.o
    0x08003194   0x08003194   0x00000054   Code   RO        10722    i.HAL_CRCEx_Polynomial_Set  stm32h7xx_hal_crc_ex.o
    0x080031e8   0x080031e8   0x00000078   Code   RO        10656    i.HAL_CRC_Init      stm32h7xx_hal_crc.o
    0x08003260   0x08003260   0x00000028   Code   RO          665    i.HAL_CRC_MspInit   crc.o
    0x08003288   0x08003288   0x00000360   Code   RO         8407    i.HAL_DMA_Abort     stm32h7xx_hal_dma.o
    0x080035e8   0x080035e8   0x00000284   Code   RO         8408    i.HAL_DMA_Abort_IT  stm32h7xx_hal_dma.o
    0x0800386c   0x0800386c   0x000006e8   Code   RO         8412    i.HAL_DMA_IRQHandler  stm32h7xx_hal_dma.o
    0x08003f54   0x08003f54   0x000003bc   Code   RO         8413    i.HAL_DMA_Init      stm32h7xx_hal_dma.o
    0x08004310   0x08004310   0x0000029c   Code   RO         8417    i.HAL_DMA_Start_IT  stm32h7xx_hal_dma.o
    0x080045ac   0x080045ac   0x00000024   Code   RO         9245    i.HAL_Delay         stm32h7xx_hal.o
    0x080045d0   0x080045d0   0x00000088   Code   RO        10759    i.HAL_FDCAN_ActivateNotification  stm32h7xx_hal_fdcan.o
    0x08004658   0x08004658   0x00000066   Code   RO        10761    i.HAL_FDCAN_AddMessageToTxFifoQ  stm32h7xx_hal_fdcan.o
    0x080046be   0x080046be   0x00000002   Code   RO        10762    i.HAL_FDCAN_ClockCalibrationCallback  stm32h7xx_hal_fdcan.o
    0x080046c0   0x080046c0   0x0000007e   Code   RO        10766    i.HAL_FDCAN_ConfigFilter  stm32h7xx_hal_fdcan.o
    0x0800473e   0x0800473e   0x00000032   Code   RO        10767    i.HAL_FDCAN_ConfigGlobalFilter  stm32h7xx_hal_fdcan.o
    0x08004770   0x08004770   0x00000002   Code   RO        10788    i.HAL_FDCAN_ErrorCallback  stm32h7xx_hal_fdcan.o
    0x08004772   0x08004772   0x00000002   Code   RO        10789    i.HAL_FDCAN_ErrorStatusCallback  stm32h7xx_hal_fdcan.o
    0x08004774   0x08004774   0x00000194   Code   RO        10800    i.HAL_FDCAN_GetRxMessage  stm32h7xx_hal_fdcan.o
    0x08004908   0x08004908   0x00000002   Code   RO        10806    i.HAL_FDCAN_HighPriorityMessageCallback  stm32h7xx_hal_fdcan.o
    0x0800490a   0x0800490a   0x00000002   PAD
    0x0800490c   0x0800490c   0x00000320   Code   RO        10807    i.HAL_FDCAN_IRQHandler  stm32h7xx_hal_fdcan.o
    0x08004c2c   0x08004c2c   0x00000244   Code   RO        10808    i.HAL_FDCAN_Init    stm32h7xx_hal_fdcan.o
    0x08004e70   0x08004e70   0x0000013c   Code   RO          731    i.HAL_FDCAN_MspInit  fdcan.o
    0x08004fac   0x08004fac   0x00000002   Code   RO        10817    i.HAL_FDCAN_RxBufferNewMessageCallback  stm32h7xx_hal_fdcan.o
    0x08004fae   0x08004fae   0x00000002   PAD
    0x08004fb0   0x08004fb0   0x00000094   Code   RO         4580    i.HAL_FDCAN_RxFifo0Callback  can_bsp.o
    0x08005044   0x08005044   0x00000100   Code   RO         4581    i.HAL_FDCAN_RxFifo1Callback  can_bsp.o
    0x08005144   0x08005144   0x00000032   Code   RO        10820    i.HAL_FDCAN_Start   stm32h7xx_hal_fdcan.o
    0x08005176   0x08005176   0x00000002   Code   RO        10842    i.HAL_FDCAN_TT_GlobalTimeCallback  stm32h7xx_hal_fdcan.o
    0x08005178   0x08005178   0x00000002   Code   RO        10843    i.HAL_FDCAN_TT_ScheduleSyncCallback  stm32h7xx_hal_fdcan.o
    0x0800517a   0x0800517a   0x00000002   Code   RO        10848    i.HAL_FDCAN_TT_StopWatchCallback  stm32h7xx_hal_fdcan.o
    0x0800517c   0x0800517c   0x00000002   Code   RO        10849    i.HAL_FDCAN_TT_TimeMarkCallback  stm32h7xx_hal_fdcan.o
    0x0800517e   0x0800517e   0x00000002   Code   RO        10850    i.HAL_FDCAN_TimeoutOccurredCallback  stm32h7xx_hal_fdcan.o
    0x08005180   0x08005180   0x00000002   Code   RO        10851    i.HAL_FDCAN_TimestampWraparoundCallback  stm32h7xx_hal_fdcan.o
    0x08005182   0x08005182   0x00000002   Code   RO        10852    i.HAL_FDCAN_TxBufferAbortCallback  stm32h7xx_hal_fdcan.o
    0x08005184   0x08005184   0x00000002   Code   RO        10853    i.HAL_FDCAN_TxBufferCompleteCallback  stm32h7xx_hal_fdcan.o
    0x08005186   0x08005186   0x00000002   Code   RO        10854    i.HAL_FDCAN_TxEventFifoCallback  stm32h7xx_hal_fdcan.o
    0x08005188   0x08005188   0x00000002   Code   RO        10855    i.HAL_FDCAN_TxFifoEmptyCallback  stm32h7xx_hal_fdcan.o
    0x0800518a   0x0800518a   0x00000002   PAD
    0x0800518c   0x0800518c   0x0000021c   Code   RO         8255    i.HAL_GPIO_Init     stm32h7xx_hal_gpio.o
    0x080053a8   0x080053a8   0x0000000a   Code   RO         8259    i.HAL_GPIO_WritePin  stm32h7xx_hal_gpio.o
    0x080053b2   0x080053b2   0x00000002   PAD
    0x080053b4   0x080053b4   0x0000000c   Code   RO         9261    i.HAL_GetTick       stm32h7xx_hal.o
    0x080053c0   0x080053c0   0x00000010   Code   RO         9267    i.HAL_IncTick       stm32h7xx_hal.o
    0x080053d0   0x080053d0   0x0000005c   Code   RO         9268    i.HAL_Init          stm32h7xx_hal.o
    0x0800542c   0x0800542c   0x0000008c   Code   RO         1239    i.HAL_InitTick      stm32h7xx_hal_timebase_tim.o
    0x080054b8   0x080054b8   0x00000024   Code   RO         1215    i.HAL_MspInit       stm32h7xx_hal_msp.o
    0x080054dc   0x080054dc   0x0000001a   Code   RO         9103    i.HAL_NVIC_EnableIRQ  stm32h7xx_hal_cortex.o
    0x080054f6   0x080054f6   0x00000002   PAD
    0x080054f8   0x080054f8   0x00000040   Code   RO         9109    i.HAL_NVIC_SetPriority  stm32h7xx_hal_cortex.o
    0x08005538   0x08005538   0x00000024   Code   RO         9110    i.HAL_NVIC_SetPriorityGrouping  stm32h7xx_hal_cortex.o
    0x0800555c   0x0800555c   0x00000024   Code   RO         9111    i.HAL_NVIC_SystemReset  stm32h7xx_hal_cortex.o
    0x08005580   0x08005580   0x00000418   Code   RO        11374    i.HAL_OSPIM_Config  stm32h7xx_hal_ospi.o
    0x08005998   0x08005998   0x000000aa   Code   RO        11378    i.HAL_OSPI_AutoPolling  stm32h7xx_hal_ospi.o
    0x08005a42   0x08005a42   0x000000a4   Code   RO        11381    i.HAL_OSPI_Command  stm32h7xx_hal_ospi.o
    0x08005ae6   0x08005ae6   0x00000002   PAD
    0x08005ae8   0x08005ae8   0x00000108   Code   RO        11392    i.HAL_OSPI_Init     stm32h7xx_hal_ospi.o
    0x08005bf0   0x08005bf0   0x00000150   Code   RO          786    i.HAL_OSPI_MspInit  octospi.o
    0x08005d40   0x08005d40   0x000000ac   Code   RO        11396    i.HAL_OSPI_Receive  stm32h7xx_hal_ospi.o
    0x08005dec   0x08005dec   0x00000028   Code   RO         7406    i.HAL_PCDEx_ActivateLPM  stm32h7xx_hal_pcd_ex.o
    0x08005e14   0x08005e14   0x00000002   Code   RO         7411    i.HAL_PCDEx_LPM_Callback  stm32h7xx_hal_pcd_ex.o
    0x08005e16   0x08005e16   0x00000008   Code   RO         7412    i.HAL_PCDEx_SetRxFiFo  stm32h7xx_hal_pcd_ex.o
    0x08005e1e   0x08005e1e   0x00000046   Code   RO         7413    i.HAL_PCDEx_SetTxFiFo  stm32h7xx_hal_pcd_ex.o
    0x08005e64   0x08005e64   0x00000008   Code   RO        14370    i.HAL_PCD_ConnectCallback  usbd_conf.o
    0x08005e6c   0x08005e6c   0x00000012   Code   RO        14371    i.HAL_PCD_DataInStageCallback  usbd_conf.o
    0x08005e7e   0x08005e7e   0x00000014   Code   RO        14372    i.HAL_PCD_DataOutStageCallback  usbd_conf.o
    0x08005e92   0x08005e92   0x00000008   Code   RO        14373    i.HAL_PCD_DisconnectCallback  usbd_conf.o
    0x08005e9a   0x08005e9a   0x0000001e   Code   RO         7182    i.HAL_PCD_EP_Abort  stm32h7xx_hal_pcd.o
    0x08005eb8   0x08005eb8   0x0000004c   Code   RO         7183    i.HAL_PCD_EP_Close  stm32h7xx_hal_pcd.o
    0x08005f04   0x08005f04   0x0000005c   Code   RO         7184    i.HAL_PCD_EP_ClrStall  stm32h7xx_hal_pcd.o
    0x08005f60   0x08005f60   0x00000012   Code   RO         7186    i.HAL_PCD_EP_GetRxCount  stm32h7xx_hal_pcd.o
    0x08005f72   0x08005f72   0x00000060   Code   RO         7187    i.HAL_PCD_EP_Open   stm32h7xx_hal_pcd.o
    0x08005fd2   0x08005fd2   0x00000034   Code   RO         7188    i.HAL_PCD_EP_Receive  stm32h7xx_hal_pcd.o
    0x08006006   0x08006006   0x00000074   Code   RO         7189    i.HAL_PCD_EP_SetStall  stm32h7xx_hal_pcd.o
    0x0800607a   0x0800607a   0x00000034   Code   RO         7190    i.HAL_PCD_EP_Transmit  stm32h7xx_hal_pcd.o
    0x080060ae   0x080060ae   0x00000002   PAD
    0x080060b0   0x080060b0   0x0000059c   Code   RO         7192    i.HAL_PCD_IRQHandler  stm32h7xx_hal_pcd.o
    0x0800664c   0x0800664c   0x00000008   Code   RO        14374    i.HAL_PCD_ISOINIncompleteCallback  usbd_conf.o
    0x08006654   0x08006654   0x00000008   Code   RO        14375    i.HAL_PCD_ISOOUTIncompleteCallback  usbd_conf.o
    0x0800665c   0x0800665c   0x000000f2   Code   RO         7195    i.HAL_PCD_Init      stm32h7xx_hal_pcd.o
    0x0800674e   0x0800674e   0x00000002   PAD
    0x08006750   0x08006750   0x00000064   Code   RO        14377    i.HAL_PCD_MspInit   usbd_conf.o
    0x080067b4   0x080067b4   0x0000002c   Code   RO        14378    i.HAL_PCD_ResetCallback  usbd_conf.o
    0x080067e0   0x080067e0   0x00000008   Code   RO        14379    i.HAL_PCD_ResumeCallback  usbd_conf.o
    0x080067e8   0x080067e8   0x00000008   Code   RO        14380    i.HAL_PCD_SOFCallback  usbd_conf.o
    0x080067f0   0x080067f0   0x00000028   Code   RO         7201    i.HAL_PCD_SetAddress  stm32h7xx_hal_pcd.o
    0x08006818   0x08006818   0x0000000e   Code   RO        14381    i.HAL_PCD_SetupStageCallback  usbd_conf.o
    0x08006826   0x08006826   0x00000042   Code   RO         7204    i.HAL_PCD_Start     stm32h7xx_hal_pcd.o
    0x08006868   0x08006868   0x00000030   Code   RO        14382    i.HAL_PCD_SuspendCallback  usbd_conf.o
    0x08006898   0x08006898   0x00000054   Code   RO         8856    i.HAL_PWREx_ConfigSupply  stm32h7xx_hal_pwr_ex.o
    0x080068ec   0x080068ec   0x00000010   Code   RO         8873    i.HAL_PWREx_EnableUSBVoltageDetector  stm32h7xx_hal_pwr_ex.o
    0x080068fc   0x080068fc   0x00000024   Code   RO         7898    i.HAL_RCCEx_GetD3PCLK1Freq  stm32h7xx_hal_rcc_ex.o
    0x08006920   0x08006920   0x00000148   Code   RO         7899    i.HAL_RCCEx_GetPLL1ClockFreq  stm32h7xx_hal_rcc_ex.o
    0x08006a68   0x08006a68   0x00000144   Code   RO         7900    i.HAL_RCCEx_GetPLL2ClockFreq  stm32h7xx_hal_rcc_ex.o
    0x08006bac   0x08006bac   0x00000144   Code   RO         7901    i.HAL_RCCEx_GetPLL3ClockFreq  stm32h7xx_hal_rcc_ex.o
    0x08006cf0   0x08006cf0   0x0000029c   Code   RO         7903    i.HAL_RCCEx_GetPeriphCLKFreq  stm32h7xx_hal_rcc_ex.o
    0x08006f8c   0x08006f8c   0x0000093a   Code   RO         7907    i.HAL_RCCEx_PeriphCLKConfig  stm32h7xx_hal_rcc_ex.o
    0x080078c6   0x080078c6   0x00000002   PAD
    0x080078c8   0x080078c8   0x0000025c   Code   RO         7783    i.HAL_RCC_ClockConfig  stm32h7xx_hal_rcc.o
    0x08007b24   0x08007b24   0x0000005c   Code   RO         7787    i.HAL_RCC_GetClockConfig  stm32h7xx_hal_rcc.o
    0x08007b80   0x08007b80   0x00000044   Code   RO         7788    i.HAL_RCC_GetHCLKFreq  stm32h7xx_hal_rcc.o
    0x08007bc4   0x08007bc4   0x00000024   Code   RO         7790    i.HAL_RCC_GetPCLK1Freq  stm32h7xx_hal_rcc.o
    0x08007be8   0x08007be8   0x00000024   Code   RO         7791    i.HAL_RCC_GetPCLK2Freq  stm32h7xx_hal_rcc.o
    0x08007c0c   0x08007c0c   0x00000138   Code   RO         7792    i.HAL_RCC_GetSysClockFreq  stm32h7xx_hal_rcc.o
    0x08007d44   0x08007d44   0x00000526   Code   RO         7795    i.HAL_RCC_OscConfig  stm32h7xx_hal_rcc.o
    0x0800826a   0x0800826a   0x00000002   PAD
    0x0800826c   0x0800826c   0x000000e0   Code   RO        11645    i.HAL_RNG_Init      stm32h7xx_hal_rng.o
    0x0800834c   0x0800834c   0x0000004c   Code   RO          828    i.HAL_RNG_MspInit   rng.o
    0x08008398   0x08008398   0x00000002   Code   RO        11783    i.HAL_SPI_ErrorCallback  stm32h7xx_hal_spi.o
    0x0800839a   0x0800839a   0x00000002   PAD
    0x0800839c   0x0800839c   0x00000224   Code   RO        11786    i.HAL_SPI_IRQHandler  stm32h7xx_hal_spi.o
    0x080085c0   0x080085c0   0x0000017c   Code   RO        11787    i.HAL_SPI_Init      stm32h7xx_hal_spi.o
    0x0800873c   0x0800873c   0x00000130   Code   RO          870    i.HAL_SPI_MspInit   spi.o
    0x0800886c   0x0800886c   0x00000002   Code   RO        11793    i.HAL_SPI_RxCpltCallback  stm32h7xx_hal_spi.o
    0x0800886e   0x0800886e   0x00000002   Code   RO        11795    i.HAL_SPI_SuspendCallback  stm32h7xx_hal_spi.o
    0x08008870   0x08008870   0x0000027c   Code   RO        11797    i.HAL_SPI_TransmitReceive  stm32h7xx_hal_spi.o
    0x08008aec   0x08008aec   0x00000002   Code   RO        11802    i.HAL_SPI_TxCpltCallback  stm32h7xx_hal_spi.o
    0x08008aee   0x08008aee   0x00000002   Code   RO        11804    i.HAL_SPI_TxRxCpltCallback  stm32h7xx_hal_spi.o
    0x08008af0   0x08008af0   0x00000002   Code   RO         6870    i.HAL_TIMEx_Break2Callback  stm32h7xx_hal_tim_ex.o
    0x08008af2   0x08008af2   0x00000002   Code   RO         6871    i.HAL_TIMEx_BreakCallback  stm32h7xx_hal_tim_ex.o
    0x08008af4   0x08008af4   0x00000002   Code   RO         6872    i.HAL_TIMEx_CommutCallback  stm32h7xx_hal_tim_ex.o
    0x08008af6   0x08008af6   0x00000002   PAD
    0x08008af8   0x08008af8   0x000000c4   Code   RO         6874    i.HAL_TIMEx_ConfigBreakDeadTime  stm32h7xx_hal_tim_ex.o
    0x08008bbc   0x08008bbc   0x000000b8   Code   RO         6893    i.HAL_TIMEx_MasterConfigSynchronization  stm32h7xx_hal_tim_ex.o
    0x08008c74   0x08008c74   0x00000062   Code   RO         6156    i.HAL_TIM_Base_Init  stm32h7xx_hal_tim.o
    0x08008cd6   0x08008cd6   0x00000002   PAD
    0x08008cd8   0x08008cd8   0x00000034   Code   RO          912    i.HAL_TIM_Base_MspInit  tim.o
    0x08008d0c   0x08008d0c   0x000000a0   Code   RO         6161    i.HAL_TIM_Base_Start_IT  stm32h7xx_hal_tim.o
    0x08008dac   0x08008dac   0x000000fc   Code   RO         6165    i.HAL_TIM_ConfigClockSource  stm32h7xx_hal_tim.o
    0x08008ea8   0x08008ea8   0x00000002   Code   RO         6190    i.HAL_TIM_IC_CaptureCallback  stm32h7xx_hal_tim.o
    0x08008eaa   0x08008eaa   0x00000182   Code   RO         6204    i.HAL_TIM_IRQHandler  stm32h7xx_hal_tim.o
    0x0800902c   0x0800902c   0x000000d0   Code   RO          913    i.HAL_TIM_MspPostInit  tim.o
    0x080090fc   0x080090fc   0x00000002   Code   RO         6207    i.HAL_TIM_OC_DelayElapsedCallback  stm32h7xx_hal_tim.o
    0x080090fe   0x080090fe   0x00000124   Code   RO         6228    i.HAL_TIM_PWM_ConfigChannel  stm32h7xx_hal_tim.o
    0x08009222   0x08009222   0x00000062   Code   RO         6231    i.HAL_TIM_PWM_Init  stm32h7xx_hal_tim.o
    0x08009284   0x08009284   0x00000040   Code   RO          915    i.HAL_TIM_PWM_MspInit  tim.o
    0x080092c4   0x080092c4   0x00000002   Code   RO         6234    i.HAL_TIM_PWM_PulseFinishedCallback  stm32h7xx_hal_tim.o
    0x080092c6   0x080092c6   0x00000002   PAD
    0x080092c8   0x080092c8   0x00000124   Code   RO         6236    i.HAL_TIM_PWM_Start  stm32h7xx_hal_tim.o
    0x080093ec   0x080093ec   0x00000014   Code   RO            5    i.HAL_TIM_PeriodElapsedCallback  main.o
    0x08009400   0x08009400   0x00000002   Code   RO         6247    i.HAL_TIM_TriggerCallback  stm32h7xx_hal_tim.o
    0x08009402   0x08009402   0x00000040   Code   RO        12525    i.HAL_UARTEx_DisableFifoMode  stm32h7xx_hal_uart_ex.o
    0x08009442   0x08009442   0x0000004a   Code   RO        12531    i.HAL_UARTEx_ReceiveToIdle_DMA  stm32h7xx_hal_uart_ex.o
    0x0800948c   0x0800948c   0x000000b8   Code   RO         4836    i.HAL_UARTEx_RxEventCallback  bsp_usart.o
    0x08009544   0x08009544   0x00000002   Code   RO        12533    i.HAL_UARTEx_RxFifoFullCallback  stm32h7xx_hal_uart_ex.o
    0x08009546   0x08009546   0x0000004c   Code   RO        12534    i.HAL_UARTEx_SetRxFifoThreshold  stm32h7xx_hal_uart_ex.o
    0x08009592   0x08009592   0x0000004c   Code   RO        12535    i.HAL_UARTEx_SetTxFifoThreshold  stm32h7xx_hal_uart_ex.o
    0x080095de   0x080095de   0x00000002   Code   RO        12537    i.HAL_UARTEx_TxFifoEmptyCallback  stm32h7xx_hal_uart_ex.o
    0x080095e0   0x080095e0   0x00000002   Code   RO        12538    i.HAL_UARTEx_WakeupCallback  stm32h7xx_hal_uart_ex.o
    0x080095e2   0x080095e2   0x00000002   PAD
    0x080095e4   0x080095e4   0x00000080   Code   RO         4837    i.HAL_UART_ErrorCallback  bsp_usart.o
    0x08009664   0x08009664   0x00000388   Code   RO        12133    i.HAL_UART_IRQHandler  stm32h7xx_hal_uart.o
    0x080099ec   0x080099ec   0x0000006a   Code   RO        12134    i.HAL_UART_Init     stm32h7xx_hal_uart.o
    0x08009a56   0x08009a56   0x00000002   PAD
    0x08009a58   0x08009a58   0x00000318   Code   RO          990    i.HAL_UART_MspInit  usart.o
    0x08009d70   0x08009d70   0x00000048   Code   RO        12139    i.HAL_UART_Receive_IT  stm32h7xx_hal_uart.o
    0x08009db8   0x08009db8   0x00000002   Code   RO        12141    i.HAL_UART_RxCpltCallback  stm32h7xx_hal_uart.o
    0x08009dba   0x08009dba   0x00000002   Code   RO        12142    i.HAL_UART_RxHalfCpltCallback  stm32h7xx_hal_uart.o
    0x08009dbc   0x08009dbc   0x000000b0   Code   RO        12143    i.HAL_UART_Transmit  stm32h7xx_hal_uart.o
    0x08009e6c   0x08009e6c   0x00000002   Code   RO         4838    i.HAL_UART_TxCpltCallback  bsp_usart.o
    0x08009e6e   0x08009e6e   0x00000002   PAD
    0x08009e70   0x08009e70   0x00000110   Code   RO         5803    i.H_K_R_Adjustment  kalman_filter.o
    0x08009f80   0x08009f80   0x00000006   Code   RO         1062    i.HardFault_Handler  stm32h7xx_it.o
    0x08009f86   0x08009f86   0x00000002   PAD
    0x08009f88   0x08009f88   0x000000a0   Code   RO         1280    i.IMU_TempCtrl      ins_task.o
    0x0800a028   0x0800a028   0x00000034   Code   RO         1281    i.INS_Init          ins_task.o
    0x0800a05c   0x0800a05c   0x00000288   Code   RO         1284    i.INS_task          ins_task.o
    0x0800a2e4   0x0800a2e4   0x00000078   Code   RO         3327    i.Initial_position_safety_check  multi-axis_robotic_arm.o
    0x0800a35c   0x0800a35c   0x00000038   Code   RO        14215    i.IntToUnicode      usbd_desc.o
    0x0800a394   0x0800a394   0x00000048   Code   RO         5805    i.Kalman_Filter_Measure  kalman_filter.o
    0x0800a3dc   0x0800a3dc   0x0000006a   Code   RO         5806    i.Kalman_Filter_P_Update  kalman_filter.o
    0x0800a446   0x0800a446   0x0000006c   Code   RO         5807    i.Kalman_Filter_PminusUpdate  kalman_filter.o
    0x0800a4b2   0x0800a4b2   0x000000ca   Code   RO         5808    i.Kalman_Filter_SetK  kalman_filter.o
    0x0800a57c   0x0800a57c   0x000000e8   Code   RO         5809    i.Kalman_Filter_Update  kalman_filter.o
    0x0800a664   0x0800a664   0x00000074   Code   RO         5810    i.Kalman_Filter_xhatMinusUpdate  kalman_filter.o
    0x0800a6d8   0x0800a6d8   0x00000084   Code   RO         5811    i.Kalman_Filter_xhatUpdate  kalman_filter.o
    0x0800a75c   0x0800a75c   0x0000000c   Code   RO        10213    i.LL_ADC_GetOffsetChannel  stm32h7xx_hal_adc.o
    0x0800a768   0x0800a768   0x00000008   Code   RO        10214    i.LL_ADC_INJ_IsConversionOngoing  stm32h7xx_hal_adc.o
    0x0800a770   0x0800a770   0x00000008   Code   RO        10215    i.LL_ADC_REG_IsConversionOngoing  stm32h7xx_hal_adc.o
    0x0800a778   0x0800a778   0x00000008   Code   RO        10446    i.LL_ADC_REG_IsConversionOngoing  stm32h7xx_hal_adc_ex.o
    0x0800a780   0x0800a780   0x00000010   Code   RO        10216    i.LL_ADC_REG_IsTriggerSourceSWStart  stm32h7xx_hal_adc.o
    0x0800a790   0x0800a790   0x0000001e   Code   RO        10218    i.LL_ADC_SetChannelSamplingTime  stm32h7xx_hal_adc.o
    0x0800a7ae   0x0800a7ae   0x00000002   PAD
    0x0800a7b0   0x0800a7b0   0x00000018   Code   RO        10219    i.LL_ADC_SetOffsetState  stm32h7xx_hal_adc.o
    0x0800a7c8   0x0800a7c8   0x000000c8   Code   RO         4582    i.MITFdbData        can_bsp.o
    0x0800a890   0x0800a890   0x00000094   Code   RO          612    i.MX_ADC1_Init      adc.o
    0x0800a924   0x0800a924   0x00000080   Code   RO          613    i.MX_ADC3_Init      adc.o
    0x0800a9a4   0x0800a9a4   0x00000030   Code   RO          666    i.MX_CRC_Init       crc.o
    0x0800a9d4   0x0800a9d4   0x0000008c   Code   RO          706    i.MX_DMA_Init       dma.o
    0x0800aa60   0x0800aa60   0x00000074   Code   RO          732    i.MX_FDCAN1_Init    fdcan.o
    0x0800aad4   0x0800aad4   0x00000074   Code   RO          733    i.MX_FDCAN2_Init    fdcan.o
    0x0800ab48   0x0800ab48   0x0000006c   Code   RO          734    i.MX_FDCAN3_Init    fdcan.o
    0x0800abb4   0x0800abb4   0x00000094   Code   RO          451    i.MX_FREERTOS_Init  freertos.o
    0x0800ac48   0x0800ac48   0x0000011c   Code   RO          423    i.MX_GPIO_Init      gpio.o
    0x0800ad64   0x0800ad64   0x00000074   Code   RO          787    i.MX_OCTOSPI2_Init  octospi.o
    0x0800add8   0x0800add8   0x00000028   Code   RO          829    i.MX_RNG_Init       rng.o
    0x0800ae00   0x0800ae00   0x00000064   Code   RO          871    i.MX_SPI2_Init      spi.o
    0x0800ae64   0x0800ae64   0x00000074   Code   RO          916    i.MX_TIM12_Init     tim.o
    0x0800aed8   0x0800aed8   0x000000d4   Code   RO          917    i.MX_TIM1_Init      tim.o
    0x0800afac   0x0800afac   0x000000a0   Code   RO          918    i.MX_TIM2_Init      tim.o
    0x0800b04c   0x0800b04c   0x00000074   Code   RO          919    i.MX_TIM3_Init      tim.o
    0x0800b0c0   0x0800b0c0   0x0000006c   Code   RO          991    i.MX_UART5_Init     usart.o
    0x0800b12c   0x0800b12c   0x00000068   Code   RO          992    i.MX_UART7_Init     usart.o
    0x0800b194   0x0800b194   0x00000068   Code   RO          993    i.MX_USART10_UART_Init  usart.o
    0x0800b1fc   0x0800b1fc   0x00000068   Code   RO          994    i.MX_USART1_UART_Init  usart.o
    0x0800b264   0x0800b264   0x00000054   Code   RO        14177    i.MX_USB_DEVICE_Init  usb_device.o
    0x0800b2b8   0x0800b2b8   0x00000002   Code   RO         1063    i.MemManage_Handler  stm32h7xx_it.o
    0x0800b2ba   0x0800b2ba   0x00000002   PAD
    0x0800b2bc   0x0800b2bc   0x0000000c   Code   RO         4585    i.Motor_enable      can_bsp.o
    0x0800b2c8   0x0800b2c8   0x00000002   Code   RO         1064    i.NMI_Handler       stm32h7xx_it.o
    0x0800b2ca   0x0800b2ca   0x00000002   PAD
    0x0800b2cc   0x0800b2cc   0x000000dc   Code   RO        11410    i.OSPIM_GetConfig   stm32h7xx_hal_ospi.o
    0x0800b3a8   0x0800b3a8   0x000001d4   Code   RO        11411    i.OSPI_ConfigCmd    stm32h7xx_hal_ospi.o
    0x0800b57c   0x0800b57c   0x0000006c   Code   RO         5144    i.OSPI_W25Qxx_AutoPollingMemReady  w25q64.o
    0x0800b5e8   0x0800b5e8   0x00000074   Code   RO         5150    i.OSPI_W25Qxx_ReadBuffer  w25q64.o
    0x0800b65c   0x0800b65c   0x00000048   Code   RO        11415    i.OSPI_WaitFlagStateUntilTimeout  stm32h7xx_hal_ospi.o
    0x0800b6a4   0x0800b6a4   0x0000000c   Code   RO         1065    i.OTG_HS_IRQHandler  stm32h7xx_it.o
    0x0800b6b0   0x0800b6b0   0x000000cc   Code   RO         7207    i.PCD_EP_OutXfrComplete_int  stm32h7xx_hal_pcd.o
    0x0800b77c   0x0800b77c   0x000000a2   Code   RO         7208    i.PCD_WriteEmptyTxFifo  stm32h7xx_hal_pcd.o
    0x0800b81e   0x0800b81e   0x00000002   PAD
    0x0800b820   0x0800b820   0x0000014c   Code   RO         6044    i.PID_Calc          pid.o
    0x0800b96c   0x0800b96c   0x00000040   Code   RO         6045    i.PID_clear         pid.o
    0x0800b9ac   0x0800b9ac   0x0000005c   Code   RO         6046    i.PID_init          pid.o
    0x0800ba08   0x0800ba08   0x00000044   Code   RO            6    i.PeriphCommonClock_Config  main.o
    0x0800ba4c   0x0800ba4c   0x00000120   Code   RO         7910    i.RCCEx_PLL2_Config  stm32h7xx_hal_rcc_ex.o
    0x0800bb6c   0x0800bb6c   0x00000120   Code   RO         7911    i.RCCEx_PLL3_Config  stm32h7xx_hal_rcc_ex.o
    0x0800bc8c   0x0800bc8c   0x000000ae   Code   RO         5666    i.RotationMatrix_update  mahony_filter.o
    0x0800bd3a   0x0800bd3a   0x00000002   PAD
    0x0800bd3c   0x0800bd3c   0x0000000c   Code   RO         1066    i.SPI2_IRQHandler   stm32h7xx_it.o
    0x0800bd48   0x0800bd48   0x000000bc   Code   RO        11807    i.SPI_CloseTransfer  stm32h7xx_hal_spi.o
    0x0800be04   0x0800be04   0x0000001a   Code   RO        11808    i.SPI_DMAAbortOnError  stm32h7xx_hal_spi.o
    0x0800be1e   0x0800be1e   0x00000002   PAD
    0x0800be20   0x0800be20   0x00000046   Code   RO        11824    i.SPI_WaitOnFlagUntilTimeout  stm32h7xx_hal_spi.o
    0x0800be66   0x0800be66   0x0000000a   Code   RO        14744    i.SWAPBYTE          usbd_ctlreq.o
    0x0800be70   0x0800be70   0x0000000c   Code   RO          452    i.StartDefaultTask  freertos.o
    0x0800be7c   0x0800be7c   0x0000002c   Code   RO        14098    i.SysTick_Handler   port.o
    0x0800bea8   0x0800bea8   0x00000098   Code   RO            7    i.SystemClock_Config  main.o
    0x0800bf40   0x0800bf40   0x000000c0   Code   RO        12905    i.SystemInit        system_stm32h7xx.o
    0x0800c000   0x0800c000   0x0000000c   Code   RO         1067    i.TIM6_DAC_IRQHandler  stm32h7xx_it.o
    0x0800c00c   0x0800c00c   0x000000d8   Code   RO         6249    i.TIM_Base_SetConfig  stm32h7xx_hal_tim.o
    0x0800c0e4   0x0800c0e4   0x0000001a   Code   RO         6250    i.TIM_CCxChannelCmd  stm32h7xx_hal_tim.o
    0x0800c0fe   0x0800c0fe   0x00000012   Code   RO         6260    i.TIM_ETR_SetConfig  stm32h7xx_hal_tim.o
    0x0800c110   0x0800c110   0x00000014   Code   RO         6261    i.TIM_ITRx_SetConfig  stm32h7xx_hal_tim.o
    0x0800c124   0x0800c124   0x000000a8   Code   RO         6262    i.TIM_OC1_SetConfig  stm32h7xx_hal_tim.o
    0x0800c1cc   0x0800c1cc   0x00000098   Code   RO         6263    i.TIM_OC2_SetConfig  stm32h7xx_hal_tim.o
    0x0800c264   0x0800c264   0x00000098   Code   RO         6264    i.TIM_OC3_SetConfig  stm32h7xx_hal_tim.o
    0x0800c2fc   0x0800c2fc   0x00000078   Code   RO         6265    i.TIM_OC4_SetConfig  stm32h7xx_hal_tim.o
    0x0800c374   0x0800c374   0x00000074   Code   RO         6266    i.TIM_OC5_SetConfig  stm32h7xx_hal_tim.o
    0x0800c3e8   0x0800c3e8   0x00000074   Code   RO         6267    i.TIM_OC6_SetConfig  stm32h7xx_hal_tim.o
    0x0800c45c   0x0800c45c   0x00000022   Code   RO         6269    i.TIM_TI1_ConfigInputStage  stm32h7xx_hal_tim.o
    0x0800c47e   0x0800c47e   0x00000024   Code   RO         6271    i.TIM_TI2_ConfigInputStage  stm32h7xx_hal_tim.o
    0x0800c4a2   0x0800c4a2   0x00000002   PAD
    0x0800c4a4   0x0800c4a4   0x0000000c   Code   RO         1068    i.UART5_IRQHandler  stm32h7xx_it.o
    0x0800c4b0   0x0800c4b0   0x0000000c   Code   RO         1069    i.UART7_IRQHandler  stm32h7xx_it.o
    0x0800c4bc   0x0800c4bc   0x00000044   Code   RO        12539    i.UARTEx_SetNbDataToProcess  stm32h7xx_hal_uart_ex.o
    0x0800c500   0x0800c500   0x000000c8   Code   RO        12148    i.UART_AdvFeatureConfig  stm32h7xx_hal_uart.o
    0x0800c5c8   0x0800c5c8   0x000000aa   Code   RO        12149    i.UART_CheckIdleState  stm32h7xx_hal_uart.o
    0x0800c672   0x0800c672   0x00000014   Code   RO        12150    i.UART_DMAAbortOnError  stm32h7xx_hal_uart.o
    0x0800c686   0x0800c686   0x0000004e   Code   RO        12151    i.UART_DMAError     stm32h7xx_hal_uart.o
    0x0800c6d4   0x0800c6d4   0x00000082   Code   RO        12152    i.UART_DMAReceiveCplt  stm32h7xx_hal_uart.o
    0x0800c756   0x0800c756   0x00000020   Code   RO        12154    i.UART_DMARxHalfCplt  stm32h7xx_hal_uart.o
    0x0800c776   0x0800c776   0x00000002   PAD
    0x0800c778   0x0800c778   0x00000054   Code   RO        12160    i.UART_EndRxTransfer  stm32h7xx_hal_uart.o
    0x0800c7cc   0x0800c7cc   0x0000002e   Code   RO        12161    i.UART_EndTxTransfer  stm32h7xx_hal_uart.o
    0x0800c7fa   0x0800c7fa   0x00000002   PAD
    0x0800c7fc   0x0800c7fc   0x000000c8   Code   RO        12162    i.UART_RxISR_16BIT  stm32h7xx_hal_uart.o
    0x0800c8c4   0x0800c8c4   0x000001a0   Code   RO        12163    i.UART_RxISR_16BIT_FIFOEN  stm32h7xx_hal_uart.o
    0x0800ca64   0x0800ca64   0x000000c8   Code   RO        12164    i.UART_RxISR_8BIT   stm32h7xx_hal_uart.o
    0x0800cb2c   0x0800cb2c   0x000001a0   Code   RO        12165    i.UART_RxISR_8BIT_FIFOEN  stm32h7xx_hal_uart.o
    0x0800cccc   0x0800cccc   0x000003dc   Code   RO        12166    i.UART_SetConfig    stm32h7xx_hal_uart.o
    0x0800d0a8   0x0800d0a8   0x000000a8   Code   RO        12167    i.UART_Start_Receive_DMA  stm32h7xx_hal_uart.o
    0x0800d150   0x0800d150   0x00000110   Code   RO        12168    i.UART_Start_Receive_IT  stm32h7xx_hal_uart.o
    0x0800d260   0x0800d260   0x0000008c   Code   RO        12173    i.UART_WaitOnFlagUntilTimeout  stm32h7xx_hal_uart.o
    0x0800d2ec   0x0800d2ec   0x00000030   Code   RO         2694    i.UI_set            ui.o
    0x0800d31c   0x0800d31c   0x00000020   Code   RO         2695    i.UI_task           ui.o
    0x0800d33c   0x0800d33c   0x00000024   Code   RO         2696    i.UI_update         ui.o
    0x0800d360   0x0800d360   0x00000020   Code   RO         1070    i.USART10_IRQHandler  stm32h7xx_it.o
    0x0800d380   0x0800d380   0x0000000c   Code   RO         1071    i.USART1_IRQHandler  stm32h7xx_it.o
    0x0800d38c   0x0800d38c   0x00000010   Code   RO         4840    i.USART1_Transmit   bsp_usart.o
    0x0800d39c   0x0800d39c   0x00000076   Code   RO        14885    i.USBD_CDC_DataIn   usbd_cdc.o
    0x0800d412   0x0800d412   0x0000003c   Code   RO        14886    i.USBD_CDC_DataOut  usbd_cdc.o
    0x0800d44e   0x0800d44e   0x00000002   PAD
    0x0800d450   0x0800d450   0x00000090   Code   RO        14887    i.USBD_CDC_DeInit   usbd_cdc.o
    0x0800d4e0   0x0800d4e0   0x00000036   Code   RO        14888    i.USBD_CDC_EP0_RxReady  usbd_cdc.o
    0x0800d516   0x0800d516   0x00000002   PAD
    0x0800d518   0x0800d518   0x0000000c   Code   RO        14889    i.USBD_CDC_GetDeviceQualifierDescriptor  usbd_cdc.o
    0x0800d524   0x0800d524   0x00000040   Code   RO        14890    i.USBD_CDC_GetFSCfgDesc  usbd_cdc.o
    0x0800d564   0x0800d564   0x00000040   Code   RO        14891    i.USBD_CDC_GetHSCfgDesc  usbd_cdc.o
    0x0800d5a4   0x0800d5a4   0x00000040   Code   RO        14892    i.USBD_CDC_GetOtherSpeedCfgDesc  usbd_cdc.o
    0x0800d5e4   0x0800d5e4   0x0000011c   Code   RO        14893    i.USBD_CDC_Init     usbd_cdc.o
    0x0800d700   0x0800d700   0x00000038   Code   RO        14894    i.USBD_CDC_ReceivePacket  usbd_cdc.o
    0x0800d738   0x0800d738   0x00000016   Code   RO        14895    i.USBD_CDC_RegisterInterface  usbd_cdc.o
    0x0800d74e   0x0800d74e   0x0000001a   Code   RO        14896    i.USBD_CDC_SetRxBuffer  usbd_cdc.o
    0x0800d768   0x0800d768   0x0000001e   Code   RO        14897    i.USBD_CDC_SetTxBuffer  usbd_cdc.o
    0x0800d786   0x0800d786   0x000000ce   Code   RO        14898    i.USBD_CDC_Setup    usbd_cdc.o
    0x0800d854   0x0800d854   0x00000050   Code   RO        14899    i.USBD_CDC_TransmitPacket  usbd_cdc.o
    0x0800d8a4   0x0800d8a4   0x00000014   Code   RO        14581    i.USBD_ClrClassConfig  usbd_core.o
    0x0800d8b8   0x0800d8b8   0x00000004   Code   RO        14582    i.USBD_CoreFindEP   usbd_core.o
    0x0800d8bc   0x0800d8bc   0x00000004   Code   RO        14583    i.USBD_CoreFindIF   usbd_core.o
    0x0800d8c0   0x0800d8c0   0x00000010   Code   RO        14821    i.USBD_CtlContinueRx  usbd_ioreq.o
    0x0800d8d0   0x0800d8d0   0x00000010   Code   RO        14822    i.USBD_CtlContinueSendData  usbd_ioreq.o
    0x0800d8e0   0x0800d8e0   0x00000016   Code   RO        14745    i.USBD_CtlError     usbd_ctlreq.o
    0x0800d8f6   0x0800d8f6   0x0000001e   Code   RO        14823    i.USBD_CtlPrepareRx  usbd_ioreq.o
    0x0800d914   0x0800d914   0x00000016   Code   RO        14824    i.USBD_CtlReceiveStatus  usbd_ioreq.o
    0x0800d92a   0x0800d92a   0x0000001a   Code   RO        14825    i.USBD_CtlSendData  usbd_ioreq.o
    0x0800d944   0x0800d944   0x00000016   Code   RO        14826    i.USBD_CtlSendStatus  usbd_ioreq.o
    0x0800d95a   0x0800d95a   0x000000fa   Code   RO        14746    i.USBD_GetDescriptor  usbd_ctlreq.o
    0x0800da54   0x0800da54   0x0000003a   Code   RO        14585    i.USBD_GetEpDesc    usbd_core.o
    0x0800da8e   0x0800da8e   0x0000000e   Code   RO        14586    i.USBD_GetNextDesc  usbd_core.o
    0x0800da9c   0x0800da9c   0x0000004a   Code   RO        14747    i.USBD_GetString    usbd_ctlreq.o
    0x0800dae6   0x0800dae6   0x00000018   Code   RO        14383    i.USBD_Get_USB_Status  usbd_conf.o
    0x0800dafe   0x0800dafe   0x00000002   PAD
    0x0800db00   0x0800db00   0x00000020   Code   RO        14216    i.USBD_HS_ConfigStrDescriptor  usbd_desc.o
    0x0800db20   0x0800db20   0x0000000c   Code   RO        14217    i.USBD_HS_DeviceDescriptor  usbd_desc.o
    0x0800db2c   0x0800db2c   0x00000024   Code   RO        14218    i.USBD_HS_InterfaceStrDescriptor  usbd_desc.o
    0x0800db50   0x0800db50   0x0000000c   Code   RO        14219    i.USBD_HS_LangIDStrDescriptor  usbd_desc.o
    0x0800db5c   0x0800db5c   0x00000028   Code   RO        14220    i.USBD_HS_ManufacturerStrDescriptor  usbd_desc.o
    0x0800db84   0x0800db84   0x0000002c   Code   RO        14221    i.USBD_HS_ProductStrDescriptor  usbd_desc.o
    0x0800dbb0   0x0800dbb0   0x0000003c   Code   RO        14222    i.USBD_HS_SerialStrDescriptor  usbd_desc.o
    0x0800dbec   0x0800dbec   0x00000026   Code   RO        14587    i.USBD_Init         usbd_core.o
    0x0800dc12   0x0800dc12   0x00000012   Code   RO        14384    i.USBD_LL_ClearStallEP  usbd_conf.o
    0x0800dc24   0x0800dc24   0x00000012   Code   RO        14385    i.USBD_LL_CloseEP   usbd_conf.o
    0x0800dc36   0x0800dc36   0x000000b8   Code   RO        14588    i.USBD_LL_DataInStage  usbd_core.o
    0x0800dcee   0x0800dcee   0x00000090   Code   RO        14589    i.USBD_LL_DataOutStage  usbd_core.o
    0x0800dd7e   0x0800dd7e   0x00000004   Code   RO        14590    i.USBD_LL_DevConnected  usbd_core.o
    0x0800dd82   0x0800dd82   0x00000020   Code   RO        14591    i.USBD_LL_DevDisconnected  usbd_core.o
    0x0800dda2   0x0800dda2   0x00000008   Code   RO        14389    i.USBD_LL_GetRxDataSize  usbd_conf.o
    0x0800ddaa   0x0800ddaa   0x00000002   PAD
    0x0800ddac   0x0800ddac   0x00000068   Code   RO        14390    i.USBD_LL_Init      usbd_conf.o
    0x0800de14   0x0800de14   0x00000020   Code   RO        14391    i.USBD_LL_IsStallEP  usbd_conf.o
    0x0800de34   0x0800de34   0x00000028   Code   RO        14592    i.USBD_LL_IsoINIncomplete  usbd_core.o
    0x0800de5c   0x0800de5c   0x00000028   Code   RO        14593    i.USBD_LL_IsoOUTIncomplete  usbd_core.o
    0x0800de84   0x0800de84   0x00000018   Code   RO        14392    i.USBD_LL_OpenEP    usbd_conf.o
    0x0800de9c   0x0800de9c   0x00000012   Code   RO        14393    i.USBD_LL_PrepareReceive  usbd_conf.o
    0x0800deae   0x0800deae   0x0000005e   Code   RO        14594    i.USBD_LL_Reset     usbd_core.o
    0x0800df0c   0x0800df0c   0x00000014   Code   RO        14595    i.USBD_LL_Resume    usbd_core.o
    0x0800df20   0x0800df20   0x0000001a   Code   RO        14596    i.USBD_LL_SOF       usbd_core.o
    0x0800df3a   0x0800df3a   0x00000006   Code   RO        14597    i.USBD_LL_SetSpeed  usbd_core.o
    0x0800df40   0x0800df40   0x00000012   Code   RO        14394    i.USBD_LL_SetUSBAddress  usbd_conf.o
    0x0800df52   0x0800df52   0x00000060   Code   RO        14598    i.USBD_LL_SetupStage  usbd_core.o
    0x0800dfb2   0x0800dfb2   0x00000012   Code   RO        14395    i.USBD_LL_StallEP   usbd_conf.o
    0x0800dfc4   0x0800dfc4   0x00000012   Code   RO        14396    i.USBD_LL_Start     usbd_conf.o
    0x0800dfd6   0x0800dfd6   0x0000001a   Code   RO        14599    i.USBD_LL_Suspend   usbd_core.o
    0x0800dff0   0x0800dff0   0x00000012   Code   RO        14398    i.USBD_LL_Transmit  usbd_conf.o
    0x0800e002   0x0800e002   0x0000002a   Code   RO        14748    i.USBD_ParseSetupRequest  usbd_ctlreq.o
    0x0800e02c   0x0800e02c   0x0000003a   Code   RO        14600    i.USBD_RegisterClass  usbd_core.o
    0x0800e066   0x0800e066   0x00000014   Code   RO        14602    i.USBD_SetClassConfig  usbd_core.o
    0x0800e07a   0x0800e07a   0x00000002   PAD
    0x0800e07c   0x0800e07c   0x000000bc   Code   RO        14749    i.USBD_SetConfig    usbd_ctlreq.o
    0x0800e138   0x0800e138   0x00000004   Code   RO        14603    i.USBD_Start        usbd_core.o
    0x0800e13c   0x0800e13c   0x0000012e   Code   RO        14750    i.USBD_StdDevReq    usbd_ctlreq.o
    0x0800e26a   0x0800e26a   0x00000164   Code   RO        14751    i.USBD_StdEPReq     usbd_ctlreq.o
    0x0800e3ce   0x0800e3ce   0x00000074   Code   RO        14752    i.USBD_StdItfReq    usbd_ctlreq.o
    0x0800e442   0x0800e442   0x00000002   Code   RO        14399    i.USBD_static_free  usbd_conf.o
    0x0800e444   0x0800e444   0x00000008   Code   RO        14400    i.USBD_static_malloc  usbd_conf.o
    0x0800e44c   0x0800e44c   0x00000080   Code   RO         7478    i.USB_ActivateEndpoint  stm32h7xx_ll_usb.o
    0x0800e4cc   0x0800e4cc   0x0000001c   Code   RO         7480    i.USB_ActivateSetup  stm32h7xx_ll_usb.o
    0x0800e4e8   0x0800e4e8   0x00000088   Code   RO         7482    i.USB_CoreInit      stm32h7xx_ll_usb.o
    0x0800e570   0x0800e570   0x00000040   Code   RO         7483    i.USB_CoreReset     stm32h7xx_ll_usb.o
    0x0800e5b0   0x0800e5b0   0x000000cc   Code   RO         7486    i.USB_DeactivateEndpoint  stm32h7xx_ll_usb.o
    0x0800e67c   0x0800e67c   0x0000001c   Code   RO         7487    i.USB_DevConnect    stm32h7xx_ll_usb.o
    0x0800e698   0x0800e698   0x0000001c   Code   RO         7488    i.USB_DevDisconnect  stm32h7xx_ll_usb.o
    0x0800e6b4   0x0800e6b4   0x00000178   Code   RO         7489    i.USB_DevInit       stm32h7xx_ll_usb.o
    0x0800e82c   0x0800e82c   0x0000000c   Code   RO         7490    i.USB_DisableGlobalInt  stm32h7xx_ll_usb.o
    0x0800e838   0x0800e838   0x00000058   Code   RO         7493    i.USB_EP0_OutStart  stm32h7xx_ll_usb.o
    0x0800e890   0x0800e890   0x00000058   Code   RO         7494    i.USB_EPClearStall  stm32h7xx_ll_usb.o
    0x0800e8e8   0x0800e8e8   0x00000058   Code   RO         7495    i.USB_EPSetStall    stm32h7xx_ll_usb.o
    0x0800e940   0x0800e940   0x00000238   Code   RO         7496    i.USB_EPStartXfer   stm32h7xx_ll_usb.o
    0x0800eb78   0x0800eb78   0x0000009e   Code   RO         7497    i.USB_EPStopXfer    stm32h7xx_ll_usb.o
    0x0800ec16   0x0800ec16   0x0000000c   Code   RO         7498    i.USB_EnableGlobalInt  stm32h7xx_ll_usb.o
    0x0800ec22   0x0800ec22   0x00000002   PAD
    0x0800ec24   0x0800ec24   0x0000003c   Code   RO         7499    i.USB_FlushRxFifo   stm32h7xx_ll_usb.o
    0x0800ec60   0x0800ec60   0x00000040   Code   RO         7500    i.USB_FlushTxFifo   stm32h7xx_ll_usb.o
    0x0800eca0   0x0800eca0   0x0000001a   Code   RO         7502    i.USB_GetDevSpeed   stm32h7xx_ll_usb.o
    0x0800ecba   0x0800ecba   0x00000008   Code   RO         7504    i.USB_GetMode       stm32h7xx_ll_usb.o
    0x0800ecc2   0x0800ecc2   0x0000000e   Code   RO         7512    i.USB_ReadDevAllInEpInterrupt  stm32h7xx_ll_usb.o
    0x0800ecd0   0x0800ecd0   0x0000000e   Code   RO         7513    i.USB_ReadDevAllOutEpInterrupt  stm32h7xx_ll_usb.o
    0x0800ecde   0x0800ecde   0x00000024   Code   RO         7514    i.USB_ReadDevInEPInterrupt  stm32h7xx_ll_usb.o
    0x0800ed02   0x0800ed02   0x00000010   Code   RO         7515    i.USB_ReadDevOutEPInterrupt  stm32h7xx_ll_usb.o
    0x0800ed12   0x0800ed12   0x00000008   Code   RO         7516    i.USB_ReadInterrupts  stm32h7xx_ll_usb.o
    0x0800ed1a   0x0800ed1a   0x00000040   Code   RO         7517    i.USB_ReadPacket    stm32h7xx_ll_usb.o
    0x0800ed5a   0x0800ed5a   0x0000005e   Code   RO         7519    i.USB_SetCurrentMode  stm32h7xx_ll_usb.o
    0x0800edb8   0x0800edb8   0x00000022   Code   RO         7520    i.USB_SetDevAddress  stm32h7xx_ll_usb.o
    0x0800edda   0x0800edda   0x00000002   PAD
    0x0800eddc   0x0800eddc   0x000000e8   Code   RO         7522    i.USB_SetTurnaroundTime  stm32h7xx_ll_usb.o
    0x0800eec4   0x0800eec4   0x00000028   Code   RO         7525    i.USB_WritePacket   stm32h7xx_ll_usb.o
    0x0800eeec   0x0800eeec   0x00000054   Code   RO         3328    i.Unpack_CustomController_Frame_Simple  multi-axis_robotic_arm.o
    0x0800ef40   0x0800ef40   0x00000002   Code   RO         1072    i.UsageFault_Handler  stm32h7xx_it.o
    0x0800ef42   0x0800ef42   0x00000026   Code   RO        15589    i.__ARM_fpclassifyf  m_wv.l(fpclassifyf.o)
    0x0800ef68   0x0800ef68   0x00000022   Code   RO         9116    i.__NVIC_SetPriority  stm32h7xx_hal_cortex.o
    0x0800ef8a   0x0800ef8a   0x00000002   PAD
    0x0800ef8c   0x0800ef8c   0x00000138   Code   RO        15178    i.__hardfp_asinf    m_wv.l(asinf.o)
    0x0800f0c4   0x0800f0c4   0x00000258   Code   RO        15190    i.__hardfp_atan2f   m_wv.l(atan2f.o)
    0x0800f31c   0x0800f31c   0x00000150   Code   RO        15202    i.__hardfp_cosf     m_wv.l(cosf.o)
    0x0800f46c   0x0800f46c   0x00000194   Code   RO        15226    i.__hardfp_sinf     m_wv.l(sinf.o)
    0x0800f600   0x0800f600   0x00000066   Code   RO        15238    i.__hardfp_sqrt     m_wv.l(sqrt.o)
    0x0800f666   0x0800f666   0x0000003a   Code   RO        15250    i.__hardfp_sqrtf    m_wv.l(sqrtf.o)
    0x0800f6a0   0x0800f6a0   0x00000006   Code   RO        15592    i.__mathlib_flt_infnan  m_wv.l(funder.o)
    0x0800f6a6   0x0800f6a6   0x00000006   Code   RO        15593    i.__mathlib_flt_infnan2  m_wv.l(funder.o)
    0x0800f6ac   0x0800f6ac   0x00000010   Code   RO        15594    i.__mathlib_flt_invalid  m_wv.l(funder.o)
    0x0800f6bc   0x0800f6bc   0x00000010   Code   RO        15597    i.__mathlib_flt_underflow  m_wv.l(funder.o)
    0x0800f6cc   0x0800f6cc   0x00000154   Code   RO        15610    i.__mathlib_rredf2  m_wv.l(rredf.o)
    0x0800f820   0x0800f820   0x0000000e   Code   RO        15680    i.__scatterload_copy  mc_w.l(handlers.o)
    0x0800f82e   0x0800f82e   0x00000002   Code   RO        15681    i.__scatterload_null  mc_w.l(handlers.o)
    0x0800f830   0x0800f830   0x0000000e   Code   RO        15682    i.__scatterload_zeroinit  mc_w.l(handlers.o)
    0x0800f83e   0x0800f83e   0x00000002   PAD
    0x0800f840   0x0800f840   0x0000000c   Code   RO        15644    i.__set_errno       mc_w.l(errno.o)
    0x0800f84c   0x0800f84c   0x0000001e   Code   RO         5888    i.abs_limit         user_lib.o
    0x0800f86a   0x0800f86a   0x00000002   PAD
    0x0800f86c   0x0800f86c   0x0000025c   Code   RO         3329    i.arm_update_control  multi-axis_robotic_arm.o
    0x0800fac8   0x0800fac8   0x00000128   Code   RO        12650    i.bmi088_accel_init  bmi088driver.o
    0x0800fbf0   0x0800fbf0   0x000000fc   Code   RO        12651    i.bmi088_gyro_init  bmi088driver.o
    0x0800fcec   0x0800fcec   0x00000010   Code   RO         5002    i.buzzer_off        bsp_buzzer.o
    0x0800fcfc   0x0800fcfc   0x00000010   Code   RO         5003    i.buzzer_on         bsp_buzzer.o
    0x0800fd0c   0x0800fd0c   0x00000028   Code   RO         3576    i.calc_crc16        ui_interface.o
    0x0800fd34   0x0800fd34   0x0000001c   Code   RO         3577    i.calc_crc8         ui_interface.o
    0x0800fd50   0x0800fd50   0x00000080   Code   RO         2402    i.cali_data_read    calibrate_task.o
    0x0800fdd0   0x0800fdd0   0x00000046   Code   RO         2404    i.cali_gimbal_hook  calibrate_task.o
    0x0800fe16   0x0800fe16   0x00000002   PAD
    0x0800fe18   0x0800fe18   0x0000003c   Code   RO         2405    i.cali_head_hook    calibrate_task.o
    0x0800fe54   0x0800fe54   0x0000007c   Code   RO         2406    i.cali_param_init   calibrate_task.o
    0x0800fed0   0x0800fed0   0x00000070   Code   RO         4589    i.canx_send_data    can_bsp.o
    0x0800ff40   0x0800ff40   0x000000c4   Code   RO         1975    i.chassis_behaviour_control_set  chassis_behaviour.o
    0x08010004   0x08010004   0x0000006c   Code   RO         1976    i.chassis_behaviour_mode_set  chassis_behaviour.o
    0x08010070   0x08010070   0x000001b0   Code   RO         3145    i.chassis_control_loop  mecanum_chassis.o
    0x08010220   0x08010220   0x00000088   Code   RO         1977    i.chassis_engineer_follow_chassis_yaw_control  chassis_behaviour.o
    0x080102a8   0x080102a8   0x0000010c   Code   RO         3146    i.chassis_feedback_update  mecanum_chassis.o
    0x080103b4   0x080103b4   0x000000c4   Code   RO         1978    i.chassis_infantry_follow_gimbal_yaw_control  chassis_behaviour.o
    0x08010478   0x08010478   0x000000dc   Code   RO         3147    i.chassis_init      mecanum_chassis.o
    0x08010554   0x08010554   0x00000054   Code   RO         3148    i.chassis_mode_change_control_transit  mecanum_chassis.o
    0x080105a8   0x080105a8   0x0000007c   Code   RO         1979    i.chassis_no_follow_yaw_control  chassis_behaviour.o
    0x08010624   0x08010624   0x00000154   Code   RO         1943    i.chassis_power_control  chassis_power_control.o
    0x08010778   0x08010778   0x00000110   Code   RO         1980    i.chassis_rc_to_control_vector  chassis_behaviour.o
    0x08010888   0x08010888   0x0000001c   Code   RO         3149    i.chassis_send_cmd  mecanum_chassis.o
    0x080108a4   0x080108a4   0x00000180   Code   RO         3150    i.chassis_set_contorl  mecanum_chassis.o
    0x08010a24   0x08010a24   0x0000000a   Code   RO         3151    i.chassis_set_mode  mecanum_chassis.o
    0x08010a2e   0x08010a2e   0x00000002   PAD
    0x08010a30   0x08010a30   0x00000078   Code   RO         1901    i.chassis_task      chassis_task.o
    0x08010aa8   0x08010aa8   0x000000c4   Code   RO         4844    i.chassis_to_gimbal  bsp_usart.o
    0x08010b6c   0x08010b6c   0x00000048   Code   RO         3152    i.chassis_vector_to_mecanum_wheel_speed  mecanum_chassis.o
    0x08010bb4   0x08010bb4   0x00000020   Code   RO         3330    i.clampf            multi-axis_robotic_arm.o
    0x08010bd4   0x08010bd4   0x00000002   Code   RO         3331    i.cmd_cali_gimbal_hook  multi-axis_robotic_arm.o
    0x08010bd6   0x08010bd6   0x00000002   PAD
    0x08010bd8   0x08010bd8   0x000001bc   Code   RO         2815    i.compute_transforms  engineer.o
    0x08010d94   0x08010d94   0x00000008   Code   RO         3848    i.crc16_ccitt       uproto.o
    0x08010d9c   0x08010d9c   0x00000006   Code   RO         3153    i.fabsf             mecanum_chassis.o
    0x08010da2   0x08010da2   0x00000006   Code   RO        12652    i.fabsf             bmi088driver.o
    0x08010da8   0x08010da8   0x0000002c   Code   RO         5355    i.fifo_s_get        fifo.o
    0x08010dd4   0x08010dd4   0x00000018   Code   RO         5358    i.fifo_s_init       fifo.o
    0x08010dec   0x08010dec   0x00000004   Code   RO         5366    i.fifo_s_used       fifo.o
    0x08010df0   0x08010df0   0x0000003c   Code   RO         5889    i.first_order_filter_cali  user_lib.o
    0x08010e2c   0x08010e2c   0x00000012   Code   RO         5890    i.first_order_filter_init  user_lib.o
    0x08010e3e   0x08010e3e   0x00000002   PAD
    0x08010e40   0x08010e40   0x00000054   Code   RO         4956    i.flash_read        bsp_flash.o
    0x08010e94   0x08010e94   0x00000028   Code   RO         4590    i.float_to_uint     can_bsp.o
    0x08010ebc   0x08010ebc   0x00000020   Code   RO         5894    i.fp32_constrain    user_lib.o
    0x08010edc   0x08010edc   0x00000002   Code   RO         3506    i.fric1_on          shoot_none.o
    0x08010ede   0x08010ede   0x00000002   Code   RO         3507    i.fric2_on          shoot_none.o
    0x08010ee0   0x08010ee0   0x00000002   Code   RO         3508    i.fric_off          shoot_none.o
    0x08010ee2   0x08010ee2   0x00000002   PAD
    0x08010ee4   0x08010ee4   0x0000002c   Code   RO         5556    i.get_CRC16_check_sum  crc8_crc16.o
    0x08010f10   0x08010f10   0x0000001c   Code   RO         5557    i.get_CRC8_check_sum  crc8_crc16.o
    0x08010f2c   0x08010f2c   0x00000008   Code   RO         1285    i.get_INS_angle_point  ins_task.o
    0x08010f34   0x08010f34   0x0000004c   Code   RO         2697    i.get_cap_volt      ui.o
    0x08010f80   0x08010f80   0x00000010   Code   RO         4591    i.get_chassis_motor_measure_point  can_bsp.o
    0x08010f90   0x08010f90   0x00000028   Code   RO         1713    i.get_chassis_power_and_buffer  referee.o
    0x08010fb8   0x08010fb8   0x00000008   Code   RO         1290    i.get_gyro_data_point  ins_task.o
    0x08010fc0   0x08010fc0   0x0000000c   Code   RO         4596    i.get_mit_motor_measure_point  can_bsp.o
    0x08010fcc   0x08010fcc   0x0000001c   Code   RO         4597    i.get_motor_measure  can_bsp.o
    0x08010fe8   0x08010fe8   0x00000008   Code   RO         2139    i.get_pitch_motor_point  gimbal_task.o
    0x08010ff0   0x08010ff0   0x00000008   Code   RO         1649    i.get_remote_control_point  remote_control.o
    0x08010ff8   0x08010ff8   0x0000000c   Code   RO         1714    i.get_robot_id      referee.o
    0x08011004   0x08011004   0x00000058   Code   RO          614    i.get_temprate      adc.o
    0x0801105c   0x0801105c   0x00000008   Code   RO         2140    i.get_yaw_motor_point  gimbal_task.o
    0x08011064   0x08011064   0x000000ac   Code   RO         2141    i.gimbal_PID_Calc   gimbal_task.o
    0x08011110   0x08011110   0x00000002   Code   RO         3332    i.gimbal_control_loop  multi-axis_robotic_arm.o
    0x08011112   0x08011112   0x00000002   PAD
    0x08011114   0x08011114   0x0000016c   Code   RO         3333    i.gimbal_feedback_update  multi-axis_robotic_arm.o
    0x08011280   0x08011280   0x00000140   Code   RO         3334    i.gimbal_init       multi-axis_robotic_arm.o
    0x080113c0   0x080113c0   0x00000080   Code   RO         3335    i.gimbal_mode_change_control_transit  multi-axis_robotic_arm.o
    0x08011440   0x08011440   0x000000cc   Code   RO         2145    i.gimbal_motor_absolute_angle_control  gimbal_task.o
    0x0801150c   0x0801150c   0x00000228   Code   RO         3336    i.gimbal_send_cmd   multi-axis_robotic_arm.o
    0x08011734   0x08011734   0x000001e4   Code   RO         3337    i.gimbal_set_control  multi-axis_robotic_arm.o
    0x08011918   0x08011918   0x00000048   Code   RO         3338    i.gimbal_set_mode   multi-axis_robotic_arm.o
    0x08011960   0x08011960   0x000000b8   Code   RO         3339    i.gra_theta_calcu   multi-axis_robotic_arm.o
    0x08011a18   0x08011a18   0x00000220   Code   RO         2816    i.gravity_compensation  engineer.o
    0x08011c38   0x08011c38   0x000000e4   Code   RO         1717    i.init_referee_data  referee.o
    0x08011d1c   0x08011d1c   0x00000048   Code   RO         5897    i.loop_float_constrain  user_lib.o
    0x08011d64   0x08011d64   0x00000024   Code   RO         5667    i.mahony_calibrate_gyro_bias  mahony_filter.o
    0x08011d88   0x08011d88   0x00000040   Code   RO         5668    i.mahony_init       mahony_filter.o
    0x08011dc8   0x08011dc8   0x00000008   Code   RO         5669    i.mahony_input      mahony_filter.o
    0x08011dd0   0x08011dd0   0x00000036   Code   RO         5670    i.mahony_output     mahony_filter.o
    0x08011e06   0x08011e06   0x000001aa   Code   RO         5671    i.mahony_update     mahony_filter.o
    0x08011fb0   0x08011fb0   0x00000148   Code   RO            8    i.main              main.o
    0x080120f8   0x080120f8   0x0000000e   Code   RO        13663    i.makeFreeRtosPriority  cmsis_os.o
    0x08012106   0x08012106   0x00000010   Code   RO         1839    i.message_task      message_task.o
    0x08012116   0x08012116   0x00000002   PAD
    0x08012118   0x08012118   0x00000218   Code   RO         3154    i.observer          mecanum_chassis.o
    0x08012330   0x08012330   0x0000000e   Code   RO        13665    i.osDelay           cmsis_os.o
    0x0801233e   0x0801233e   0x0000000a   Code   RO        13668    i.osKernelStart     cmsis_os.o
    0x08012348   0x08012348   0x0000002e   Code   RO        13702    i.osThreadCreate    cmsis_os.o
    0x08012376   0x08012376   0x00000002   PAD
    0x08012378   0x08012378   0x00000118   Code   RO         4846    i.parse_data        bsp_usart.o
    0x08012490   0x08012490   0x00000012   Code   RO         4111    i.platform_memcpy   platform_stm32.o
    0x080124a2   0x080124a2   0x00000030   Code   RO         4112    i.platform_memmove  platform_stm32.o
    0x080124d2   0x080124d2   0x00000012   Code   RO         4113    i.platform_memset   platform_stm32.o
    0x080124e4   0x080124e4   0x00000048   Code   RO            9    i.proto_init_from_main  main.o
    0x0801252c   0x0801252c   0x00000004   Code   RO           10    i.proto_time_now    main.o
    0x08012530   0x08012530   0x00000070   Code   RO        13351    i.prvAddCurrentTaskToDelayedList  tasks.o
    0x080125a0   0x080125a0   0x000000d0   Code   RO        13352    i.prvAddNewTaskToReadyList  tasks.o
    0x08012670   0x08012670   0x00000014   Code   RO        13353    i.prvDeleteTCB      tasks.o
    0x08012684   0x08012684   0x00000050   Code   RO        14030    i.prvHeapInit       heap_4.o
    0x080126d4   0x080126d4   0x00000060   Code   RO        13354    i.prvIdleTask       tasks.o
    0x08012734   0x08012734   0x0000009a   Code   RO        13355    i.prvInitialiseNewTask  tasks.o
    0x080127ce   0x080127ce   0x00000002   PAD
    0x080127d0   0x080127d0   0x0000004c   Code   RO        14031    i.prvInsertBlockIntoFreeList  heap_4.o
    0x0801281c   0x0801281c   0x00000020   Code   RO        13356    i.prvResetNextTaskUnblockTime  tasks.o
    0x0801283c   0x0801283c   0x00000028   Code   RO        14099    i.prvTaskExitError  port.o
    0x08012864   0x08012864   0x000000dc   Code   RO        14032    i.pvPortMalloc      heap_4.o
    0x08012940   0x08012940   0x00000030   Code   RO        14100    i.pxPortInitialiseStack  port.o
    0x08012970   0x08012970   0x00000234   Code   RO         1718    i.referee_handle_data  referee.o
    0x08012ba4   0x08012ba4   0x000000f4   Code   RO         1784    i.referee_unpack_fifo_data  referee_usart_task.o
    0x08012c98   0x08012c98   0x00000024   Code   RO         1785    i.referee_usart_task  referee_usart_task.o
    0x08012cbc   0x08012cbc   0x0000009a   Code   RO         1651    i.sbus_to_rc        remote_control.o
    0x08012d56   0x08012d56   0x00000002   Code   RO         3340    i.set_cali_gimbal_hook  multi-axis_robotic_arm.o
    0x08012d58   0x08012d58   0x00000002   Code   RO         3509    i.shoot_bullet_control  shoot_none.o
    0x08012d5a   0x08012d5a   0x00000002   Code   RO         3510    i.shoot_feedback_update  shoot_none.o
    0x08012d5c   0x08012d5c   0x00000002   Code   RO         3511    i.shoot_init        shoot_none.o
    0x08012d5e   0x08012d5e   0x00000002   Code   RO         3512    i.shoot_set_mode    shoot_none.o
    0x08012d60   0x08012d60   0x0000003e   Code   RO        15252    i.sqrtf             m_wv.l(sqrtf.o)
    0x08012d9e   0x08012d9e   0x00000002   PAD
    0x08012da0   0x08012da0   0x00000018   Code   RO         2531    i.toe_is_error      detect_task.o
    0x08012db8   0x08012db8   0x00000002   Code   RO         3513    i.trigger_motor_turn_back  shoot_none.o
    0x08012dba   0x08012dba   0x00000002   PAD
    0x08012dbc   0x08012dbc   0x00000138   Code   RO         3662    i.ui_init_g         ui_g.o
    0x08012ef4   0x08012ef4   0x00000050   Code   RO         3580    i.ui_proc_1_frame   ui_interface.o
    0x08012f44   0x08012f44   0x00000054   Code   RO         3581    i.ui_proc_2_frame   ui_interface.o
    0x08012f98   0x08012f98   0x00000054   Code   RO         3582    i.ui_proc_5_frame   ui_interface.o
    0x08012fec   0x08012fec   0x00000054   Code   RO         3583    i.ui_proc_7_frame   ui_interface.o
    0x08013040   0x08013040   0x00000060   Code   RO         3585    i.ui_proc_string_frame  ui_interface.o
    0x080130a0   0x080130a0   0x000001cc   Code   RO         3586    i.ui_scan_and_send  ui_interface.o
    0x0801326c   0x0801326c   0x00000060   Code   RO         3663    i.ui_update_g       ui_g.o
    0x080132cc   0x080132cc   0x00000028   Code   RO         4601    i.uint_to_float     can_bsp.o
    0x080132f4   0x080132f4   0x00000020   Code   RO         3849    i.uproto_complete_transaction  uproto.o
    0x08013314   0x08013314   0x0000008e   Code   RO         3850    i.uproto_decode_frame  uproto.o
    0x080133a2   0x080133a2   0x00000092   Code   RO         3851    i.uproto_encode_frame  uproto.o
    0x08013434   0x08013434   0x00000030   Code   RO         3852    i.uproto_find_transaction  uproto.o
    0x08013464   0x08013464   0x0000000c   Code   RO         3853    i.uproto_fire_event  uproto.o
    0x08013470   0x08013470   0x00000134   Code   RO         3855    i.uproto_handle_frame  uproto.o
    0x080135a4   0x080135a4   0x0000005c   Code   RO         3856    i.uproto_init       uproto.o
    0x08013600   0x08013600   0x0000000c   Code   RO         3858    i.uproto_now        uproto.o
    0x0801360c   0x0801360c   0x00000040   Code   RO         3859    i.uproto_on_rx_bytes  uproto.o
    0x0801364c   0x0801364c   0x000000dc   Code   RO         3860    i.uproto_process_rx_buffer  uproto.o
    0x08013728   0x08013728   0x0000005e   Code   RO         3862    i.uproto_send_frame  uproto.o
    0x08013786   0x08013786   0x00000002   Code   RO         4181    i.usb_cdc_port_flush  usb_cdc_port.o
    0x08013788   0x08013788   0x00000006   Code   RO         4182    i.usb_cdc_port_get_mtu  usb_cdc_port.o
    0x0801378e   0x0801378e   0x00000002   PAD
    0x08013790   0x08013790   0x00000024   Code   RO         4183    i.usb_cdc_port_get_ops  usb_cdc_port.o
    0x080137b4   0x080137b4   0x00000030   Code   RO         4186    i.usb_cdc_port_write  usb_cdc_port.o
    0x080137e4   0x080137e4   0x00000026   Code   RO        13027    i.uxListRemove      list.o
    0x0801380a   0x0801380a   0x00000016   Code   RO        13028    i.vListInitialise   list.o
    0x08013820   0x08013820   0x00000006   Code   RO        13029    i.vListInitialiseItem  list.o
    0x08013826   0x08013826   0x00000030   Code   RO        13030    i.vListInsert       list.o
    0x08013856   0x08013856   0x00000018   Code   RO        13031    i.vListInsertEnd    list.o
    0x0801386e   0x0801386e   0x00000002   PAD
    0x08013870   0x08013870   0x00000040   Code   RO        14102    i.vPortEnterCritical  port.o
    0x080138b0   0x080138b0   0x00000028   Code   RO        14103    i.vPortExitCritical  port.o
    0x080138d8   0x080138d8   0x00000064   Code   RO        14033    i.vPortFree         heap_4.o
    0x0801393c   0x0801393c   0x00000024   Code   RO        14104    i.vPortSetupTimerInterrupt  port.o
    0x08013960   0x08013960   0x0000004c   Code   RO        13365    i.vTaskDelay        tasks.o
    0x080139ac   0x080139ac   0x00000068   Code   RO        13378    i.vTaskStartScheduler  tasks.o
    0x08013a14   0x08013a14   0x00000010   Code   RO        13380    i.vTaskSuspendAll   tasks.o
    0x08013a24   0x08013a24   0x0000005c   Code   RO        13381    i.vTaskSwitchContext  tasks.o
    0x08013a80   0x08013a80   0x0000003c   Code   RO         5558    i.verify_CRC16_check_sum  crc8_crc16.o
    0x08013abc   0x08013abc   0x00000026   Code   RO         5559    i.verify_CRC8_check_sum  crc8_crc16.o
    0x08013ae2   0x08013ae2   0x00000008   Code   RO         3868    i.write_u16_le      uproto.o
    0x08013aea   0x08013aea   0x00000002   PAD
    0x08013aec   0x08013aec   0x000000f4   Code   RO        14106    i.xPortStartScheduler  port.o
    0x08013be0   0x08013be0   0x00000056   Code   RO        13384    i.xTaskCreate       tasks.o
    0x08013c36   0x08013c36   0x00000002   PAD
    0x08013c38   0x08013c38   0x000000cc   Code   RO        13391    i.xTaskIncrementTick  tasks.o
    0x08013d04   0x08013d04   0x000000c4   Code   RO        13397    i.xTaskResumeAll    tasks.o
    0x08013dc8   0x08013dc8   0x0000003c   Code   RO         2637    i.xvEstimateKF_Update  observer.o
    0x08013e04   0x08013e04   0x00000008   Data   RO           12    .constdata          main.o
    0x08013e0c   0x08013e0c   0x00000078   Data   RO          456    .constdata          freertos.o
    0x08013e84   0x08013e84   0x000000d0   Data   RO         2817    .constdata          engineer.o
    0x08013f54   0x08013f54   0x00000030   Data   RO         3156    .constdata          mecanum_chassis.o
    0x08013f84   0x08013f84   0x00000060   Data   RO         3344    .constdata          multi-axis_robotic_arm.o
    0x08013fe4   0x08013fe4   0x00000300   Data   RO         3588    .constdata          ui_interface.o
    0x080142e4   0x080142e4   0x00000300   Data   RO         5561    .constdata          crc8_crc16.o
    0x080145e4   0x080145e4   0x00000008   Data   RO         8419    .constdata          stm32h7xx_hal_dma.o
    0x080145ec   0x080145ec   0x0000005c   Data   RO        10856    .constdata          stm32h7xx_hal_fdcan.o
    0x08014648   0x08014648   0x00000018   Data   RO        12174    .constdata          stm32h7xx_hal_uart.o
    0x08014660   0x08014660   0x00000010   Data   RO        12540    .constdata          stm32h7xx_hal_uart_ex.o
    0x08014670   0x08014670   0x00000010   Data   RO        12906    .constdata          system_stm32h7xx.o
    0x08014680   0x08014680   0x00000020   Data   RO        15611    .constdata          m_wv.l(rredf.o)
    0x080146a0   0x080146a0   0x00000034   Data   RO          457    .conststring        freertos.o
    0x080146d4   0x080146d4   0x00000804   Data   RO        15158    .rodata.sinTable_f32  arm_cortexM7lfdp_math.lib(arm_common_tables.o)
    0x08014ed8   0x08014ed8   0x00000020   Data   RO        15678    Region$$Table       anon$$obj.o


    Execution Region RW_IRAM1 (Exec base: 0x20000000, Load base: 0x08014ef8, Size: 0x00000000, Max: 0x00020000, ABSOLUTE)

    **** No section assigned to this execution region ****


    Execution Region RW_IRAM2 (Exec base: 0x24000000, Load base: 0x08014ef8, Size: 0x0000df50, Max: 0x00050000, ABSOLUTE, COMPRESSED[0x000001e0])

    Exec Addr    Load Addr    Size         Type   Attr      Idx    E Section Name        Object

    0x24000000   COMPRESSED   0x00000004   Data   RW           14    .data               main.o
    0x24000004   COMPRESSED   0x00000018   Data   RW          459    .data               freertos.o
    0x2400001c   COMPRESSED   0x00000004   Data   RW          736    .data               fdcan.o
    0x24000020   COMPRESSED   0x0000002c   Data   RW         1294    .data               ins_task.o
    0x2400004c   COMPRESSED   0x00000046   Data   RW         1720    .data               referee.o
    0x24000092   COMPRESSED   0x00000002   PAD
    0x24000094   COMPRESSED   0x00000010   Data   RW         1944    .data               chassis_power_control.o
    0x240000a4   COMPRESSED   0x00000010   Data   RW         1981    .data               chassis_behaviour.o
    0x240000b4   COMPRESSED   0x00000014   Data   RW         2160    .data               gimbal_task.o
    0x240000c8   COMPRESSED   0x00000030   Data   RW         2413    .data               calibrate_task.o
    0x240000f8   COMPRESSED   0x00000004   Data   RW         2619    .data               robot_param.o
    0x240000fc   COMPRESSED   0x00000004   Data   RW         2620    .data               robot_param.o
    0x24000100   COMPRESSED   0x00000048   Data   RW         2641    .data               observer.o
    0x24000148   COMPRESSED   0x00000010   Data   RW         2702    .data               ui.o
    0x24000158   COMPRESSED   0x00000018   Data   RW         2818    .data               engineer.o
    0x24000170   COMPRESSED   0x00000008   Data   RW         3157    .data               mecanum_chassis.o
    0x24000178   COMPRESSED   0x000000c8   Data   RW         3345    .data               multi-axis_robotic_arm.o
    0x24000240   COMPRESSED   0x00000008   Data   RW         3589    .data               ui_interface.o
    0x24000248   COMPRESSED   0x00000002   Data   RW         3665    .data               ui_g.o
    0x2400024a   COMPRESSED   0x00000006   PAD
    0x24000250   COMPRESSED   0x00000040   Data   RW         4501    .data               bsp_dwt.o
    0x24000290   COMPRESSED   0x00000058   Data   RW         4603    .data               can_bsp.o
    0x240002e8   COMPRESSED   0x00000001   Data   RW         4858    .data               bsp_usart.o
    0x240002e9   COMPRESSED   0x00000003   PAD
    0x240002ec   COMPRESSED   0x00000038   Data   RW         4859    .data               bsp_usart.o
    0x24000324   COMPRESSED   0x00000002   Data   RW         5562    .data               crc8_crc16.o
    0x24000326   COMPRESSED   0x00000002   PAD
    0x24000328   COMPRESSED   0x00000004   Data   RW         5673    .data               mahony_filter.o
    0x2400032c   COMPRESSED   0x00000004   Data   RW         5812    .data               kalman_filter.o
    0x24000330   COMPRESSED   0x0000000c   Data   RW         9292    .data               stm32h7xx_hal.o
    0x2400033c   COMPRESSED   0x00000048   Data   RW        12654    .data               bmi088driver.o
    0x24000384   COMPRESSED   0x00000004   Data   RW        12736    .data               bmi088middleware.o
    0x24000388   COMPRESSED   0x00000008   Data   RW        12907    .data               system_stm32h7xx.o
    0x24000390   COMPRESSED   0x0000003c   Data   RW        13400    .data               tasks.o
    0x240003cc   COMPRESSED   0x00000020   Data   RW        14039    .data               heap_4.o
    0x240003ec   COMPRESSED   0x0000000c   Data   RW        14107    .data               port.o
    0x240003f8   COMPRESSED   0x00000020   Data   RW        14225    .data               usbd_desc.o
    0x24000418   COMPRESSED   0x0000003e   Data   RW        14226    .data               usbd_desc.o
    0x24000456   COMPRESSED   0x00000002   PAD
    0x24000458   COMPRESSED   0x00000014   Data   RW        14309    .data               usbd_cdc_if.o
    0x2400046c   COMPRESSED   0x00000001   Data   RW        14753    .data               usbd_ctlreq.o
    0x2400046d   COMPRESSED   0x00000003   PAD
    0x24000470   COMPRESSED   0x00000053   Data   RW        14900    .data               usbd_cdc.o
    0x240004c3   COMPRESSED   0x00000001   PAD
    0x240004c4   COMPRESSED   0x00000038   Data   RW        14901    .data               usbd_cdc.o
    0x240004fc   COMPRESSED   0x00000004   Data   RW        15645    .data               mc_w.l(errno.o)
    0x24000500        -       0x00000cc4   Zero   RW           11    .bss                main.o
    0x240011c4        -       0x00000158   Zero   RW          615    .bss                adc.o
    0x2400131c        -       0x00000024   Zero   RW          667    .bss                crc.o
    0x24001340        -       0x000001e0   Zero   RW          735    .bss                fdcan.o
    0x24001520        -       0x0000005c   Zero   RW          788    .bss                octospi.o
    0x2400157c        -       0x00000014   Zero   RW          830    .bss                rng.o
    0x24001590        -       0x00000178   Zero   RW          872    .bss                spi.o
    0x24001708        -       0x00000130   Zero   RW          920    .bss                tim.o
    0x24001838        -       0x00000430   Zero   RW          995    .bss                usart.o
    0x24001c68        -       0x0000004c   Zero   RW         1242    .bss                stm32h7xx_hal_timebase_tim.o
    0x24001cb4        -       0x0000014c   Zero   RW         1293    .bss                ins_task.o
    0x24001e00        -       0x0000002e   Zero   RW         1653    .bss                remote_control.o
    0x24001e2e        -       0x000001e9   Zero   RW         1719    .bss                referee.o
    0x24002017   COMPRESSED   0x00000001   PAD
    0x24002018        -       0x000000c6   Zero   RW         1786    .bss                referee_usart_task.o
    0x240020de   COMPRESSED   0x00000002   PAD
    0x240020e0        -       0x00000260   Zero   RW         1902    .bss                chassis_task.o
    0x24002340        -       0x000005e0   Zero   RW         2152    .bss                gimbal_task.o
    0x24002920        -       0x00000014   Zero   RW         2410    .bss                calibrate_task.o
    0x24002934        -       0x00000086   Zero   RW         2411    .bss                calibrate_task.o
    0x240029ba        -       0x0000021c   Zero   RW         2532    .bss                detect_task.o
    0x24002bd6   COMPRESSED   0x00000002   PAD
    0x24002bd8        -       0x00000010   Zero   RW         3155    .bss                mecanum_chassis.o
    0x24002be8        -       0x000000b0   Zero   RW         3341    .bss                multi-axis_robotic_arm.o
    0x24002c98        -       0x0000016a   Zero   RW         3587    .bss                ui_interface.o
    0x24002e02        -       0x0000003c   Zero   RW         3664    .bss                ui_g.o
    0x24002e3e   COMPRESSED   0x00000002   PAD
    0x24002e40        -       0x000003d8   Zero   RW         4602    .bss                can_bsp.o
    0x24003218        -       0x000008d7   Zero   RW         4849    .bss                bsp_usart.o
    0x24003aef        -       0x00000400   Zero   RW         4850    .bss                bsp_usart.o
    0x24003eef   COMPRESSED   0x00000001   PAD
    0x24003ef0        -       0x00000018   Zero   RW         4852    .bss                bsp_usart.o
    0x24003f08        -       0x00000200   Zero   RW         4854    .bss                bsp_usart.o
    0x24004108        -       0x00000100   Zero   RW         4958    .bss                bsp_flash.o
    0x24004208        -       0x0000004c   Zero   RW        12653    .bss                bmi088driver.o
    0x24004254        -       0x000000f0   Zero   RW        13399    .bss                tasks.o
    0x24004344        -       0x00007800   Zero   RW        14038    .bss                heap_4.o
    0x2400bb44        -       0x000002dc   Zero   RW        14178    .bss                usb_device.o
    0x2400be20        -       0x00000200   Zero   RW        14224    .bss                usbd_desc.o
    0x2400c020        -       0x00001000   Zero   RW        14305    .bss                usbd_cdc_if.o
    0x2400d020        -       0x0000072c   Zero   RW        14401    .bss                usbd_conf.o
    0x2400d74c   COMPRESSED   0x00000004   PAD
    0x2400d750        -       0x00000800   Zero   RW         6144    STACK               startup_stm32h723xx.o


==============================================================================

Image component sizes


      Code (inc. data)   RO Data    RW Data    ZI Data      Debug   Object Name

       580         74          0          0        344       3671   adc.o
      2564        132          0         72         76      12396   bmi088driver.o
       100         30          0          4          0       3668   bmi088middleware.o
        32         10          0          0          0       1081   bsp_buzzer.o
       452         68          0         64          0       5114   bsp_dwt.o
        84          6          0          0        256       1627   bsp_flash.o
       806         90          0         57       3823       8912   bsp_usart.o
       382         20          0         48        154       9913   calibrate_task.o
      1424        152          0         88        984      14606   can_bsp.o
      1032        104          0         16          0       8085   chassis_behaviour.o
       340         52          0         16          0       2024   chassis_power_control.o
       120          6          0          0        608       2676   chassis_task.o
        84          0          0          0          0      13441   cmsis_os.o
        88         18          0          0         36       1863   crc.o
       170         16        768          2          0       4131   crc8_crc16.o
        24          6          0          0        540       1400   detect_task.o
       140          4          0          0          0       1050   dma.o
       988         38        208         24          0     932187   engineer.o
         0          0          0          0          0       5292   event_groups.o
       656         58          0          4        480       3773   fdcan.o
        72          0          0          0          0       9111   fifo.o
       160          8        172         24          0       7332   freertos.o
       392         50          0         20       1504       8626   gimbal_task.o
       284         16          0          0          0       2181   gpio.o
       476         24          0         32      30720       7891   heap_4.o
         0          0          0          0          0      20846   infantry_robot.o
      1296        114          0         44        332      14405   ins_task.o
      1240         14          0          4          0       9014   kalman_filter.o
       138          0          0          0          0       3986   list.o
       762         26          0          4          0       7174   mahony_filter.o
       648         80          8          4       3268    1377790   main.o
      2040        142         48          8         16      10768   mecanum_chassis.o
        16          0          0          0          0       2374   message_task.o
      2950        224         96        200        176      16910   multi-axis_robotic_arm.o
        60          6          0         72          0       2069   observer.o
       452         36          0          0         92       2391   octospi.o
       488         20          0          0          0       3430   pid.o
        84          0          0          0          0       3207   platform_stm32.o
       706         74          0         12          0      11676   port.o
       844         48          0         70        489      10417   referee.o
       280         22          0          0        198       3375   referee_usart_task.o
       162          4          0          0         46       4706   remote_control.o
       116         18          0          0         20       1963   rng.o
         0          0          0          8          0        309   robot_param.o
         0          0          0          0          0     935995   shoot.o
        16          0          0          0          0       4920   shoot_none.o
       404         36          0          0        376       2355   spi.o
        36          8        716          0       2048        840   startup_stm32h723xx.o
       156         32          0         12          0      23350   stm32h7xx_hal.o
      3434        240          0          0          0      85899   stm32h7xx_hal_adc.o
       460         32          0          0          0      68917   stm32h7xx_hal_adc_ex.o
       196         22          0          0          0      39753   stm32h7xx_hal_cortex.o
       120          6          0          0          0       1391   stm32h7xx_hal_crc.o
        84          0          0          0          0       1503   stm32h7xx_hal_crc_ex.o
      5980        242          8          0          0      12618   stm32h7xx_hal_dma.o
      2846         48         92          0          0      23280   stm32h7xx_hal_fdcan.o
       550         44          0          0          0       2468   stm32h7xx_hal_gpio.o
        36          4          0          0          0       1054   stm32h7xx_hal_msp.o
      2578         48          0          0          0      11174   stm32h7xx_hal_ospi.o
      2682         16          0          0          0      14664   stm32h7xx_hal_pcd.o
       120          6          0          0          0       3559   stm32h7xx_hal_pcd_ex.o
       100         10          0          0          0       1462   stm32h7xx_hal_pwr_ex.o
      2466        110          0          0          0       8261   stm32h7xx_hal_rcc.o
      4618        168          0          0          0      10951   stm32h7xx_hal_rcc_ex.o
       224          8          0          0          0       1547   stm32h7xx_hal_rng.o
      1858         18          0          0          0      10641   stm32h7xx_hal_spi.o
      2760        300          0          0          0      19480   stm32h7xx_hal_tim.o
       386         46          0          0          0       4572   stm32h7xx_hal_tim_ex.o
       140         20          0          0         76       1763   stm32h7xx_hal_timebase_tim.o
      4822        214         24          0          0      41935   stm32h7xx_hal_uart.o
       364          6         16          0          0       6889   stm32h7xx_hal_uart_ex.o
       240        104          0          0          0      12090   stm32h7xx_it.o
      2716        134          0          0          0      24828   stm32h7xx_ll_usb.o
       192         34         16          8          0       1650   system_stm32h7xx.o
      1396        110          0         60        240      18874   tasks.o
       928         80          0          0        304       6031   tim.o
       192         36          0         16          0       3504   ui.o
       408         16          0          2         60       6692   ui_g.o
       956         38        768          8        362      11983   ui_interface.o
      1186         34          0          0          0      15095   uproto.o
      1212         96          0          0       1072       5163   usart.o
        92         18          0          0          0       3359   usb_cdc_port.o
        84         18          0          0        732        908   usb_device.o
      1284         40          0        139          0      15553   usbd_cdc.o
       136         26          0         20       4096       9660   usbd_cdc_if.o
       620         24          0          0       1836      18360   usbd_conf.o
       932          0          0          0          0      16735   usbd_core.o
      1360         22          0          1          0      15760   usbd_ctlreq.o
       292        106          0         94        512       6933   usbd_desc.o
       132          0          0          0          0       5028   usbd_ioreq.o
       212          0          0          0          0       6728   user_lib.o
       224         12          0          0          0       2156   w25q64.o

    ----------------------------------------------------------------------
     76070       4442       2972       1276      55888    4127192   Object Totals
         0          0         32          0          0          0   (incl. Generated)
       108          0          0         19         12          0   (incl. Padding)

    ----------------------------------------------------------------------

      Code (inc. data)   RO Data    RW Data    ZI Data      Debug   Library Member Name

         0          0       2052          0          0       4961   arm_common_tables.o
       144         12          0          0          0       1111   arm_cos_f32.o
       190          0          0          0          0       1836   arm_mat_add_f32.o
       716          4          0          0          0       3547   arm_mat_inverse_f32.o
       304          4          0          0          0       2362   arm_mat_mult_f32.o
       190          0          0          0          0       1834   arm_mat_sub_f32.o
       180          0          0          0          0       1862   arm_mat_trans_f32.o
       140         12          0          0          0       1098   arm_sin_f32.o
       312         54          0          0          0        176   asinf.o
       600         98          0          0          0        184   atan2f.o
       336         60          0          0          0        136   cosf.o
        38          0          0          0          0        116   fpclassifyf.o
        44         12          0          0          0        464   funder.o
       340         24         32          0          0        160   rredf.o
       404         60          0          0          0        212   sinf.o
       102          0          0          0          0        140   sqrt.o
       120          0          0          0          0        272   sqrtf.o
        86          0          0          0          0          0   __dczerorl2.o
         0          0          0          0          0          0   entry.o
         0          0          0          0          0          0   entry10a.o
         0          0          0          0          0          0   entry11a.o
         8          4          0          0          0          0   entry2.o
         4          0          0          0          0          0   entry5.o
         0          0          0          0          0          0   entry7b.o
         0          0          0          0          0          0   entry8b.o
         8          4          0          0          0          0   entry9a.o
        12          6          0          4          0         68   errno.o
        30          0          0          0          0          0   handlers.o
        36          8          0          0          0         68   init.o
         0          0          0          0          0          0   iusefp.o
        30          0          0          0          0         68   llshl.o
        32          0          0          0          0         68   llushr.o
        26          0          0          0          0         80   memcmp.o
        36          0          0          0          0         68   memcpya.o
        36          0          0          0          0        108   memseta.o
        14          0          0          0          0         68   strlen.o
        98          0          0          0          0         92   uldiv.o

    ----------------------------------------------------------------------
      4626        362       2084          4          0      21159   Library Totals
        10          0          0          0          0          0   (incl. Padding)

    ----------------------------------------------------------------------

      Code (inc. data)   RO Data    RW Data    ZI Data      Debug   Library Name

      1864         32       2052          0          0      18611   arm_cortexM7lfdp_math.lib
      2296        308         32          0          0       1860   m_wv.l
       456         22          0          4          0        688   mc_w.l

    ----------------------------------------------------------------------
      4626        362       2084          4          0      21159   Library Totals

    ----------------------------------------------------------------------

==============================================================================


      Code (inc. data)   RO Data    RW Data    ZI Data      Debug   

     80696       4804       5056       1280      55888    4091731   Grand Totals
     80696       4804       5056        480      55888    4091731   ELF Image Totals (compressed)
     80696       4804       5056        480          0          0   ROM Totals

==============================================================================

    Total RO  Size (Code + RO Data)                85752 (  83.74kB)
    Total RW  Size (RW Data + ZI Data)             57168 (  55.83kB)
    Total ROM Size (Code + RO Data + RW Data)      86232 (  84.21kB)

==============================================================================

