<html>
<body>
<pre>
<h1>礦ision Build Log</h1>
<h2>Tool Versions:</h2>
IDE-Version: μVision V5.40.0.0
Copyright (C) 2024 ARM Ltd and ARM Germany GmbH. All rights reserved.
License Information: huang yan, A, LIC=YA39H-WBB3W-WFAI7-EIPGA-63JT5-NEMTH
 
Tool Versions:
Toolchain:       MDK-ARM Plus  Version: 5.40.0.3
Toolchain Path:  D:\Keil5\ARM\ARMCC\Bin
C Compiler:      Armcc.exe V5.06 update 5 (build 528)
Assembler:       Armasm.exe V5.06 update 5 (build 528)
Linker/Locator:  ArmLink.exe V5.06 update 5 (build 528)
Library Manager: ArmAr.exe V5.06 update 5 (build 528)
Hex Converter:   FromElf.exe V5.06 update 5 (build 528)
CPU DLL:         SARMCM3.DLL V5.40.0.3
Dialog DLL:      DCM.DLL V1.17.5.0
Target DLL:      CMSIS_AGDI.dll V1.33.18.0
Dialog DLL:      TCM.DLL V1.56.4.0
 
<h2>Project:</h2>
C:\Users\huang\Desktop\RM\工程\工程代码备份\底盘用\DM-balanceV1.2 - 上重补\MDK-ARM\CtrlBoard-H7_IMU.uvprojx
Project File Date:  03/23/2026

<h2>Output:</h2>
*** Using Compiler 'V5.06 update 5 (build 528)', folder: 'D:\Keil5\ARM\ARMCC\Bin'
Build target 'CtrlBoard-H7_IMU'
compiling bsp_usart.c...
..\User\Bsp\bsp_usart.c(27): warning:  #177-D: variable "gimbal_data"  was declared but never referenced
  static uint8_t gimbal_data[USART_RX_BUF_LENGHT]={0};
..\User\Bsp\bsp_usart.c: 1 warning, 0 errors
compiling Multi-axis_robotic_arm.c...
..\User\gimbal\Multi-axis_robotic_arm.c(718): warning:  #1035-D: single-precision operand implicitly converted to double-precision
  			set_control->multi_arm_cmd[1][2] = tauqe_calculated[1] * 
AR_GAIN1;
..\User\gimbal\Multi-axis_robotic_arm.c(719): warning:  #1035-D: single-precision operand implicitly converted to double-precision
  			set_control->multi_arm_cmd[2][2] = tauqe_calculated[2] * 
AR_GAIN2;
..\User\gimbal\Multi-axis_robotic_arm.c(742): warning:  #1035-D: single-precision operand implicitly converted to double-precision
  				set_control->multi_arm_cmd[1][2] = tauqe_calculated[1] * 
AR_GAIN1;
..\User\gimbal\Multi-axis_robotic_arm.c(743): warning:  #1035-D: single-precision operand implicitly converted to double-precision
  				set_control->multi_arm_cmd[2][2] = tauqe_calculated[2] * 
AR_GAIN2;
..\User\gimbal\Multi-axis_robotic_arm.c(765): warning:  #1035-D: single-precision operand implicitly converted to double-precision
  			set_control->multi_arm_cmd[1][2] = tauqe_calculated[1] * 
AR_GAIN1;
..\User\gimbal\Multi-axis_robotic_arm.c(766): warning:  #1035-D: single-precision operand implicitly converted to double-precision
  			set_control->multi_arm_cmd[2][2] = tauqe_calculated[2] * 
AR_GAIN2;
..\User\gimbal\Multi-axis_robotic_arm.c(785): warning:  #1035-D: single-precision operand implicitly converted to double-precision
          set_control->multi_arm_cmd[1][2] = tauqe_calculated[1] * 
AR_GAIN1;
..\User\gimbal\Multi-axis_robotic_arm.c(786): warning:  #1035-D: single-precision operand implicitly converted to double-precision
          set_control->multi_arm_cmd[2][2] = tauqe_calculated[2] * 
AR_GAIN2;
..\User\gimbal\Multi-axis_robotic_arm.c(929): warning:  #940-D: missing return statement at end of non-void function "cmd_cali_gimbal_hook" 
  }
..\User\gimbal\Multi-axis_robotic_arm.c(1157): warning:  #177-D: variable "data_length"  was declared but never referenced
      uint16_t data_length = (data[2] << 8) | data[1];
..\User\gimbal\Multi-axis_robotic_arm.c: 10 warnings, 0 errors
linking...
Program Size: Code=90764 RO-data=4748 RW-data=1240 ZI-data=57384  
FromELF: creating hex file...
"CtrlBoard-H7_IMU\CtrlBoard-H7_IMU.axf" - 0 Error(s), 11 Warning(s).

<h2>Software Packages used:</h2>

Package Vendor: ARM
                https://www.keil.com/pack/ARM.CMSIS.6.1.0.pack
                ARM::CMSIS@6.1.0
                CMSIS (Common Microcontroller Software Interface Standard)
   * Component: CORE Version: 6.1.0

Package Vendor: Keil
                https://www.keil.com/pack/Keil.STM32H7xx_DFP.4.0.0.pack
                Keil::STM32H7xx_DFP@4.0.0
                STMicroelectronics STM32H7 Series Device Support

<h2>Collection of Component include folders:</h2>
  ./RTE/_CtrlBoard-H7_IMU
  D:/Keil5/ARM/PACK/ARM/CMSIS/6.1.0/CMSIS/Core/Include

<h2>Collection of Component Files used:</h2>

   * Component: ARM::CMSIS:CORE@6.1.0
Build Time Elapsed:  00:00:12
</pre>
</body>
</html>
